Microchip MPLAB XC8 Compiler V2.10 ()

Linker command line:

-W-3 --edf=C:\Program Files (x86)\Microchip\xc8\v2.10\pic\dat\en_msgs.txt \
  -cs -h+dist/default/production\iluminacion.X.production.sym \
  --cmf=dist/default/production\iluminacion.X.production.cmf -z -Q18F4550 \
  -oC:\Users\DIEGOM~1\AppData\Local\Temp\s93c.2 --defsym=__MPLAB_BUILD=1 \
  -Mdist/default/production/iluminacion.X.production.map -E1 -ver=XC8 \
  --acfsm=1493 -ASTACK=02A4h-07FFh -pstack=STACK -ACODE=00h-07FFFh \
  -ACONST=00h-07FFFh -ASMALLCONST=0800h-08FFhx120 \
  -AMEDIUMCONST=0800h-07FFFh -ACOMRAM=01h-05Fh -AABS1=00h-07FFh \
  -ABIGRAM=01h-07FFh -ARAM=060h-0FFh,0100h-01FFhx7 -ABANK0=060h-0FFh \
  -ABANK1=0100h-01FFh -ABANK2=0200h-02FFh -ABANK3=0300h-03FFh \
  -ABANK4=0400h-04FFh -ABANK5=0500h-05FFh -ABANK6=0600h-06FFh \
  -ABANK7=0700h-07FFh -ASFR=0F60h-0FFFh \
  -preset_vec=00h,intcode=08h,intcodelo,powerup,init -pramtop=0800h \
  -psmallconst=SMALLCONST -pmediumconst=MEDIUMCONST -pconst=CONST \
  -AFARRAM=00h-00h -ACONFIG=0300000h-030000Dh -pconfig=CONFIG \
  -AIDLOC=0200000h-0200007h -pidloc=IDLOC -AEEDATA=0F00000h-0F000FFh \
  -peeprom_data=EEDATA \
  -prdata=COMRAM,nvrram=COMRAM,nvbit=COMRAM,rbss=COMRAM,rbit=COMRAM \
  -pfarbss=FARRAM,fardata=FARRAM,nvFARRAM=FARRAM \
  -pintsave_regs=BIGRAM,bigbss=BIGRAM,bigdata=BIGRAM -pbss=RAM \
  -pidata=CODE,irdata=CODE,ibigdata=CODE,ifardata=CODE -prparam=COMRAM \
  C:\Users\DIEGOM~1\AppData\Local\Temp\s93c.o \
  dist/default/production\iluminacion.X.production.o 

Object code version is 3.11

Machine type is 18F4550

Call graph: (short form)




                Name                               Link     Load   Length Selector   Space Scale
C:\Users\DIEGOM~1\AppData\Local\Temp\s93c.o
                init                                  E        E        4        4       0
                reset_vec                             0        0        4        0       0
                idloc                            200000   200000        8   200000       0
                config                           300000   300000        E   300000       0
dist/default/production\iluminacion.X.production.o
                intcode                               8        8        6        4       0
                temp                                 5F       5F        1        1       1
                mediumconst                        7C88     7C88      378     3E44       0
                intcode_body                       3738     3738       62        4       0
                text70                             2C7E     2C7E      10C        4       0
                text69                             35FC     35FC       70        4       0
                text68                             3D28     3D28       26        4       0
                text67                             3E3E     3E3E        8     1F09       0
                text66                             3E22     3E22        C     1F09       0
                text65                             3E36     3E36        8     1F09       0
                text64                             3DA6     3DA6       18        4       0
                text63                             3DEA     3DEA       16        4       0
                text62                             399A     399A       50        4       0
                text61                             3DD4     3DD4       16        4       0
                text60                             3D02     3D02       26        4       0
                text59                              F04      F04      39A        4       0
                text58                              ADA      ADA      42A        4       0
                text57                             2D8A     2D8A      106        4       0
                text56                             1C82     1C82      1B4        4       0
                text55                             366C     366C       6A        4       0
                text54                             3498     3498       7A        4       0
                text53                             1ACE     1ACE      1B4        4       0
                text52                             2150     2150      18A        4       0
                text51                             3ABC     3ABC       40        4       0
                text50                             189E     189E      230        4       0
                text49                             3D4E     3D4E       20        4       0
                text48                             3D8C     3D8C       1A        4       0
                text47                             3E2E     3E2E        8     1F09       0
                text46                             3CD8     3CD8       2A        4       0
                text45                             3E12     3E12       10     1F09       0
                text44                             3CAC     3CAC       2C        4       0
                text43                             3C7E     3C7E       2E        4       0
                text42                             30E4     30E4       BC        4       0
                text41                             39EA     39EA       4E        4       0
                text40                             3394     3394       84        4       0
                text39                             3512     3512       78        4       0
                text38                             1FC6     1FC6      18A        4       0
                text37                             3C4E     3C4E       30        4       0
                text36                             28BA     28BA      156        4       0
                text35                             3852     3852       54        4       0
                text34                             3DBE     3DBE       16        4       0
                text33                               12       12      5B8        4       0
                text32                             2A10     2A10      144        4       0
                text31                             2B54     2B54      12A        4       0
                text30                             379A     379A       5E        4       0
                text29                             3A7C     3A7C       40        4       0
                text28                             3BAE     3BAE       38        4       0
                text27                             38F8     38F8       52        4       0
                text26                             1E36     1E36      190        4       0
                text25                             22DA     22DA      188        4       0
                text24                             2756     2756      164        4       0
                text23                             3E46     3E46        2     1F09       0
                text22                             2E90     2E90       CA        4       0
                text21                             3A38     3A38       44        4       0
                text20                             3BE6     3BE6       36        4       0
                text19                             2F5A     2F5A       C6        4       0
                text18                             15BA     15BA      2E4        4       0
                text17                             2462     2462      186        4       0
                text16                              5CA      5CA      510        4       0
                text15                             36D6     36D6       62        4       0
                text14                             38A6     38A6       52        4       0
                text13                             129E     129E      31C        4       0
                text12                             3020     3020       C4        4       0
                text11                             3254     3254       B0        4       0
                text10                             3D6E     3D6E       1E        4       0
                text9                              358A     358A       72        4       0
                text8                              3B76     3B76       38        4       0
                text7                              3AFC     3AFC       3E        4       0
                text6                              3B3A     3B3A       3C        4       0
                text5                              25E8     25E8      16E        4       0
                text4                              394A     394A       50        4       0
                text3                              3C1C     3C1C       32        4       0
                text2                              3418     3418       80        4       0
                text1                              31A0     31A0       B4        4       0
                text0                              3304     3304       90        4       0
                cstackCOMRAM                          1        1       5E        1       1
                cstackBANK0                          60       60       46       60       1
                bssBIGRAM                           184      184      120      184       1
                bssBANK1                            100      100       84      100       1
                dataBANK0                            DD       DD       11       60       1
                bssBANK0                             A6       A6       37       60       1
                cinit                              37F8     37F8       5A        4       0
                idataBANK0                         3E00     3E00       11        4       0

TOTAL           Name                               Link     Load   Length     Space
        CLASS   STACK          

        CLASS   CODE           
                intcode                               8        8        6         0
                init                                  E        E        4         0
                reset_vec                             0        0        4         0
                intcode_body                       3738     3738       62         0
                text70                             2C7E     2C7E      10C         0
                text69                             35FC     35FC       70         0
                text68                             3D28     3D28       26         0
                text67                             3E3E     3E3E        8         0
                text66                             3E22     3E22        C         0
                text65                             3E36     3E36        8         0
                text64                             3DA6     3DA6       18         0
                text63                             3DEA     3DEA       16         0
                text62                             399A     399A       50         0
                text61                             3DD4     3DD4       16         0
                text60                             3D02     3D02       26         0
                text59                              F04      F04      39A         0
                text58                              ADA      ADA      42A         0
                text57                             2D8A     2D8A      106         0
                text56                             1C82     1C82      1B4         0
                text55                             366C     366C       6A         0
                text54                             3498     3498       7A         0
                text53                             1ACE     1ACE      1B4         0
                text52                             2150     2150      18A         0
                text51                             3ABC     3ABC       40         0
                text50                             189E     189E      230         0
                text49                             3D4E     3D4E       20         0
                text48                             3D8C     3D8C       1A         0
                text47                             3E2E     3E2E        8         0
                text46                             3CD8     3CD8       2A         0
                text45                             3E12     3E12       10         0
                text44                             3CAC     3CAC       2C         0
                text43                             3C7E     3C7E       2E         0
                text42                             30E4     30E4       BC         0
                text41                             39EA     39EA       4E         0
                text40                             3394     3394       84         0
                text39                             3512     3512       78         0
                text38                             1FC6     1FC6      18A         0
                text37                             3C4E     3C4E       30         0
                text36                             28BA     28BA      156         0
                text35                             3852     3852       54         0
                text34                             3DBE     3DBE       16         0
                text33                               12       12      5B8         0
                text32                             2A10     2A10      144         0
                text31                             2B54     2B54      12A         0
                text30                             379A     379A       5E         0
                text29                             3A7C     3A7C       40         0
                text28                             3BAE     3BAE       38         0
                text27                             38F8     38F8       52         0
                text26                             1E36     1E36      190         0
                text25                             22DA     22DA      188         0
                text24                             2756     2756      164         0
                text23                             3E46     3E46        2         0
                text22                             2E90     2E90       CA         0
                text21                             3A38     3A38       44         0
                text20                             3BE6     3BE6       36         0
                text19                             2F5A     2F5A       C6         0
                text18                             15BA     15BA      2E4         0
                text17                             2462     2462      186         0
                text16                              5CA      5CA      510         0
                text15                             36D6     36D6       62         0
                text14                             38A6     38A6       52         0
                text13                             129E     129E      31C         0
                text12                             3020     3020       C4         0
                text11                             3254     3254       B0         0
                text10                             3D6E     3D6E       1E         0
                text9                              358A     358A       72         0
                text8                              3B76     3B76       38         0
                text7                              3AFC     3AFC       3E         0
                text6                              3B3A     3B3A       3C         0
                text5                              25E8     25E8      16E         0
                text4                              394A     394A       50         0
                text3                              3C1C     3C1C       32         0
                text2                              3418     3418       80         0
                text1                              31A0     31A0       B4         0
                text0                              3304     3304       90         0
                cinit                              37F8     37F8       5A         0
                idataBANK0                         3E00     3E00       11         0

        CLASS   CONST          

        CLASS   SMALLCONST     

        CLASS   MEDIUMCONST    
                mediumconst                        7C88     7C88      378         0

        CLASS   COMRAM         
                temp                                 5F       5F        1         1
                cstackCOMRAM                          1        1       5E         1

        CLASS   ABS1           

        CLASS   BIGRAM         
                bssBIGRAM                           184      184      120         1

        CLASS   RAM            

        CLASS   BANK0          
                cstackBANK0                          60       60       46         1
                dataBANK0                            DD       DD       11         1
                bssBANK0                             A6       A6       37         1

        CLASS   BANK1          
                bssBANK1                            100      100       84         1

        CLASS   BANK2          

        CLASS   BANK3          

        CLASS   BANK4          

        CLASS   BANK5          

        CLASS   BANK6          

        CLASS   BANK7          

        CLASS   SFR            

        CLASS   FARRAM         

        CLASS   CONFIG         
                config                           300000   300000        E         0

        CLASS   IDLOC          
                idloc                            200000   200000        8         0

        CLASS   EEDATA         



SEGMENTS        Name                           Load    Length   Top    Selector   Space  Class

                reset_vec                      000000  000004  000004         0       0  CODE    
                cstackCOMRAM                   000001  00005F  000060         1       1  COMRAM  
                intcode                        000008  003E09  003E11         4       0  CODE    
                cstackBANK0                    000060  00008E  0000EE        60       1  BANK0   
                bssBANK1                       000100  000084  000184       100       1  BANK1   
                bssBIGRAM                      000184  000120  0002A4       184       1  BIGRAM  
                text45                         003E12  000036  003E48      1F09       0  CODE    
                mediumconst                    007C88  000378  008000      3E44       0  MEDIUMCO
                idloc                          200000  000008  200008    200000       0  IDLOC   
                config                         300000  00000E  30000E    300000       0  CONFIG  


UNUSED ADDRESS RANGES

        Name                Unused          Largest block    Delta
        BANK0            0000EE-0000FF               12
        BANK2            0002A4-0002FF               5C
        BANK3            000300-0003FF              100
        BANK4            000400-0004FF              100
        BANK5            000500-0005FF              100
        BANK6            000600-0006FF              100
        BANK7            000700-0007FF              100
        BIGRAM           0000EE-0000FF               12
                         0002A4-0007FF              55C
        CODE             000004-000007                4
                         003E11-003E11                1
                         003E48-007C87             3E40
        CONST            000004-000007                4
                         003E11-003E11                1
                         003E48-007C87             3E40
        EEDATA           F00000-F000FF              100
        MEDIUMCONST      003E11-003E11                1
                         003E48-007C87             3E40
        RAM              0000EE-0000FF               12
                         0002A4-0007FF              100
        SFR              000F60-000FFF               A0
        SMALLCONST       003E11-003E11                1
                         003E48-007C87              100
        STACK            0002A4-0007FF              55C

                                  Symbol Table

?___aldiv                          cstackCOMRAM 00000D
?___aodiv                          cstackCOMRAM 000001
?___aomod                          cstackCOMRAM 000001
?___awdiv                          cstackCOMRAM 000001
?___awmod                          cstackCOMRAM 000001
?___fldiv                          cstackCOMRAM 00000F
?___flmul                          cstackCOMRAM 000028
?___fltol                          cstackCOMRAM 000041
?___lmul                           cstackCOMRAM 000001
?___wmul                           cstackCOMRAM 000001
?___xxtofl                         cstackCOMRAM 000001
?_abs                              cstackCOMRAM 000013
?_atoi                             cstackCOMRAM 000008
?_bh1750_leer                      cstackCOMRAM 00004B
?_dameValorLux                     cstackCOMRAM 000057
?_dtoa                             cstackCOMRAM 00001C
?_getValue                         cstackCOMRAM 00000D
?_horaIluminar                     cstackCOMRAM 000001
?_isdigit                          cstackCOMRAM 000001
?_isspace                          cstackCOMRAM 000001
?_map                              cstackCOMRAM 00001B
?_pad                              cstackCOMRAM 000011
?_sprintf                          cstackBANK0  000066
?_stoa                             cstackCOMRAM 00000A
?_strlen                           cstackCOMRAM 000001
?_vfpfcnvrt                        cstackCOMRAM 000040
?_vfprintf                         cstackBANK0  000060
PID@D                              bssBANK0     0000AA
PID@I                              bssBANK0     0000AE
PID@P                              bssBANK0     0000B2
PID@dif                            cstackCOMRAM 00005B
PID@difAnt                         bssBANK0     0000A6
PID@pwmSal                         cstackCOMRAM 000059
UART_init@BAUD                     cstackCOMRAM 00001B
UART_printf@cadena                 cstackCOMRAM 000002
UART_write@dato                    cstackCOMRAM 000001
_ACKDT                             (abs)        007E2D
_ACKEN                             (abs)        007E2C
_ACKSTAT                           (abs)        007E2E
_CCP1CON                           (abs)        000FBD
_CCP1M2                            (abs)        007DEA
_CCP1M3                            (abs)        007DEB
_CCP2CON                           (abs)        000FBA
_CCP2M2                            (abs)        007DD2
_CCP2M3                            (abs)        007DD3
_CCPR1L                            (abs)        000FBE
_CCPR2L                            (abs)        000FBB
_INTCONbits                        (abs)        000FF2
_PID                               text50       00189E
_PIE1bits                          (abs)        000F9D
_PIR1bits                          (abs)        000F9E
_PR2                               (abs)        000FCB
_RCREG                             (abs)        000FAE
_RCSTAbits                         (abs)        000FAB
_SPBRG                             (abs)        000FAF
_SSPADD                            (abs)        000FC8
_SSPBUF                            (abs)        000FC9
_SSPCON1                           (abs)        000FC6
_SSPCON2                           (abs)        000FC5
_SSPCON2bits                       (abs)        000FC5
_SSPSTAT                           (abs)        000FC7
_T0CON                             (abs)        000FD5
_T0CONbits                         (abs)        000FD5
_T2CKPS0                           (abs)        007E50
_T2CKPS1                           (abs)        007E51
_TMR0                              (abs)        000FD6
_TMR2ON                            (abs)        007E52
_TRISBbits                         (abs)        000F93
_TRISC1                            (abs)        007CA1
_TRISC2                            (abs)        007CA2
_TRISCbits                         (abs)        000F94
_TXREG                             (abs)        000FAD
_TXSTAbits                         (abs)        000FAC
_UART_init                         text69       0035FC
_UART_init$1640                    cstackCOMRAM 000023
_UART_printf                       text30       00379A
_UART_read                         text35       003852
_UART_write                        text34       003DBE
_VALOR_TIMER0                      dataBANK0    0000E4
_VALOR_TIMER0UART                  dataBANK0    0000EC
__CFG_BOR$OFF                      (abs)        000000
__CFG_BORV$3                       (abs)        000000
__CFG_CCP2MX$ON                    (abs)        000000
__CFG_CP0$OFF                      (abs)        000000
__CFG_CP1$OFF                      (abs)        000000
__CFG_CP2$OFF                      (abs)        000000
__CFG_CP3$OFF                      (abs)        000000
__CFG_CPB$OFF                      (abs)        000000
__CFG_CPD$OFF                      (abs)        000000
__CFG_CPUDIV$OSC1_PLL2             (abs)        000000
__CFG_EBTR0$OFF                    (abs)        000000
__CFG_EBTR1$OFF                    (abs)        000000
__CFG_EBTR2$OFF                    (abs)        000000
__CFG_EBTR3$OFF                    (abs)        000000
__CFG_EBTRB$OFF                    (abs)        000000
__CFG_FCMEN$OFF                    (abs)        000000
__CFG_FOSC$XT_XT                   (abs)        000000
__CFG_ICPRT$OFF                    (abs)        000000
__CFG_IESO$OFF                     (abs)        000000
__CFG_LPT1OSC$OFF                  (abs)        000000
__CFG_LVP$OFF                      (abs)        000000
__CFG_MCLRE$ON                     (abs)        000000
__CFG_PBADEN$OFF                   (abs)        000000
__CFG_PLLDIV$1                     (abs)        000000
__CFG_PWRT$OFF                     (abs)        000000
__CFG_STVREN$OFF                   (abs)        000000
__CFG_USBDIV$1                     (abs)        000000
__CFG_VREGEN$OFF                   (abs)        000000
__CFG_WDT$OFF                      (abs)        000000
__CFG_WDTPS$32768                  (abs)        000000
__CFG_WRT0$OFF                     (abs)        000000
__CFG_WRT1$OFF                     (abs)        000000
__CFG_WRT2$OFF                     (abs)        000000
__CFG_WRT3$OFF                     (abs)        000000
__CFG_WRTB$OFF                     (abs)        000000
__CFG_WRTC$OFF                     (abs)        000000
__CFG_WRTD$OFF                     (abs)        000000
__CFG_XINST$OFF                    (abs)        000000
__HRAM                             (abs)        000000
__Habs1                            abs1         000000
__Hbank0                           bank0        000000
__Hbank1                           bank1        000000
__Hbank2                           bank2        000000
__Hbank3                           bank3        000000
__Hbank4                           bank4        000000
__Hbank5                           bank5        000000
__Hbank6                           bank6        000000
__Hbank7                           bank7        000000
__Hbigbss                          bigbss       000000
__Hbigdata                         bigdata      000000
__Hbigram                          bigram       000000
__Hbss                             bss          000000
__HbssBANK0                        bssBANK0     000000
__HbssBANK1                        bssBANK1     000000
__HbssBIGRAM                       bssBIGRAM    000000
__Hcinit                           cinit        000000
__Hclrtext                         clrtext      000000
__Hcomram                          comram       000000
__Hconfig                          config       30000E
__Hconst                           const        000000
__HcstackBANK0                     cstackBANK0  000000
__HcstackCOMRAM                    cstackCOMRAM 000000
__Hdata                            data         000000
__HdataBANK0                       dataBANK0    000000
__Heeprom_data                     eeprom_data  000000
__Hfarbss                          farbss       000000
__Hfardata                         fardata      000000
__Hibigdata                        ibigdata     000000
__Hidata                           idata        000000
__HidataBANK0                      idataBANK0   000000
__Hidloc                           idloc        200008
__Hifardata                        ifardata     000000
__Hinit                            init         000012
__Hintcode                         intcode      00000E
__Hintcode_body                    intcode_body 000000
__Hintcodelo                       intcodelo    00000E
__Hintentry                        intentry     000000
__Hintret                          intret       000000
__Hintsave_regs                    intsave_regs 000000
__Hirdata                          irdata       000000
__Hmediumconst                     mediumconst  008000
__HnvFARRAM                        nvFARRAM     000000
__Hnvbit                           nvbit        000000
__Hnvrram                          nvrram       000000
__Hparam                           rparam       000000
__Hpowerup                         powerup      00000E
__Hram                             ram          000000
__Hramtop                          ramtop       000800
__Hrbit                            rbit         000000
__Hrbss                            rbss         000000
__Hrdata                           rdata        000000
__Hreset_vec                       reset_vec    000004
__Hrparam                          rparam       000000
__Hsfr                             sfr          000000
__Hsmallconst                      smallconst   000000
__Hspace_0                         (abs)        30000E
__Hspace_1                         (abs)        0002A4
__Hspace_2                         (abs)        000000
__Hstack                           stack        000000
__Hstruct                          struct       000000
__Htemp                            temp         000060
__Htext                            text         000000
__Htext0                           text0        000000
__Htext1                           text1        000000
__Htext10                          text10       000000
__Htext11                          text11       000000
__Htext12                          text12       000000
__Htext13                          text13       000000
__Htext14                          text14       000000
__Htext15                          text15       000000
__Htext16                          text16       000000
__Htext17                          text17       000000
__Htext18                          text18       000000
__Htext19                          text19       000000
__Htext2                           text2        000000
__Htext20                          text20       000000
__Htext21                          text21       000000
__Htext22                          text22       000000
__Htext23                          text23       000000
__Htext24                          text24       000000
__Htext25                          text25       000000
__Htext26                          text26       000000
__Htext27                          text27       000000
__Htext28                          text28       000000
__Htext29                          text29       000000
__Htext3                           text3        000000
__Htext30                          text30       000000
__Htext31                          text31       000000
__Htext32                          text32       000000
__Htext33                          text33       000000
__Htext34                          text34       000000
__Htext35                          text35       000000
__Htext36                          text36       000000
__Htext37                          text37       000000
__Htext38                          text38       000000
__Htext39                          text39       000000
__Htext4                           text4        000000
__Htext40                          text40       000000
__Htext41                          text41       000000
__Htext42                          text42       000000
__Htext43                          text43       000000
__Htext44                          text44       000000
__Htext45                          text45       000000
__Htext46                          text46       000000
__Htext47                          text47       000000
__Htext48                          text48       000000
__Htext49                          text49       000000
__Htext5                           text5        000000
__Htext50                          text50       000000
__Htext51                          text51       000000
__Htext52                          text52       000000
__Htext53                          text53       000000
__Htext54                          text54       000000
__Htext55                          text55       000000
__Htext56                          text56       000000
__Htext57                          text57       000000
__Htext58                          text58       000000
__Htext59                          text59       000000
__Htext6                           text6        000000
__Htext60                          text60       000000
__Htext61                          text61       000000
__Htext62                          text62       000000
__Htext63                          text63       000000
__Htext64                          text64       000000
__Htext65                          text65       000000
__Htext66                          text66       000000
__Htext67                          text67       000000
__Htext68                          text68       000000
__Htext69                          text69       000000
__Htext7                           text7        000000
__Htext70                          text70       000000
__Htext8                           text8        000000
__Htext9                           text9        000000
__LRAM                             (abs)        000001
__Labs1                            abs1         000000
__Lbank0                           bank0        000000
__Lbank1                           bank1        000000
__Lbank2                           bank2        000000
__Lbank3                           bank3        000000
__Lbank4                           bank4        000000
__Lbank5                           bank5        000000
__Lbank6                           bank6        000000
__Lbank7                           bank7        000000
__Lbigbss                          bigbss       000000
__Lbigdata                         bigdata      000000
__Lbigram                          bigram       000000
__Lbss                             bss          000000
__LbssBANK0                        bssBANK0     000000
__LbssBANK1                        bssBANK1     000000
__LbssBIGRAM                       bssBIGRAM    000000
__Lcinit                           cinit        000000
__Lclrtext                         clrtext      000000
__Lcomram                          comram       000000
__Lconfig                          config       300000
__Lconst                           const        000000
__LcstackBANK0                     cstackBANK0  000000
__LcstackCOMRAM                    cstackCOMRAM 000000
__Ldata                            data         000000
__LdataBANK0                       dataBANK0    000000
__Leeprom_data                     eeprom_data  000000
__Lfarbss                          farbss       000000
__Lfardata                         fardata      000000
__Libigdata                        ibigdata     000000
__Lidata                           idata        000000
__LidataBANK0                      idataBANK0   000000
__Lidloc                           idloc        200000
__Lifardata                        ifardata     000000
__Linit                            init         00000E
__Lintcode                         intcode      000008
__Lintcode_body                    intcode_body 000000
__Lintcodelo                       intcodelo    00000E
__Lintentry                        intentry     000000
__Lintret                          intret       000000
__Lintsave_regs                    intsave_regs 000000
__Lirdata                          irdata       000000
__Lmediumconst                     mediumconst  007C88
__LnvFARRAM                        nvFARRAM     000000
__Lnvbit                           nvbit        000000
__Lnvrram                          nvrram       000000
__Lparam                           rparam       000000
__Lpowerup                         powerup      00000E
__Lram                             ram          000000
__Lramtop                          ramtop       000800
__Lrbit                            rbit         000000
__Lrbss                            rbss         000000
__Lrdata                           rdata        000000
__Lreset_vec                       reset_vec    000000
__Lrparam                          rparam       000000
__Lsfr                             sfr          000000
__Lsmallconst                      smallconst   000000
__Lspace_0                         (abs)        000000
__Lspace_1                         (abs)        000000
__Lspace_2                         (abs)        000000
__Lstack                           stack        000000
__Lstruct                          struct       000000
__Ltemp                            temp         00005F
__Ltext                            text         000000
__Ltext0                           text0        000000
__Ltext1                           text1        000000
__Ltext10                          text10       000000
__Ltext11                          text11       000000
__Ltext12                          text12       000000
__Ltext13                          text13       000000
__Ltext14                          text14       000000
__Ltext15                          text15       000000
__Ltext16                          text16       000000
__Ltext17                          text17       000000
__Ltext18                          text18       000000
__Ltext19                          text19       000000
__Ltext2                           text2        000000
__Ltext20                          text20       000000
__Ltext21                          text21       000000
__Ltext22                          text22       000000
__Ltext23                          text23       000000
__Ltext24                          text24       000000
__Ltext25                          text25       000000
__Ltext26                          text26       000000
__Ltext27                          text27       000000
__Ltext28                          text28       000000
__Ltext29                          text29       000000
__Ltext3                           text3        000000
__Ltext30                          text30       000000
__Ltext31                          text31       000000
__Ltext32                          text32       000000
__Ltext33                          text33       000000
__Ltext34                          text34       000000
__Ltext35                          text35       000000
__Ltext36                          text36       000000
__Ltext37                          text37       000000
__Ltext38                          text38       000000
__Ltext39                          text39       000000
__Ltext4                           text4        000000
__Ltext40                          text40       000000
__Ltext41                          text41       000000
__Ltext42                          text42       000000
__Ltext43                          text43       000000
__Ltext44                          text44       000000
__Ltext45                          text45       000000
__Ltext46                          text46       000000
__Ltext47                          text47       000000
__Ltext48                          text48       000000
__Ltext49                          text49       000000
__Ltext5                           text5        000000
__Ltext50                          text50       000000
__Ltext51                          text51       000000
__Ltext52                          text52       000000
__Ltext53                          text53       000000
__Ltext54                          text54       000000
__Ltext55                          text55       000000
__Ltext56                          text56       000000
__Ltext57                          text57       000000
__Ltext58                          text58       000000
__Ltext59                          text59       000000
__Ltext6                           text6        000000
__Ltext60                          text60       000000
__Ltext61                          text61       000000
__Ltext62                          text62       000000
__Ltext63                          text63       000000
__Ltext64                          text64       000000
__Ltext65                          text65       000000
__Ltext66                          text66       000000
__Ltext67                          text67       000000
__Ltext68                          text68       000000
__Ltext69                          text69       000000
__Ltext7                           text7        000000
__Ltext70                          text70       000000
__Ltext8                           text8        000000
__Ltext9                           text9        000000
__S0                               (abs)        30000E
__S1                               (abs)        0002A4
__S2                               (abs)        000000
___aldiv                           text70       002C7E
___aldiv@counter                   cstackCOMRAM 000015
___aldiv@dividend                  cstackCOMRAM 00000D
___aldiv@divisor                   cstackCOMRAM 000011
___aldiv@quotient                  cstackCOMRAM 000017
___aldiv@sign                      cstackCOMRAM 000016
___aodiv                           text25       0022DA
___aodiv@counter                   cstackCOMRAM 000011
___aodiv@dividend                  cstackCOMRAM 000001
___aodiv@divisor                   cstackCOMRAM 000009
___aodiv@quotient                  cstackCOMRAM 000013
___aodiv@sign                      cstackCOMRAM 000012
___aomod                           text24       002756
___aomod@counter                   cstackCOMRAM 000011
___aomod@dividend                  cstackCOMRAM 000001
___aomod@divisor                   cstackCOMRAM 000009
___aomod@sign                      cstackCOMRAM 000012
___awdiv                           text12       003020
___awdiv@counter                   cstackCOMRAM 000005
___awdiv@dividend                  cstackCOMRAM 000001
___awdiv@divisor                   cstackCOMRAM 000003
___awdiv@quotient                  cstackCOMRAM 000007
___awdiv@sign                      cstackCOMRAM 000006
___awmod                           text11       003254
___awmod@counter                   cstackCOMRAM 000005
___awmod@dividend                  cstackCOMRAM 000001
___awmod@divisor                   cstackCOMRAM 000003
___awmod@sign                      cstackCOMRAM 000006
___fldiv                           text59       000F04
___fldiv@a                         cstackCOMRAM 000013
___fldiv@aexp                      cstackCOMRAM 000027
___fldiv@b                         cstackCOMRAM 00000F
___fldiv@bexp                      cstackCOMRAM 000026
___fldiv@grs                       cstackCOMRAM 000022
___fldiv@new_exp                   cstackCOMRAM 000020
___fldiv@rem                       cstackCOMRAM 00001B
___fldiv@sign                      cstackCOMRAM 00001F
___flmul                           text58       000ADA
___flmul@a                         cstackCOMRAM 00002C
___flmul@aexp                      cstackCOMRAM 000039
___flmul@b                         cstackCOMRAM 000028
___flmul@bexp                      cstackCOMRAM 00003A
___flmul@grs                       cstackCOMRAM 000035
___flmul@prod                      cstackCOMRAM 00003B
___flmul@sign                      cstackCOMRAM 000034
___flmul@temp                      cstackCOMRAM 00003F
___fltol                           text57       002D8A
___fltol@exp1                      cstackCOMRAM 00004A
___fltol@f1                        cstackCOMRAM 000041
___fltol@sign1                     cstackCOMRAM 000049
___inthi_sp                        stack        000000
___intlo_sp                        stack        000000
___lmul                            text55       00366C
___lmul@multiplicand               cstackCOMRAM 000005
___lmul@multiplier                 cstackCOMRAM 000001
___lmul@product                    cstackCOMRAM 000009
___param_bank                      (abs)        000000
___rparam_used                     (abs)        000001
___sp                              stack        000000
___wmul                            text60       003D02
___wmul@multiplicand               cstackCOMRAM 000003
___wmul@multiplier                 cstackCOMRAM 000001
___wmul@product                    cstackCOMRAM 000005
___xxtofl                          text56       001C82
___xxtofl@arg                      cstackCOMRAM 00000B
___xxtofl@exp                      cstackCOMRAM 00000A
___xxtofl@sign                     cstackCOMRAM 000009
___xxtofl@val                      cstackCOMRAM 000001
__accesstop                        (abs)        000060
__activetblptr                     (abs)        000002
__end_of_PID                       text50       001ACE
__end_of_UART_init                 text69       00366C
__end_of_UART_printf               text30       0037F8
__end_of_UART_read                 text35       0038A6
__end_of_UART_write                text34       003DD4
__end_of___aldiv                   text70       002D8A
__end_of___aodiv                   text25       002462
__end_of___aomod                   text24       0028BA
__end_of___awdiv                   text12       0030E4
__end_of___awmod                   text11       003304
__end_of___fldiv                   text59       00129E
__end_of___flmul                   text58       000F04
__end_of___fltol                   text57       002E90
__end_of___lmul                    text55       0036D6
__end_of___wmul                    text60       003D28
__end_of___xxtofl                  text56       001E36
__end_of__initialization           cinit        003844
__end_of_abs                       text51       003AFC
__end_of_asignarHorarios           text32       002B54
__end_of_asignarSetPoint           text31       002C7E
__end_of_atoi                      text26       001FC6
__end_of_bh1750_escribir           text64       003DBE
__end_of_bh1750_iniciar            text63       003E00
__end_of_bh1750_leer               text42       0031A0
__end_of_configPwm                 text62       0039EA
__end_of_convertirDato             text49       003D6E
__end_of_dameDatosSistema          text13       0015BA
__end_of_dameDiaActual             text45       003E22
__end_of_dameHoraActual            text44       003CD8
__end_of_dameValorLux              text41       003A38
__end_of_desbordamiento            intcode_body 00379A
__end_of_dtoa                      text18       00189E
__end_of_escribeHorariosMemoria    text36       002A10
__end_of_escribe_eeprom            text37       003C7E
__end_of_escribe_rtc               text10       003D8C
__end_of_fijaDiaRtc                text8        003BAE
__end_of_fijaHoraRtc               text7        003B3A
__end_of_fputc                     text22       002F5A
__end_of_fputs                     text21       003A7C
__end_of_getValue                  text33       0005CA
__end_of_horaIluminar              text40       003418
__end_of_i2c_detener               text67       003E46
__end_of_i2c_envia_dato            text66       003E2E
__end_of_i2c_espera                text68       003D4E
__end_of_i2c_inicia_com            text65       003E3E
__end_of_i2c_iniciar               text61       003DEA
__end_of_i2c_recibe_dato           text48       003DA6
__end_of_i2c_recibe_datoACK        text43       003CAC
__end_of_i2c_reinicia_com          text47       003E36
__end_of_inicializarObjetos        text52       0022DA
__end_of_isdigit                   text28       003BE6
__end_of_isspace                   text27       00394A
__end_of_leeHorariosMemoria        text5        002756
__end_of_leer_eeprom               text6        003B76
__end_of_leer_rtc                  text46       003D02
__end_of_limpiarBuffer             text29       003ABC
__end_of_main                      text0        003394
__end_of_map                       text54       003512
__end_of_mostrarDatosSensores      text4        00399A
__end_of_pad                       text19       003020
__end_of_putch                     text23       003E48
__end_of_pwmDuty                   text53       001C82
__end_of_rangoPermitidoSetPoint    text39       00358A
__end_of_setRtc                    text9        0035FC
__end_of_setRtcDefault             text3        003C4E
__end_of_setTiempoIluminar         text2        003498
__end_of_sistemaIluminado          text38       002150
__end_of_sistemaPrincipal          text1        003254
__end_of_sprintf                   text14       0038F8
__end_of_stoa                      text17       0025E8
__end_of_strlen                    text20       003C1C
__end_of_vfpfcnvrt                 text16       000ADA
__end_of_vfprintf                  text15       003738
__initialization                   cinit        0037F8
__mediumconst                      mediumconst  007C88
__pbssBANK0                        bssBANK0     0000A6
__pbssBANK1                        bssBANK1     000100
__pbssBIGRAM                       bssBIGRAM    000184
__pcinit                           cinit        0037F8
__pcstackBANK0                     cstackBANK0  000060
__pcstackCOMRAM                    cstackCOMRAM 000001
__pdataBANK0                       dataBANK0    0000DD
__pidataBANK0                      idataBANK0   003E00
__pintcode                         intcode      000008
__pintcode_body                    intcode_body 003738
__pmediumconst                     mediumconst  007C88
__ptext0                           text0        003304
__ptext1                           text1        0031A0
__ptext10                          text10       003D6E
__ptext11                          text11       003254
__ptext12                          text12       003020
__ptext13                          text13       00129E
__ptext14                          text14       0038A6
__ptext15                          text15       0036D6
__ptext16                          text16       0005CA
__ptext17                          text17       002462
__ptext18                          text18       0015BA
__ptext19                          text19       002F5A
__ptext2                           text2        003418
__ptext20                          text20       003BE6
__ptext21                          text21       003A38
__ptext22                          text22       002E90
__ptext23                          text23       003E46
__ptext24                          text24       002756
__ptext25                          text25       0022DA
__ptext26                          text26       001E36
__ptext27                          text27       0038F8
__ptext28                          text28       003BAE
__ptext29                          text29       003A7C
__ptext3                           text3        003C1C
__ptext30                          text30       00379A
__ptext31                          text31       002B54
__ptext32                          text32       002A10
__ptext33                          text33       000012
__ptext34                          text34       003DBE
__ptext35                          text35       003852
__ptext36                          text36       0028BA
__ptext37                          text37       003C4E
__ptext38                          text38       001FC6
__ptext39                          text39       003512
__ptext4                           text4        00394A
__ptext40                          text40       003394
__ptext41                          text41       0039EA
__ptext42                          text42       0030E4
__ptext43                          text43       003C7E
__ptext44                          text44       003CAC
__ptext45                          text45       003E12
__ptext46                          text46       003CD8
__ptext47                          text47       003E2E
__ptext48                          text48       003D8C
__ptext49                          text49       003D4E
__ptext5                           text5        0025E8
__ptext50                          text50       00189E
__ptext51                          text51       003ABC
__ptext52                          text52       002150
__ptext53                          text53       001ACE
__ptext54                          text54       003498
__ptext55                          text55       00366C
__ptext56                          text56       001C82
__ptext57                          text57       002D8A
__ptext58                          text58       000ADA
__ptext59                          text59       000F04
__ptext6                           text6        003B3A
__ptext60                          text60       003D02
__ptext61                          text61       003DD4
__ptext62                          text62       00399A
__ptext63                          text63       003DEA
__ptext64                          text64       003DA6
__ptext65                          text65       003E36
__ptext66                          text66       003E22
__ptext67                          text67       003E3E
__ptext68                          text68       003D28
__ptext69                          text69       0035FC
__ptext7                           text7        003AFC
__ptext70                          text70       002C7E
__ptext8                           text8        003B76
__ptext9                           text9        00358A
__ramtop                           ramtop       000800
__size_of_PID                      (abs)        000000
__size_of_UART_init                (abs)        000000
__size_of_UART_printf              (abs)        000000
__size_of_UART_read                (abs)        000000
__size_of_UART_write               (abs)        000000
__size_of___aldiv                  (abs)        000000
__size_of___aodiv                  (abs)        000000
__size_of___aomod                  (abs)        000000
__size_of___awdiv                  (abs)        000000
__size_of___awmod                  (abs)        000000
__size_of___fldiv                  (abs)        000000
__size_of___flmul                  (abs)        000000
__size_of___fltol                  (abs)        000000
__size_of___lmul                   (abs)        000000
__size_of___wmul                   (abs)        000000
__size_of___xxtofl                 (abs)        000000
__size_of_abs                      (abs)        000000
__size_of_asignarHorarios          (abs)        000000
__size_of_asignarSetPoint          (abs)        000000
__size_of_atoi                     (abs)        000000
__size_of_bh1750_escribir          (abs)        000000
__size_of_bh1750_iniciar           (abs)        000000
__size_of_bh1750_leer              (abs)        000000
__size_of_configPwm                (abs)        000000
__size_of_convertirDato            (abs)        000000
__size_of_dameDatosSistema         (abs)        000000
__size_of_dameDiaActual            (abs)        000000
__size_of_dameHoraActual           (abs)        000000
__size_of_dameValorLux             (abs)        000000
__size_of_desbordamiento           (abs)        000000
__size_of_dtoa                     (abs)        000000
__size_of_escribeHorariosMemoria   (abs)        000000
__size_of_escribe_eeprom           (abs)        000000
__size_of_escribe_rtc              (abs)        000000
__size_of_fijaDiaRtc               (abs)        000000
__size_of_fijaHoraRtc              (abs)        000000
__size_of_fputc                    (abs)        000000
__size_of_fputs                    (abs)        000000
__size_of_getValue                 (abs)        000000
__size_of_horaIluminar             (abs)        000000
__size_of_i2c_detener              (abs)        000000
__size_of_i2c_envia_dato           (abs)        000000
__size_of_i2c_espera               (abs)        000000
__size_of_i2c_inicia_com           (abs)        000000
__size_of_i2c_iniciar              (abs)        000000
__size_of_i2c_recibe_dato          (abs)        000000
__size_of_i2c_recibe_datoACK       (abs)        000000
__size_of_i2c_reinicia_com         (abs)        000000
__size_of_inicializarObjetos       (abs)        000000
__size_of_isdigit                  (abs)        000000
__size_of_isspace                  (abs)        000000
__size_of_leeHorariosMemoria       (abs)        000000
__size_of_leer_eeprom              (abs)        000000
__size_of_leer_rtc                 (abs)        000000
__size_of_limpiarBuffer            (abs)        000000
__size_of_main                     (abs)        000000
__size_of_map                      (abs)        000000
__size_of_mostrarDatosSensores     (abs)        000000
__size_of_pad                      (abs)        000000
__size_of_putch                    (abs)        000000
__size_of_pwmDuty                  (abs)        000000
__size_of_rangoPermitidoSetPoint   (abs)        000000
__size_of_setRtc                   (abs)        000000
__size_of_setRtcDefault            (abs)        000000
__size_of_setTiempoIluminar        (abs)        000000
__size_of_sistemaIluminado         (abs)        000000
__size_of_sistemaPrincipal         (abs)        000000
__size_of_sprintf                  (abs)        000000
__size_of_stoa                     (abs)        000000
__size_of_strlen                   (abs)        000000
__size_of_vfpfcnvrt                (abs)        000000
__size_of_vfprintf                 (abs)        000000
__smallconst                       smallconst   000000
_abs                               text51       003ABC
_asignarHorarios                   text32       002A10
_asignarSetPoint                   text31       002B54
_asignarSetPoint$1645              cstackCOMRAM 000023
_atoi                              text26       001E36
_atoi$1299                         cstackCOMRAM 000010
_atoi$1300                         cstackCOMRAM 000014
_atoi$1301                         cstackCOMRAM 000012
_bh1750_escribir                   text64       003DA6
_bh1750_iniciar                    text63       003DEA
_bh1750_leer                       text42       0030E4
_buffer                            bssBANK1     000132
_buffer2                           bssBANK1     000100
_byteUart                          bssBANK0     0000DB
_cambioSetPoint                    bssBANK0     0000D7
_configPwm                         text62       00399A
_contInterrupciones                bssBANK0     0000CA
_convertirDato                     text49       003D4E
_dameDatosSistema                  text13       00129E
_dameDatosSistema$1641             cstackBANK0  00009A
_dameDatosSistema$1642             cstackBANK0  00009C
_dameDatosSistema$1643             cstackBANK0  00009E
_dameDatosSistema$1644             cstackBANK0  0000A0
_dameDiaActual                     text45       003E12
_dameHoraActual                    text44       003CAC
_dameValorLux                      text41       0039EA
_datoRecibido                      bssBANK0     0000D2
_dbuf                              bssBANK1     000164
_desbordamiento                    intcode      000008
_diaActual                         bssBANK0     0000D3
_dtoa                              text18       0015BA
_dtoa$814                          cstackCOMRAM 00002E
_escribeHorariosMemoria            text36       0028BA
_escribe_eeprom                    text37       003C4E
_escribe_rtc                       text10       003D6E
_esperaDatoConcluida               bssBANK0     0000DA
_esperandoDatos                    bssBANK0     0000D9
_fijaDiaRtc                        text8        003B76
_fijaHoraRtc                       text7        003AFC
_flagIluminado                     bssBANK0     0000CF
_flags                             bssBANK0     0000C4
_fputc                             text22       002E90
_fputs                             text21       003A38
_getValue                          text33       000012
_hora                              bssBANK0     0000D6
_horaIluminar                      text40       003394
_horaIluminar$602                  cstackCOMRAM 000006
_horarios                          bssBIGRAM    000184
_i2c_detener                       text67       003E3E
_i2c_envia_dato                    text66       003E22
_i2c_espera                        text68       003D28
_i2c_inicia_com                    text65       003E36
_i2c_iniciar                       text61       003DD4
_i2c_recibe_dato                   text48       003D8C
_i2c_recibe_datoACK                text43       003C7E
_i2c_reinicia_com                  text47       003E2E
_iluminando                        bssBANK0     0000CE
_inicializarObjetos                text52       002150
_isdigit                           text28       003BAE
_isspace                           text27       0038F8
_isspace$1317                      cstackCOMRAM 000007
_leeHorariosMemoria                text5        0025E8
_leer_eeprom                       text6        003B3A
_leer_rtc                          text46       003CD8
_limpiarBuffer                     text29       003A7C
_luzMedida                         bssBANK0     0000BA
_main                              text0        003304
_map                               text54       003498
_minutos                           bssBANK0     0000D5
_minutosIluminar                   bssBANK0     0000C8
_minutosTranscurridos              bssBANK0     0000C6
_mostrarDatosSensores              text4        00394A
_nout                              bssBANK0     0000BE
_overflowTimer                     bssBANK0     0000D1
_pad                               text19       002F5A
_peticionLecturaSensores           bssBANK0     0000CC
_prec                              bssBANK0     0000C2
_putch                             text23       003E46
_pwmDuty                           text53       001ACE
_rangoPermitidoSetPoint            text39       003512
_reiniciarPID                      bssBANK0     0000D8
_segundos                          bssBANK0     0000D4
_setPoint                          dataBANK0    0000E8
_setPointAnterior                  bssBANK0     0000B6
_setPointIntro                     bssBANK0     0000CD
_setRtc                            text9        00358A
_setRtcDefault                     text3        003C1C
_setTiempoIluminar                 text2        003418
_sistemaIluminado                  text38       001FC6
_sistemaPrincipal                  text1        0031A0
_sprintf                           text14       0038A6
_stoa                              text17       002462
_strlen                            text20       003BE6
_tempHora                          bssBANK0     0000D0
_tiempoInactividadTrans            bssBANK0     0000DC
_vfpfcnvrt                         text16       0005CA
_vfpfcnvrt$840                     cstackCOMRAM 000056
_vfpfcnvrt$841                     cstackCOMRAM 000058
_vfprintf                          text15       0036D6
_width                             bssBANK0     0000C0
abs@a                              cstackCOMRAM 000013
asignarHorarios@Rx                 cstackCOMRAM 000029
asignarHorarios@diaIluminar        cstackCOMRAM 000027
asignarHorarios@hora               cstackCOMRAM 000028
asignarHorarios@i                  cstackCOMRAM 000025
asignarSetPoint@setPointTemp       cstackCOMRAM 000027
atoi@n                             cstackCOMRAM 000015
atoi@neg                           cstackCOMRAM 00000E
atoi@s                             cstackCOMRAM 000008
bh1750_escribir@comando            cstackCOMRAM 000003
bh1750_leer@hb                     cstackCOMRAM 000052
bh1750_leer@lb                     cstackCOMRAM 000051
bh1750_leer@valor                  cstackCOMRAM 000053
btemp                              temp         00005F
configPwm@channel                  cstackCOMRAM 000003
convertirDato@dato                 cstackCOMRAM 000002
convertirDato@datoR                cstackCOMRAM 000003
dameDatosSistema@bufferHorario     cstackBANK0  00007C
dameDatosSistema@i                 cstackBANK0  0000A2
dameValorLux@modo                  cstackBANK0  000060
dameValorLux@valorLux              cstackBANK0  000061
dtoa@d                             cstackCOMRAM 00001E
dtoa@fp                            cstackCOMRAM 00001C
dtoa@i                             cstackCOMRAM 00003E
dtoa@n                             cstackCOMRAM 000036
dtoa@p                             cstackCOMRAM 000030
dtoa@s                             cstackCOMRAM 000034
dtoa@w                             cstackCOMRAM 000032
end_of_initialization              cinit        003844
escribeHorariosMemoria@contMemoria cstackCOMRAM 00000F
escribeHorariosMemoria@i           cstackCOMRAM 000011
escribeHorariosMemoria@j           cstackCOMRAM 00000D
escribe_eeprom@dato                cstackCOMRAM 000009
escribe_eeprom@direccion           cstackCOMRAM 000007
escribe_rtc@dato                   cstackCOMRAM 000003
escribe_rtc@direccion              cstackCOMRAM 000004
fputc@c                            cstackCOMRAM 000001
fputc@fp                           cstackCOMRAM 000003
fputs@c                            cstackCOMRAM 00000E
fputs@fp                           cstackCOMRAM 00000C
fputs@i                            cstackCOMRAM 00000F
fputs@s                            cstackCOMRAM 00000A
getValue@Rx                        cstackCOMRAM 000022
getValue@dato                      cstackCOMRAM 00001E
getValue@datoIncorrecto            cstackCOMRAM 000015
getValue@i                         cstackCOMRAM 000016
getValue@i_713                     cstackCOMRAM 000018
getValue@i_714                     cstackCOMRAM 00001A
getValue@i_715                     cstackCOMRAM 00001C
getValue@numCharacters             cstackCOMRAM 00000D
i2c_envia_dato@dato                cstackCOMRAM 000002
i2c_recibe_dato@datoleido          cstackCOMRAM 000002
i2c_recibe_datoACK@a               cstackCOMRAM 000002
i2c_recibe_datoACK@datoleido       cstackCOMRAM 000003
inicializarObjetos@i               cstackCOMRAM 00005D
inicializarObjetos@i_605           cstackCOMRAM 00005B
inicializarObjetos@j               cstackCOMRAM 000059
int$flags                          temp         00005F
int_func                           intcode_body 003738
intlevel0                          text         000000
intlevel1                          text         000000
intlevel2                          text         000000
intlevel3                          text         000000
isdigit@c                          cstackCOMRAM 000001
isspace@c                          cstackCOMRAM 000001
leeHorariosMemoria@caracterLeido   cstackCOMRAM 000009
leeHorariosMemoria@contMemoria     cstackCOMRAM 00000C
leeHorariosMemoria@i               cstackCOMRAM 00000E
leeHorariosMemoria@j               cstackCOMRAM 00000A
leer_eeprom@dato                   cstackCOMRAM 000006
leer_eeprom@direccion              cstackCOMRAM 000003
leer_rtc@dato                      cstackCOMRAM 000004
leer_rtc@direccion                 cstackCOMRAM 000003
limpiarBuffer@i                    cstackCOMRAM 000001
map@in_max                         cstackCOMRAM 000023
map@in_min                         cstackCOMRAM 00001F
map@out_max                        cstackCOMRAM 00002B
map@out_min                        cstackCOMRAM 000027
map@x                              cstackCOMRAM 00001B
pad@buf                            cstackCOMRAM 000013
pad@fp                             cstackCOMRAM 000011
pad@i                              cstackCOMRAM 000018
pad@p                              cstackCOMRAM 000015
pad@w                              cstackCOMRAM 00001A
pwmDuty@channel                    cstackCOMRAM 00004D
pwmDuty@cicloTrabajo               cstackCOMRAM 00004B
pwmDuty@duty                       cstackCOMRAM 000053
setRtc@dato                        cstackCOMRAM 000026
setRtc@datoRtc                     cstackCOMRAM 000025
setRtc@direccion                   cstackCOMRAM 000023
setRtc@seteado                     cstackCOMRAM 000024
setRtcDefault@horaRtc              cstackCOMRAM 000005
setTiempoIluminar@hora             cstackCOMRAM 000025
setTiempoIluminar@tiempoIluminar   cstackCOMRAM 000024
sistemaPrincipal@opcion            cstackCOMRAM 00005E
sprintf@ap                         cstackBANK0  000074
sprintf@f                          cstackBANK0  000076
sprintf@fmt                        cstackBANK0  000068
sprintf@s                          cstackBANK0  000066
stackhi                            (abs)        0007FF
stacklo                            (abs)        0002A4
start                              init         00000E
start_initialization               cinit        0037F8
stoa@F1139                         dataBANK0    0000DD
stoa@cp                            cstackCOMRAM 00001A
stoa@fp                            cstackCOMRAM 00000A
stoa@i                             cstackCOMRAM 000016
stoa@l                             cstackCOMRAM 00001E
stoa@nuls                          cstackCOMRAM 00000F
stoa@p                             cstackCOMRAM 00001C
stoa@s                             cstackCOMRAM 00000C
stoa@w                             cstackCOMRAM 000018
strlen@a                           cstackCOMRAM 000003
strlen@s                           cstackCOMRAM 000001
ttemp5                             temp         000060
ttemp6                             temp         000063
ttemp7                             temp         000067
vfpfcnvrt@ap                       cstackCOMRAM 000044
vfpfcnvrt@cp                       cstackCOMRAM 000052
vfpfcnvrt@done                     cstackCOMRAM 000054
vfpfcnvrt@fmt                      cstackCOMRAM 000042
vfpfcnvrt@fp                       cstackCOMRAM 000040
vfpfcnvrt@ll                       cstackCOMRAM 00004A
vfprintf@ap                        cstackBANK0  000064
vfprintf@cfmt                      cstackCOMRAM 00005A
vfprintf@fmt                       cstackBANK0  000062
vfprintf@fp                        cstackBANK0  000060
wtemp8                             temp         000060


FUNCTION INFORMATION:

 *************** function _main *****************
 Defined at:
		line 43 in file "main.c"
 Parameters:    Size  Location     Type
		None
 Auto vars:     Size  Location     Type
		None
 Return value:  Size  Location     Type
                  1    wreg      void 
 Registers used:
		wreg, fsr1l, fsr1h, fsr2l, fsr2h, status,2, status,0, tblptrl, tblptrh, tblptru, prodl, prodh, cstack
 Tracked objects:
		On entry : 
		On exit  : 
		Unchanged: 
 Data sizes:     COMRAM   BANK0   BANK1   BANK2   BANK3   BANK4   BANK5   BANK6   BANK7
      Params:         0       0       0       0       0       0       0       0       0
      Locals:         0       0       0       0       0       0       0       0       0
      Temps:          0       0       0       0       0       0       0       0       0
      Totals:         0       0       0       0       0       0       0       0       0
Total ram usage:        0 bytes
 Hardware stack levels required when called:   11
 This function calls:
		_UART_init
		_UART_printf
		_bh1750_iniciar
		_configPwm
		_i2c_iniciar
		_inicializarObjetos
		_sistemaIluminado
		_sistemaPrincipal
 This function is called by:
		Startup code after reset
 This function uses a non-reentrant model


 *************** function _sistemaPrincipal *****************
 Defined at:
		line 377 in file "./AUTOMATIZADOR.h"
 Parameters:    Size  Location     Type
  opcion          1    wreg     unsigned char 
 Auto vars:     Size  Location     Type
  opcion          1   93[COMRAM] unsigned char 
 Return value:  Size  Location     Type
                  1    wreg      void 
 Registers used:
		wreg, fsr1l, fsr1h, fsr2l, fsr2h, status,2, status,0, tblptrl, tblptrh, tblptru, prodl, prodh, cstack
 Tracked objects:
		On entry : 
		On exit  : 
		Unchanged: 
 Data sizes:     COMRAM   BANK0   BANK1   BANK2   BANK3   BANK4   BANK5   BANK6   BANK7
      Params:         0       0       0       0       0       0       0       0       0
      Locals:         1       0       0       0       0       0       0       0       0
      Temps:          0       2       0       0       0       0       0       0       0
      Totals:         1       2       0       0       0       0       0       0       0
Total ram usage:        3 bytes
 Hardware stack levels used:    1
 Hardware stack levels required when called:   10
 This function calls:
		_asignarHorarios
		_asignarSetPoint
		_dameDatosSistema
		_fijaDiaRtc
		_fijaHoraRtc
		_leeHorariosMemoria
		_mostrarDatosSensores
		_setRtcDefault
		_setTiempoIluminar
 This function is called by:
		_main
 This function uses a non-reentrant model


 *************** function _setTiempoIluminar *****************
 Defined at:
		line 329 in file "./AUTOMATIZADOR.h"
 Parameters:    Size  Location     Type
		None
 Auto vars:     Size  Location     Type
  hora            1   36[COMRAM] unsigned char 
  tiempoIlumin    1   35[COMRAM] unsigned char 
 Return value:  Size  Location     Type
                  1    wreg      void 
 Registers used:
		wreg, fsr2l, fsr2h, status,2, status,0, prodl, prodh, cstack
 Tracked objects:
		On entry : 
		On exit  : 
		Unchanged: 
 Data sizes:     COMRAM   BANK0   BANK1   BANK2   BANK3   BANK4   BANK5   BANK6   BANK7
      Params:         0       0       0       0       0       0       0       0       0
      Locals:         2       0       0       0       0       0       0       0       0
      Temps:          1       0       0       0       0       0       0       0       0
      Totals:         3       0       0       0       0       0       0       0       0
Total ram usage:        3 bytes
 Hardware stack levels used:    1
 Hardware stack levels required when called:    5
 This function calls:
		_UART_write
		_escribeHorariosMemoria
		_getValue
 This function is called by:
		_sistemaPrincipal
 This function uses a non-reentrant model


 *************** function _setRtcDefault *****************
 Defined at:
		line 230 in file "./AUTOMATIZADOR.h"
 Parameters:    Size  Location     Type
		None
 Auto vars:     Size  Location     Type
  horaRtc         1    4[COMRAM] unsigned char 
 Return value:  Size  Location     Type
                  1    wreg      void 
 Registers used:
		wreg, fsr1l, fsr1h, status,2, status,0, tblptrl, tblptrh, tblptru, cstack
 Tracked objects:
		On entry : 
		On exit  : 
		Unchanged: 
 Data sizes:     COMRAM   BANK0   BANK1   BANK2   BANK3   BANK4   BANK5   BANK6   BANK7
      Params:         0       0       0       0       0       0       0       0       0
      Locals:         1       0       0       0       0       0       0       0       0
      Temps:          0       0       0       0       0       0       0       0       0
      Totals:         1       0       0       0       0       0       0       0       0
Total ram usage:        1 bytes
 Hardware stack levels used:    1
 Hardware stack levels required when called:    4
 This function calls:
		_UART_printf
		_escribe_rtc
 This function is called by:
		_sistemaPrincipal
 This function uses a non-reentrant model


 *************** function _mostrarDatosSensores *****************
 Defined at:
		line 567 in file "./AUTOMATIZADOR.h"
 Parameters:    Size  Location     Type
		None
 Auto vars:     Size  Location     Type
		None
 Return value:  Size  Location     Type
                  1    wreg      void 
 Registers used:
		wreg, fsr1l, fsr1h, fsr2l, fsr2h, status,2, status,0, tblptrl, tblptrh, tblptru, prodl, prodh, cstack
 Tracked objects:
		On entry : 
		On exit  : 
		Unchanged: 
 Data sizes:     COMRAM   BANK0   BANK1   BANK2   BANK3   BANK4   BANK5   BANK6   BANK7
      Params:         0       0       0       0       0       0       0       0       0
      Locals:         0       0       0       0       0       0       0       0       0
      Temps:          0       0       0       0       0       0       0       0       0
      Totals:         0       0       0       0       0       0       0       0       0
Total ram usage:        0 bytes
 Hardware stack levels used:    1
 Hardware stack levels required when called:    9
 This function calls:
		_UART_printf
		_UART_write
		_dameValorLux
		_sprintf
 This function is called by:
		_sistemaPrincipal
 This function uses a non-reentrant model


 *************** function _leeHorariosMemoria *****************
 Defined at:
		line 199 in file "./AUTOMATIZADOR.h"
 Parameters:    Size  Location     Type
		None
 Auto vars:     Size  Location     Type
  j               2    9[COMRAM] int 
  i               2   13[COMRAM] int 
  contMemoria     2   11[COMRAM] int 
  caracterLeid    1    8[COMRAM] unsigned char 
 Return value:  Size  Location     Type
                  1    wreg      void 
 Registers used:
		wreg, fsr2l, fsr2h, status,2, status,0, prodl, prodh, cstack
 Tracked objects:
		On entry : 
		On exit  : 
		Unchanged: 
 Data sizes:     COMRAM   BANK0   BANK1   BANK2   BANK3   BANK4   BANK5   BANK6   BANK7
      Params:         0       0       0       0       0       0       0       0       0
      Locals:         7       0       0       0       0       0       0       0       0
      Temps:          2       0       0       0       0       0       0       0       0
      Totals:         9       0       0       0       0       0       0       0       0
Total ram usage:        9 bytes
 Hardware stack levels used:    1
 Hardware stack levels required when called:    4
 This function calls:
		_UART_write
		___wmul
		_leer_eeprom
 This function is called by:
		_sistemaPrincipal
 This function uses a non-reentrant model


 *************** function _leer_eeprom *****************
 Defined at:
		line 163 in file "./AUTOMATIZADOR.h"
 Parameters:    Size  Location     Type
  direccion       2    2[COMRAM] unsigned short 
 Auto vars:     Size  Location     Type
  dato            1    5[COMRAM] unsigned char 
 Return value:  Size  Location     Type
                  1    wreg      unsigned char 
 Registers used:
		wreg, status,2, status,0, cstack
 Tracked objects:
		On entry : 
		On exit  : 
		Unchanged: 
 Data sizes:     COMRAM   BANK0   BANK1   BANK2   BANK3   BANK4   BANK5   BANK6   BANK7
      Params:         2       0       0       0       0       0       0       0       0
      Locals:         1       0       0       0       0       0       0       0       0
      Temps:          1       0       0       0       0       0       0       0       0
      Totals:         4       0       0       0       0       0       0       0       0
Total ram usage:        4 bytes
 Hardware stack levels used:    1
 Hardware stack levels required when called:    3
 This function calls:
		_i2c_detener
		_i2c_envia_dato
		_i2c_inicia_com
		_i2c_recibe_dato
		_i2c_reinicia_com
 This function is called by:
		_leeHorariosMemoria
 This function uses a non-reentrant model


 *************** function _fijaHoraRtc *****************
 Defined at:
		line 244 in file "./AUTOMATIZADOR.h"
 Parameters:    Size  Location     Type
		None
 Auto vars:     Size  Location     Type
		None
[...]
		None
 Return value:  Size  Location     Type
                  1    wreg      void 
 Registers used:
		wreg, status,2
 Tracked objects:
		On entry : 
		On exit  : 
		Unchanged: 
 Data sizes:     COMRAM   BANK0   BANK1   BANK2   BANK3   BANK4   BANK5   BANK6   BANK7
      Params:         0       0       0       0       0       0       0       0       0
      Locals:         0       0       0       0       0       0       0       0       0
      Temps:          0       0       0       0       0       0       0       0       0
      Totals:         0       0       0       0       0       0       0       0       0
Total ram usage:        0 bytes
 Hardware stack levels used:    1
 Hardware stack levels required when called:    1
 This function calls:
		Nothing
 This function is called by:
		_main
 This function uses a non-reentrant model


 *************** function _configPwm *****************
 Defined at:
		line 47 in file "./pwm.h"
 Parameters:    Size  Location     Type
  channel         1    wreg     unsigned char 
 Auto vars:     Size  Location     Type
  channel         1    2[COMRAM] unsigned char 
 Return value:  Size  Location     Type
                  1    wreg      void 
 Registers used:
		wreg, status,2, status,0
 Tracked objects:
		On entry : 
		On exit  : 
		Unchanged: 
 Data sizes:     COMRAM   BANK0   BANK1   BANK2   BANK3   BANK4   BANK5   BANK6   BANK7
      Params:         0       0       0       0       0       0       0       0       0
      Locals:         1       0       0       0       0       0       0       0       0
      Temps:          2       0       0       0       0       0       0       0       0
      Totals:         3       0       0       0       0       0       0       0       0
Total ram usage:        3 bytes
 Hardware stack levels used:    1
 Hardware stack levels required when called:    1
 This function calls:
		Nothing
 This function is called by:
		_main
 This function uses a non-reentrant model


 *************** function _bh1750_iniciar *****************
 Defined at:
		line 27 in file "./bh1750.h"
 Parameters:    Size  Location     Type
		None
 Auto vars:     Size  Location     Type
		None
 Return value:  Size  Location     Type
                  1    wreg      void 
 Registers used:
		wreg, status,2, status,0, cstack
 Tracked objects:
		On entry : 
		On exit  : 
		Unchanged: 
 Data sizes:     COMRAM   BANK0   BANK1   BANK2   BANK3   BANK4   BANK5   BANK6   BANK7
      Params:         0       0       0       0       0       0       0       0       0
      Locals:         0       0       0       0       0       0       0       0       0
      Temps:          1       0       0       0       0       0       0       0       0
      Totals:         1       0       0       0       0       0       0       0       0
Total ram usage:        1 bytes
 Hardware stack levels used:    1
 Hardware stack levels required when called:    4
 This function calls:
		_bh1750_escribir
 This function is called by:
		_main
 This function uses a non-reentrant model


 *************** function _bh1750_escribir *****************
 Defined at:
		line 32 in file "./bh1750.h"
 Parameters:    Size  Location     Type
  comando         1    wreg     unsigned char 
 Auto vars:     Size  Location     Type
  comando         1    2[COMRAM] unsigned char 
 Return value:  Size  Location     Type
                  1    wreg      void 
 Registers used:
		wreg, status,2, status,0, cstack
 Tracked objects:
		On entry : 
		On exit  : 
		Unchanged: 
 Data sizes:     COMRAM   BANK0   BANK1   BANK2   BANK3   BANK4   BANK5   BANK6   BANK7
      Params:         0       0       0       0       0       0       0       0       0
      Locals:         1       0       0       0       0       0       0       0       0
      Temps:          0       0       0       0       0       0       0       0       0
      Totals:         1       0       0       0       0       0       0       0       0
Total ram usage:        1 bytes
 Hardware stack levels used:    1
 Hardware stack levels required when called:    3
 This function calls:
		_i2c_detener
		_i2c_envia_dato
		_i2c_inicia_com
 This function is called by:
		_bh1750_iniciar
		_dameValorLux
 This function uses a non-reentrant model


 *************** function _i2c_inicia_com *****************
 Defined at:
		line 37 in file "./I2C.h"
 Parameters:    Size  Location     Type
		None
 Auto vars:     Size  Location     Type
		None
 Return value:  Size  Location     Type
                  1    wreg      void 
 Registers used:
		wreg, status,2, status,0, cstack
 Tracked objects:
		On entry : 
		On exit  : 
		Unchanged: 
 Data sizes:     COMRAM   BANK0   BANK1   BANK2   BANK3   BANK4   BANK5   BANK6   BANK7
      Params:         0       0       0       0       0       0       0       0       0
      Locals:         0       0       0       0       0       0       0       0       0
      Temps:          0       0       0       0       0       0       0       0       0
      Totals:         0       0       0       0       0       0       0       0       0
Total ram usage:        0 bytes
 Hardware stack levels used:    1
 Hardware stack levels required when called:    2
 This function calls:
		_i2c_espera
 This function is called by:
		_bh1750_escribir
		_bh1750_leer
		_escribe_rtc
		_leer_rtc
		_escribe_eeprom
		_leer_eeprom
 This function uses a non-reentrant model


 *************** function _i2c_envia_dato *****************
 Defined at:
		line 66 in file "./I2C.h"
 Parameters:    Size  Location     Type
  dato            1    wreg     unsigned char 
 Auto vars:     Size  Location     Type
  dato            1    1[COMRAM] unsigned char 
 Return value:  Size  Location     Type
                  1    wreg      unsigned char 
 Registers used:
		wreg, status,2, status,0, cstack
 Tracked objects:
		On entry : 
		On exit  : 
		Unchanged: 
 Data sizes:     COMRAM   BANK0   BANK1   BANK2   BANK3   BANK4   BANK5   BANK6   BANK7
      Params:         0       0       0       0       0       0       0       0       0
      Locals:         1       0       0       0       0       0       0       0       0
      Temps:          0       0       0       0       0       0       0       0       0
      Totals:         1       0       0       0       0       0       0       0       0
Total ram usage:        1 bytes
 Hardware stack levels used:    1
 Hardware stack levels required when called:    2
 This function calls:
		_i2c_espera
 This function is called by:
		_bh1750_escribir
		_bh1750_leer
		_escribe_rtc
		_leer_rtc
		_escribe_eeprom
		_leer_eeprom
 This function uses a non-reentrant model


 *************** function _i2c_detener *****************
 Defined at:
		line 55 in file "./I2C.h"
 Parameters:    Size  Location     Type
		None
 Auto vars:     Size  Location     Type
		None
 Return value:  Size  Location     Type
                  1    wreg      void 
 Registers used:
		wreg, status,2, status,0, cstack
 Tracked objects:
		On entry : 
		On exit  : 
		Unchanged: 
 Data sizes:     COMRAM   BANK0   BANK1   BANK2   BANK3   BANK4   BANK5   BANK6   BANK7
      Params:         0       0       0       0       0       0       0       0       0
      Locals:         0       0       0       0       0       0       0       0       0
      Temps:          0       0       0       0       0       0       0       0       0
      Totals:         0       0       0       0       0       0       0       0       0
Total ram usage:        0 bytes
 Hardware stack levels used:    1
 Hardware stack levels required when called:    2
 This function calls:
		_i2c_espera
 This function is called by:
		_bh1750_escribir
		_bh1750_leer
		_escribe_rtc
		_leer_rtc
		_escribe_eeprom
		_leer_eeprom
 This function uses a non-reentrant model


 *************** function _i2c_espera *****************
 Defined at:
		line 29 in file "./I2C.h"
 Parameters:    Size  Location     Type
		None
 Auto vars:     Size  Location     Type
		None
 Return value:  Size  Location     Type
                  1    wreg      void 
 Registers used:
		wreg, status,2, status,0
 Tracked objects:
		On entry : 
		On exit  : 
		Unchanged: 
 Data sizes:     COMRAM   BANK0   BANK1   BANK2   BANK3   BANK4   BANK5   BANK6   BANK7
      Params:         0       0       0       0       0       0       0       0       0
      Locals:         0       0       0       0       0       0       0       0       0
      Temps:          1       0       0       0       0       0       0       0       0
      Totals:         1       0       0       0       0       0       0       0       0
Total ram usage:        1 bytes
 Hardware stack levels used:    1
 Hardware stack levels required when called:    1
 This function calls:
		Nothing
 This function is called by:
		_i2c_inicia_com
		_i2c_reinicia_com
		_i2c_detener
		_i2c_envia_dato
		_i2c_recibe_dato
		_i2c_recibe_datoACK
 This function uses a non-reentrant model


 *************** function _UART_init *****************
 Defined at:
		line 12 in file "./UART.h"
 Parameters:    Size  Location     Type
  BAUD            4   26[COMRAM] long 
 Auto vars:     Size  Location     Type
  frecuenciaCr    4    0        long 
 Return value:  Size  Location     Type
                  1    wreg      void 
 Registers used:
		wreg, status,2, status,0, cstack
 Tracked objects:
		On entry : 
		On exit  : 
		Unchanged: 
 Data sizes:     COMRAM   BANK0   BANK1   BANK2   BANK3   BANK4   BANK5   BANK6   BANK7
      Params:         4       0       0       0       0       0       0       0       0
      Locals:         8       0       0       0       0       0       0       0       0
      Temps:          0       0       0       0       0       0       0       0       0
      Totals:        12       0       0       0       0       0       0       0       0
Total ram usage:       12 bytes
 Hardware stack levels used:    1
 Hardware stack levels required when called:    2
 This function calls:
		___aldiv
 This function is called by:
		_main
 This function uses a non-reentrant model


 *************** function ___aldiv *****************
 Defined at:
		line 7 in file "C:\Program Files (x86)\Microchip\xc8\v2.10\pic\sources\c99\common\aldiv.c"
 Parameters:    Size  Location     Type
  dividend        4   12[COMRAM] long 
  divisor         4   16[COMRAM] long 
 Auto vars:     Size  Location     Type
  quotient        4   22[COMRAM] long 
  sign            1   21[COMRAM] unsigned char 
  counter         1   20[COMRAM] unsigned char 
 Return value:  Size  Location     Type
                  4   12[COMRAM] long 
 Registers used:
		wreg, status,2, status,0
 Tracked objects:
		On entry : 
		On exit  : 
		Unchanged: 
 Data sizes:     COMRAM   BANK0   BANK1   BANK2   BANK3   BANK4   BANK5   BANK6   BANK7
      Params:         8       0       0       0       0       0       0       0       0
      Locals:         6       0       0       0       0       0       0       0       0
      Temps:          0       0       0       0       0       0       0       0       0
      Totals:        14       0       0       0       0       0       0       0       0
Total ram usage:       14 bytes
 Hardware stack levels used:    1
 Hardware stack levels required when called:    1
 This function calls:
		Nothing
 This function is called by:
		_UART_init
		_map
 This function uses a non-reentrant model


 *************** function _desbordamiento *****************
 Defined at:
		line 14 in file "main.c"
 Parameters:    Size  Location     Type
		None
 Auto vars:     Size  Location     Type
		None
 Return value:  Size  Location     Type
                  1    wreg      void 
 Registers used:
		wreg, status,2, status,0
 Tracked objects:
		On entry : 
		On exit  : 
		Unchanged: 
 Data sizes:     COMRAM   BANK0   BANK1   BANK2   BANK3   BANK4   BANK5   BANK6   BANK7
      Params:         0       0       0       0       0       0       0       0       0
      Locals:         0       0       0       0       0       0       0       0       0
      Temps:          0       0       0       0       0       0       0       0       0
      Totals:         0       0       0       0       0       0       0       0       0
Total ram usage:        0 bytes
 Hardware stack levels used:    1
 This function calls:
		Nothing
 This function is called by:
		Interrupt level 2
 This function uses a non-reentrant model



MODULE INFORMATION

Module		Function		Class		Link	Load	Size
./bh1750.h
		_dameValorLux  		CODE           	39EA	0000	79
		_bh1750_leer   		CODE           	30E4	0000	189
		_bh1750_iniciar		CODE           	3DEA	0000	23
		_bh1750_escribir		CODE           	3DA6	0000	25

./bh1750.h estimated size: 316

C:\Program Files (x86)\Microchip\xc8\v2.10\pic\sources\c99\common\atoi.c
		_atoi          		CODE           	1E36	0000	401

C:\Program Files (x86)\Microchip\xc8\v2.10\pic\sources\c99\common\atoi.c estimated size: 401

C:\Program Files (x86)\Microchip\xc8\v2.10\pic\sources\c99\common\Umul32.c
		___lmul        		CODE           	366C	0000	107

C:\Program Files (x86)\Microchip\xc8\v2.10\pic\sources\c99\common\Umul32.c estimated size: 107

C:\Program Files (x86)\Microchip\xc8\v2.10\pic\sources\c99\common\aodiv.c
		___aodiv       		CODE           	22DA	0000	393

C:\Program Files (x86)\Microchip\xc8\v2.10\pic\sources\c99\common\aodiv.c estimated size: 393

C:\Program Files (x86)\Microchip\xc8\v2.10\pic\sources\c99\common\xxtofl.c
		___xxtofl      		CODE           	1C82	0000	437

C:\Program Files (x86)\Microchip\xc8\v2.10\pic\sources\c99\common\xxtofl.c estimated size: 437

C:\Program Files (x86)\Microchip\xc8\v2.10\pic\sources\c99\common\awdiv.c
		___awdiv       		CODE           	3020	0000	197

C:\Program Files (x86)\Microchip\xc8\v2.10\pic\sources\c99\common\awdiv.c estimated size: 197

C:\Program Files (x86)\Microchip\xc8\v2.10\pic\sources\c99\common\isspace.c
		_isspace       		CODE           	38F8	0000	83

C:\Program Files (x86)\Microchip\xc8\v2.10\pic\sources\c99\common\isspace.c estimated size: 83

C:\Program Files (x86)\Microchip\xc8\v2.10\pic\sources\c99\common\strlen.c
		_strlen        		CODE           	3BE6	0000	55

C:\Program Files (x86)\Microchip\xc8\v2.10\pic\sources\c99\common\strlen.c estimated size: 55

C:\Program Files (x86)\Microchip\xc8\v2.10\pic\sources\c99\common\fltol.c
		___fltol       		CODE           	2D8A	0000	263

C:\Program Files (x86)\Microchip\xc8\v2.10\pic\sources\c99\common\fltol.c estimated size: 263

C:\Program Files (x86)\Microchip\xc8\v2.10\pic\sources\c99\common\aldiv.c
		___aldiv       		CODE           	2C7E	0000	269

C:\Program Files (x86)\Microchip\xc8\v2.10\pic\sources\c99\common\aldiv.c estimated size: 269

C:\Program Files (x86)\Microchip\xc8\v2.10\pic\sources\c99\common\sprcmul.c
		___flmul       		CODE           	0ADA	0000	1067

C:\Program Files (x86)\Microchip\xc8\v2.10\pic\sources\c99\common\sprcmul.c estimated size: 1067

./UART.h
		_UART_read     		CODE           	3852	0000	85
		_UART_init     		CODE           	35FC	0000	113
		_UART_printf   		CODE           	379A	0000	95
		_UART_write    		CODE           	3DBE	0000	23

./UART.h estimated size: 316

C:\Program Files (x86)\Microchip\xc8\v2.10\pic\sources\c99\common\sprcdiv.c
		___fldiv       		CODE           	0F04	0000	923

C:\Program Files (x86)\Microchip\xc8\v2.10\pic\sources\c99\common\sprcdiv.c estimated size: 923

./AUTOMATIZADOR.h
		_mostrarDatosSensores		CODE           	394A	0000	81
		_getValue      		CODE           	0012	0000	1465
		_horaIluminar  		CODE           	3394	0000	133
		_inicializarObjetos		CODE           	2150	0000	395
		_leer_eeprom   		CODE           	3B3A	0000	61
		_sistemaPrincipal		CODE           	31A0	0000	181
		_sistemaIluminado		CODE           	1FC6	0000	395
		_escribe_eeprom		CODE           	3C4E	0000	49
		_asignarSetPoint		CODE           	2B54	0000	299
		_asignarHorarios		CODE           	2A10	0000	325
		_dameDiaActual 		CODE           	3E12	0000	17
		_fijaHoraRtc   		CODE           	3AFC	0000	63
		_leeHorariosMemoria		CODE           	25E8	0000	367
		_escribeHorariosMemoria		CODE           	28BA	0000	343
		_setRtcDefault 		CODE           	3C1C	0000	51
		_setRtc        		CODE           	358A	0000	115
		_dameDatosSistema		CODE           	129E	0000	797
		_rangoPermitidoSetPoint		CODE           	3512	0000	121
		_limpiarBuffer 		CODE           	3A7C	0000	65
		_setTiempoIluminar		CODE           	3418	0000	129
		_dameHoraActual		CODE           	3CAC	0000	45
		_fijaDiaRtc    		CODE           	3B76	0000	57

./AUTOMATIZADOR.h estimated size: 5554

./RTC.h
		_leer_rtc      		CODE           	3CD8	0000	43
		_convertirDato 		CODE           	3D4E	0000	33
		_escribe_rtc   		CODE           	3D6E	0000	31

./RTC.h estimated size: 107

C:\Program Files (x86)\Microchip\xc8\v2.10\pic\sources\c99\common\doprnt.c
		_vfpfcnvrt     		CODE           	05CA	0000	1297
		_pad           		CODE           	2F5A	0000	199
		_dtoa          		CODE           	15BA	0000	741
		_vfprintf      		CODE           	36D6	0000	99
		_stoa          		CODE           	2462	0000	391

C:\Program Files (x86)\Microchip\xc8\v2.10\pic\sources\c99\common\doprnt.c estimated size: 2727

C:\Program Files (x86)\Microchip\xc8\v2.10\pic\sources\c99\common\nf_fputs.c
		_fputs         		CODE           	3A38	0000	69

C:\Program Files (x86)\Microchip\xc8\v2.10\pic\sources\c99\common\nf_fputs.c estimated size: 69

shared
		__initialization		CODE           	37F8	0000	77

shared estimated size: 77

./control.h
		_PID           		CODE           	189E	0000	561

./control.h estimated size: 561

C:\Program Files (x86)\Microchip\xc8\v2.10\pic\sources\c99\common\putch.c
		_putch         		CODE           	3E46	0000	3

C:\Program Files (x86)\Microchip\xc8\v2.10\pic\sources\c99\common\putch.c estimated size: 3

C:\Program Files (x86)\Microchip\xc8\v2.10\pic\sources\c99\common\isdigit.c
		_isdigit       		CODE           	3BAE	0000	57

C:\Program Files (x86)\Microchip\xc8\v2.10\pic\sources\c99\common\isdigit.c estimated size: 57

C:\Program Files (x86)\Microchip\xc8\v2.10\pic\sources\c99\common\aomod.c
		___aomod       		CODE           	2756	0000	357

C:\Program Files (x86)\Microchip\xc8\v2.10\pic\sources\c99\common\aomod.c estimated size: 357

C:\Program Files (x86)\Microchip\xc8\v2.10\pic\sources\c99\common\abs.c
		_abs           		CODE           	3ABC	0000	65

C:\Program Files (x86)\Microchip\xc8\v2.10\pic\sources\c99\common\abs.c estimated size: 65

C:\Program Files (x86)\Microchip\xc8\v2.10\pic\sources\c99\common\nf_sprintf.c
		_sprintf       		CODE           	38A6	0000	83

C:\Program Files (x86)\Microchip\xc8\v2.10\pic\sources\c99\common\nf_sprintf.c estimated size: 83

C:\Program Files (x86)\Microchip\xc8\v2.10\pic\sources\c99\common\Umul16.c
		___wmul        		CODE           	3D02	0000	39

C:\Program Files (x86)\Microchip\xc8\v2.10\pic\sources\c99\common\Umul16.c estimated size: 39

./I2C.h
		_i2c_inicia_com		CODE           	3E36	0000	9
		_i2c_envia_dato		CODE           	3E22	0000	13
		_i2c_recibe_datoACK		CODE           	3C7E	0000	47
		_i2c_reinicia_com		CODE           	3E2E	0000	9
		_i2c_detener   		CODE           	3E3E	0000	9
		_i2c_espera    		CODE           	3D28	0000	39
		_i2c_recibe_dato		CODE           	3D8C	0000	27
		_i2c_iniciar   		CODE           	3DD4	0000	23

./I2C.h estimated size: 176

C:\Program Files (x86)\Microchip\xc8\v2.10\pic\sources\c99\common\awmod.c
		___awmod       		CODE           	3254	0000	177

C:\Program Files (x86)\Microchip\xc8\v2.10\pic\sources\c99\common\awmod.c estimated size: 177

main.c
		_desbordamiento		CODE           	0008	0000	105
		_main          		CODE           	3304	0000	145

main.c estimated size: 250

./pwm.h
		_map           		CODE           	3498	0000	123
		_configPwm     		CODE           	399A	0000	81
		_pwmDuty       		CODE           	1ACE	0000	437

./pwm.h estimated size: 641

C:\Program Files (x86)\Microchip\xc8\v2.10\pic\sources\c99\common\nf_fputc.c
		_fputc         		CODE           	2E90	0000	203

C:\Program Files (x86)\Microchip\xc8\v2.10\pic\sources\c99\common\nf_fputc.c estimated size: 203

