Microchip MPLAB XC8 Compiler V2.10 ()

Linker command line:

-W-3 --edf=C:\Program Files (x86)\Microchip\xc8\v2.10\pic\dat\en_msgs.txt \
  -cs -h+dist/default/production\iluminacion.X.production.sym \
  --cmf=dist/default/production\iluminacion.X.production.cmf -z -Q18F4550 \
  -oC:\Users\DIEGOM~1\AppData\Local\Temp\s5so.2 --defsym=__MPLAB_BUILD=1 \
  -Mdist/default/production/iluminacion.X.production.map -E1 -ver=XC8 \
  --acfsm=1493 -ASTACK=0150h-07FFh -pstack=STACK -ACODE=00h-07FFFh \
  -ACONST=00h-07FFFh -ASMALLCONST=0800h-08FFhx120 \
  -AMEDIUMCONST=0800h-07FFFh -ACOMRAM=01h-05Fh -AABS1=00h-07FFh \
  -ABIGRAM=01h-07FFh -ARAM=060h-0FFh,0100h-01FFhx7 -ABANK0=060h-0FFh \
  -ABANK1=0100h-01FFh -ABANK2=0200h-02FFh -ABANK3=0300h-03FFh \
  -ABANK4=0400h-04FFh -ABANK5=0500h-05FFh -ABANK6=0600h-06FFh \
  -ABANK7=0700h-07FFh -ASFR=0F60h-0FFFh \
  -preset_vec=00h,intcode,intcodelo,powerup,init -pramtop=0800h \
  -psmallconst=SMALLCONST -pmediumconst=MEDIUMCONST -pconst=CONST \
  -AFARRAM=00h-00h -ACONFIG=0300000h-030000Dh -pconfig=CONFIG \
  -AIDLOC=0200000h-0200007h -pidloc=IDLOC -AEEDATA=0F00000h-0F000FFh \
  -peeprom_data=EEDATA \
  -prdata=COMRAM,nvrram=COMRAM,nvbit=COMRAM,rbss=COMRAM,rbit=COMRAM \
  -pfarbss=FARRAM,fardata=FARRAM,nvFARRAM=FARRAM \
  -pintsave_regs=BIGRAM,bigbss=BIGRAM,bigdata=BIGRAM -pbss=RAM \
  -pidata=CODE,irdata=CODE,ibigdata=CODE,ifardata=CODE -prparam=COMRAM \
  C:\Users\DIEGOM~1\AppData\Local\Temp\s5so.o \
  dist/default/production\iluminacion.X.production.o 

Object code version is 3.11

Machine type is 18F4550

Call graph: (short form)




                Name                               Link     Load   Length Selector   Space Scale
C:\Users\DIEGOM~1\AppData\Local\Temp\s5so.o
                init                                  0        0        4        0       0
                idloc                            200000   200000        8   200000       0
                config                           300000   300000        E   300000       0
dist/default/production\iluminacion.X.production.o
                smallconst                          800      800       2E      400       0
                text44                             383E     383E       26      417       0
                text43                             38F4     38F4        8      417       0
                text42                             38E0     38E0        C      417       0
                text41                             38EC     38EC        8      417       0
                text40                             3886     3886       18      417       0
                text39                             38CA     38CA       16      417       0
                text38                             2A18     2A18      10C      417       0
                text37                             33D6     33D6       70      417       0
                text36                             38B4     38B4       16      417       0
                text35                             37BA     37BA       30      417       0
                text34                             37EA     37EA       2E      417       0
                text33                             3608     3608       4A      417       0
                text32                             2128     2128      39A      417       0
                text31                             2B24     2B24      106      417       0
                text30                             26D4     26D4      1B4      417       0
                text29                             32B0     32B0       A8      417       0
                text28                             389E     389E       16      417       0
                text27                             3818     3818       26      417       0
                text26                             374C     374C       38      417       0
                text25                             35B6     35B6       52      417       0
                text24                             2888     2888      190      417       0
                text23                             3092     3092       C4      417       0
                text22                             3156     3156       B0      417       0
                text21                             3206     3206       AA      417       0
                text20                             2C2A     2C2A      104      417       0
                text19                             1CFE     1CFE      42A      417       0
                text18                             3714     3714       38      417       0
                text17                             13DE     13DE      4C0      417       0
                text16                             3652     3652       46      417       0
                text15                             2D2E     2D2E       FE      417       0
                text14                             24C2     24C2      212      417       0
                text13                             38FC     38FC        2      417       0
                text12                             2F02     2F02       CA      417       0
                text11                             3698     3698       44      417       0
                text10                             3784     3784       36      417       0
                text9                              2FCC     2FCC       C6      417       0
                text8                              3508     3508       5C      417       0
                text7                              36DC     36DC       38      417       0
                text6                              34A8     34A8       60      417       0
                text5                               82E      82E      BB0      417       0
                text4                              2E2C     2E2C       D6      417       0
                text3                              189E     189E      460      417       0
                text2                              3446     3446       62      417       0
                text1                              3564     3564       52      417       0
                text0                              3358     3358       7E      417       0
                cstackCOMRAM                          1        1       5F        1       1
                cstackBANK0                          60       60       73       60       1
                bssBANK1                            100      100       50      100       1
                bssBANK0                             D3       D3       10       60       1
                cinit                              3864     3864       22      417       0

TOTAL           Name                               Link     Load   Length     Space
        CLASS   STACK          

        CLASS   CODE           
                init                                  0        0        4         0
                text44                             383E     383E       26         0
                text43                             38F4     38F4        8         0
                text42                             38E0     38E0        C         0
                text41                             38EC     38EC        8         0
                text40                             3886     3886       18         0
                text39                             38CA     38CA       16         0
                text38                             2A18     2A18      10C         0
                text37                             33D6     33D6       70         0
                text36                             38B4     38B4       16         0
                text35                             37BA     37BA       30         0
                text34                             37EA     37EA       2E         0
                text33                             3608     3608       4A         0
                text32                             2128     2128      39A         0
                text31                             2B24     2B24      106         0
                text30                             26D4     26D4      1B4         0
                text29                             32B0     32B0       A8         0
                text28                             389E     389E       16         0
                text27                             3818     3818       26         0
                text26                             374C     374C       38         0
                text25                             35B6     35B6       52         0
                text24                             2888     2888      190         0
                text23                             3092     3092       C4         0
                text22                             3156     3156       B0         0
                text21                             3206     3206       AA         0
                text20                             2C2A     2C2A      104         0
                text19                             1CFE     1CFE      42A         0
                text18                             3714     3714       38         0
                text17                             13DE     13DE      4C0         0
                text16                             3652     3652       46         0
                text15                             2D2E     2D2E       FE         0
                text14                             24C2     24C2      212         0
                text13                             38FC     38FC        2         0
                text12                             2F02     2F02       CA         0
                text11                             3698     3698       44         0
                text10                             3784     3784       36         0
                text9                              2FCC     2FCC       C6         0
                text8                              3508     3508       5C         0
                text7                              36DC     36DC       38         0
                text6                              34A8     34A8       60         0
                text5                               82E      82E      BB0         0
                text4                              2E2C     2E2C       D6         0
                text3                              189E     189E      460         0
                text2                              3446     3446       62         0
                text1                              3564     3564       52         0
                text0                              3358     3358       7E         0
                cinit                              3864     3864       22         0

        CLASS   CONST          

        CLASS   SMALLCONST     
                smallconst                          800      800       2E         0

        CLASS   MEDIUMCONST    

        CLASS   COMRAM         
                cstackCOMRAM                          1        1       5F         1

        CLASS   ABS1           

        CLASS   BIGRAM         

        CLASS   RAM            

        CLASS   BANK0          
                cstackBANK0                          60       60       73         1
                bssBANK0                             D3       D3       10         1

        CLASS   BANK1          
                bssBANK1                            100      100       50         1

        CLASS   BANK2          

        CLASS   BANK3          

        CLASS   BANK4          

        CLASS   BANK5          

        CLASS   BANK6          

        CLASS   BANK7          

        CLASS   SFR            

        CLASS   FARRAM         

        CLASS   CONFIG         
                config                           300000   300000        E         0

        CLASS   IDLOC          
                idloc                            200000   200000        8         0

        CLASS   EEDATA         



SEGMENTS        Name                           Load    Length   Top    Selector   Space  Class

                reset_vec                      000000  000004  000004         0       0  CODE    
                cstackCOMRAM                   000001  00005F  000060         1       1  COMRAM  
                cstackBANK0                    000060  000083  0000E3        60       1  BANK0   
                bssBANK1                       000100  000050  000150       100       1  BANK1   
                smallconst                     000800  00002E  00082E       400       0  SMALLCON
                text5                          00082E  0030D0  0038FE       417       0  CODE    
                idloc                          200000  000008  200008    200000       0  IDLOC   
                config                         300000  00000E  30000E    300000       0  CONFIG  


UNUSED ADDRESS RANGES

        Name                Unused          Largest block    Delta
        BANK0            0000E3-0000FF               1D
        BANK1            000150-0001FF               B0
        BANK2            000200-0002FF              100
        BANK3            000300-0003FF              100
        BANK4            000400-0004FF              100
        BANK5            000500-0005FF              100
        BANK6            000600-0006FF              100
        BANK7            000700-0007FF              100
        BIGRAM           0000E3-0000FF               1D
                         000150-0007FF              6B0
        CODE             000004-0007FF              7FC
                         0038FE-007FFF             4702
        CONST            000004-0007FF              7FC
                         0038FE-007FFF             4702
        EEDATA           F00000-F000FF              100
        MEDIUMCONST      0038FE-007FFF             4702
        RAM              0000E3-0000FF               1D
                         000150-0007FF              100
        SFR              000F60-000FFF               A0
        SMALLCONST       0038FE-007FFF              100
        STACK            000150-0007FF              6B0

                                  Symbol Table

?_BH1750_read_word           cstackCOMRAM 000004
?___aldiv                    cstackCOMRAM 000001
?___awdiv                    cstackCOMRAM 000001
?___awmod                    cstackCOMRAM 000001
?___fladd                    cstackCOMRAM 000001
?___fldiv                    cstackCOMRAM 00000F
?___flmul                    cstackCOMRAM 000001
?___flneg                    cstackCOMRAM 000001
?___flsub                    cstackCOMRAM 00001A
?___fltol                    cstackCOMRAM 000028
?___fpclassifyf              cstackCOMRAM 000001
?___wmul                     cstackCOMRAM 000001
?___xxtofl                   cstackCOMRAM 000001
?_atoi                       cstackCOMRAM 000008
?_efgtoa                     cstackCOMRAM 00003C
?_floorf                     cstackCOMRAM 000028
?_get_lux_value              cstackCOMRAM 000032
?_isdigit                    cstackCOMRAM 000001
?_isspace                    cstackCOMRAM 000001
?_isupper                    cstackCOMRAM 000001
?_pad                        cstackCOMRAM 000011
?_sprintf                    cstackBANK0  00009E
?_strlen                     cstackCOMRAM 000001
?_strncmp                    cstackCOMRAM 000001
?_tolower                    cstackCOMRAM 000007
?_vfpfcnvrt                  cstackCOMRAM 000048
?_vfprintf                   cstackBANK0  000098
BH1750_read_word@hb          cstackCOMRAM 00000B
BH1750_read_word@lb          cstackCOMRAM 00000A
BH1750_write@cmd             cstackCOMRAM 000003
UART_init@BAUD               cstackCOMRAM 00000F
UART_printf@cadena           cstackCOMRAM 000002
UART_write@dato              cstackCOMRAM 000001
_ACKDT                       (abs)        007E2D
_ACKEN                       (abs)        007E2C
_ACKSTAT                     (abs)        007E2E
_BH1750_init                 text39       0038CA
_BH1750_read_word            text33       003608
_BH1750_write                text40       003886
_RCIF                        (abs)        007CF5
_RCREG                       (abs)        000FAE
_RCSTAbits                   (abs)        000FAB
_SPBRG                       (abs)        000FAF
_SSPADD                      (abs)        000FC8
_SSPBUF                      (abs)        000FC9
_SSPCON1                     (abs)        000FC6
_SSPCON2                     (abs)        000FC5
_SSPCON2bits                 (abs)        000FC5
_SSPSTAT                     (abs)        000FC7
_TRISBbits                   (abs)        000F93
_TRISC6                      (abs)        007CA6
_TRISC7                      (abs)        007CA7
_TXREG                       (abs)        000FAD
_TXSTAbits                   (abs)        000FAC
_UART_init                   text37       0033D6
_UART_init$1247              cstackCOMRAM 000017
_UART_printf                 text35       0037BA
_UART_write                  text36       0038B4
__CFG_BOR$OFF                (abs)        000000
__CFG_BORV$3                 (abs)        000000
__CFG_CCP2MX$ON              (abs)        000000
__CFG_CP0$OFF                (abs)        000000
__CFG_CP1$OFF                (abs)        000000
__CFG_CP2$OFF                (abs)        000000
__CFG_CP3$OFF                (abs)        000000
__CFG_CPB$OFF                (abs)        000000
__CFG_CPD$OFF                (abs)        000000
__CFG_CPUDIV$OSC1_PLL2       (abs)        000000
__CFG_EBTR0$OFF              (abs)        000000
__CFG_EBTR1$OFF              (abs)        000000
__CFG_EBTR2$OFF              (abs)        000000
__CFG_EBTR3$OFF              (abs)        000000
__CFG_EBTRB$OFF              (abs)        000000
__CFG_FCMEN$OFF              (abs)        000000
__CFG_FOSC$XT_XT             (abs)        000000
__CFG_ICPRT$OFF              (abs)        000000
__CFG_IESO$OFF               (abs)        000000
__CFG_LPT1OSC$OFF            (abs)        000000
__CFG_LVP$OFF                (abs)        000000
__CFG_MCLRE$ON               (abs)        000000
__CFG_PBADEN$OFF             (abs)        000000
__CFG_PLLDIV$1               (abs)        000000
__CFG_PWRT$OFF               (abs)        000000
__CFG_STVREN$OFF             (abs)        000000
__CFG_USBDIV$1               (abs)        000000
__CFG_VREGEN$OFF             (abs)        000000
__CFG_WDT$OFF                (abs)        000000
__CFG_WDTPS$32768            (abs)        000000
__CFG_WRT0$OFF               (abs)        000000
__CFG_WRT1$OFF               (abs)        000000
__CFG_WRT2$OFF               (abs)        000000
__CFG_WRT3$OFF               (abs)        000000
__CFG_WRTB$OFF               (abs)        000000
__CFG_WRTC$OFF               (abs)        000000
__CFG_WRTD$OFF               (abs)        000000
__CFG_XINST$OFF              (abs)        000000
__HRAM                       (abs)        000000
__Habs1                      abs1         000000
__Hbank0                     bank0        000000
__Hbank1                     bank1        000000
__Hbank2                     bank2        000000
__Hbank3                     bank3        000000
__Hbank4                     bank4        000000
__Hbank5                     bank5        000000
__Hbank6                     bank6        000000
__Hbank7                     bank7        000000
__Hbigbss                    bigbss       000000
__Hbigdata                   bigdata      000000
__Hbigram                    bigram       000000
__Hbss                       bss          000000
__HbssBANK0                  bssBANK0     000000
__HbssBANK1                  bssBANK1     000000
__Hcinit                     cinit        000000
__Hclrtext                   clrtext      000000
__Hcomram                    comram       000000
__Hconfig                    config       30000E
__Hconst                     const        000000
__HcstackBANK0               cstackBANK0  000000
__HcstackCOMRAM              cstackCOMRAM 000000
__Hdata                      data         000000
__Heeprom_data               eeprom_data  000000
__Hfarbss                    farbss       000000
__Hfardata                   fardata      000000
__Hibigdata                  ibigdata     000000
__Hidata                     idata        000000
__Hidloc                     idloc        200008
__Hifardata                  ifardata     000000
__Hinit                      init         000004
__Hintcode                   intcode      000000
__Hintcode_body              intcode_body 000000
__Hintcodelo                 intcodelo    000000
__Hintentry                  intentry     000000
__Hintret                    intret       000000
__Hintsave_regs              intsave_regs 000000
__Hirdata                    irdata       000000
__Hmediumconst               mediumconst  000000
__HnvFARRAM                  nvFARRAM     000000
__Hnvbit                     nvbit        000000
__Hnvrram                    nvrram       000000
__Hparam                     rparam       000000
__Hpowerup                   powerup      000000
__Hram                       ram          000000
__Hramtop                    ramtop       000800
__Hrbit                      rbit         000000
__Hrbss                      rbss         000000
__Hrdata                     rdata        000000
__Hreset_vec                 reset_vec    000000
__Hrparam                    rparam       000000
__Hsfr                       sfr          000000
__Hsmallconst                smallconst   00082E
__Hspace_0                   (abs)        30000E
__Hspace_1                   (abs)        000150
__Hspace_2                   (abs)        000000
__Hstack                     stack        000000
__Hstruct                    struct       000000
__Htemp                      temp         000000
__Htext                      text         000000
__Htext0                     text0        000000
__Htext1                     text1        000000
__Htext10                    text10       000000
__Htext11                    text11       000000
__Htext12                    text12       000000
__Htext13                    text13       000000
__Htext14                    text14       000000
__Htext15                    text15       000000
__Htext16                    text16       000000
__Htext17                    text17       000000
__Htext18                    text18       000000
__Htext19                    text19       000000
__Htext2                     text2        000000
__Htext20                    text20       000000
__Htext21                    text21       000000
__Htext22                    text22       000000
__Htext23                    text23       000000
__Htext24                    text24       000000
__Htext25                    text25       000000
__Htext26                    text26       000000
__Htext27                    text27       000000
__Htext28                    text28       000000
__Htext29                    text29       000000
__Htext3                     text3        000000
__Htext30                    text30       000000
__Htext31                    text31       000000
__Htext32                    text32       000000
__Htext33                    text33       000000
__Htext34                    text34       000000
__Htext35                    text35       000000
__Htext36                    text36       000000
__Htext37                    text37       000000
__Htext38                    text38       000000
__Htext39                    text39       000000
__Htext4                     text4        000000
__Htext40                    text40       000000
__Htext41                    text41       000000
__Htext42                    text42       000000
__Htext43                    text43       000000
__Htext44                    text44       000000
__Htext5                     text5        000000
__Htext6                     text6        000000
__Htext7                     text7        000000
__Htext8                     text8        000000
__Htext9                     text9        000000
__LRAM                       (abs)        000001
__Labs1                      abs1         000000
__Lbank0                     bank0        000000
__Lbank1                     bank1        000000
__Lbank2                     bank2        000000
__Lbank3                     bank3        000000
__Lbank4                     bank4        000000
__Lbank5                     bank5        000000
__Lbank6                     bank6        000000
__Lbank7                     bank7        000000
__Lbigbss                    bigbss       000000
__Lbigdata                   bigdata      000000
__Lbigram                    bigram       000000
__Lbss                       bss          000000
__LbssBANK0                  bssBANK0     000000
__LbssBANK1                  bssBANK1     000000
__Lcinit                     cinit        000000
__Lclrtext                   clrtext      000000
__Lcomram                    comram       000000
__Lconfig                    config       300000
__Lconst                     const        000000
__LcstackBANK0               cstackBANK0  000000
__LcstackCOMRAM              cstackCOMRAM 000000
__Ldata                      data         000000
__Leeprom_data               eeprom_data  000000
__Lfarbss                    farbss       000000
__Lfardata                   fardata      000000
__Libigdata                  ibigdata     000000
__Lidata                     idata        000000
__Lidloc                     idloc        200000
__Lifardata                  ifardata     000000
__Linit                      init         000000
__Lintcode                   intcode      000000
__Lintcode_body              intcode_body 000000
__Lintcodelo                 intcodelo    000000
__Lintentry                  intentry     000000
__Lintret                    intret       000000
__Lintsave_regs              intsave_regs 000000
__Lirdata                    irdata       000000
__Lmediumconst               mediumconst  000000
__LnvFARRAM                  nvFARRAM     000000
__Lnvbit                     nvbit        000000
__Lnvrram                    nvrram       000000
__Lparam                     rparam       000000
__Lpowerup                   powerup      000000
__Lram                       ram          000000
__Lramtop                    ramtop       000800
__Lrbit                      rbit         000000
__Lrbss                      rbss         000000
__Lrdata                     rdata        000000
__Lreset_vec                 reset_vec    000000
__Lrparam                    rparam       000000
__Lsfr                       sfr          000000
__Lsmallconst                smallconst   000800
__Lspace_0                   (abs)        000000
__Lspace_1                   (abs)        000000
__Lspace_2                   (abs)        000000
__Lstack                     stack        000000
__Lstruct                    struct       000000
__Ltemp                      temp         000000
__Ltext                      text         000000
__Ltext0                     text0        000000
__Ltext1                     text1        000000
__Ltext10                    text10       000000
__Ltext11                    text11       000000
__Ltext12                    text12       000000
__Ltext13                    text13       000000
__Ltext14                    text14       000000
__Ltext15                    text15       000000
__Ltext16                    text16       000000
__Ltext17                    text17       000000
__Ltext18                    text18       000000
__Ltext19                    text19       000000
__Ltext2                     text2        000000
__Ltext20                    text20       000000
__Ltext21                    text21       000000
__Ltext22                    text22       000000
__Ltext23                    text23       000000
__Ltext24                    text24       000000
__Ltext25                    text25       000000
__Ltext26                    text26       000000
__Ltext27                    text27       000000
__Ltext28                    text28       000000
__Ltext29                    text29       000000
__Ltext3                     text3        000000
__Ltext30                    text30       000000
__Ltext31                    text31       000000
__Ltext32                    text32       000000
__Ltext33                    text33       000000
__Ltext34                    text34       000000
__Ltext35                    text35       000000
__Ltext36                    text36       000000
__Ltext37                    text37       000000
__Ltext38                    text38       000000
__Ltext39                    text39       000000
__Ltext4                     text4        000000
__Ltext40                    text40       000000
__Ltext41                    text41       000000
__Ltext42                    text42       000000
__Ltext43                    text43       000000
__Ltext44                    text44       000000
__Ltext5                     text5        000000
__Ltext6                     text6        000000
__Ltext7                     text7        000000
__Ltext8                     text8        000000
__Ltext9                     text9        000000
__S0                         (abs)        30000E
__S1                         (abs)        000150
__S2                         (abs)        000000
___aldiv                     text38       002A18
___aldiv@counter             cstackCOMRAM 000009
___aldiv@dividend            cstackCOMRAM 000001
___aldiv@divisor             cstackCOMRAM 000005
___aldiv@quotient            cstackCOMRAM 00000B
___aldiv@sign                cstackCOMRAM 00000A
___awdiv                     text23       003092
___awdiv@counter             cstackCOMRAM 000005
___awdiv@dividend            cstackCOMRAM 000001
___awdiv@divisor             cstackCOMRAM 000003
___awdiv@quotient            cstackCOMRAM 000007
___awdiv@sign                cstackCOMRAM 000006
___awmod                     text22       003156
___awmod@counter             cstackCOMRAM 000005
___awmod@dividend            cstackCOMRAM 000001
___awmod@divisor             cstackCOMRAM 000003
___awmod@sign                cstackCOMRAM 000006
___fladd                     text17       0013DE
___fladd@a                   cstackCOMRAM 000005
___fladd@aexp                cstackCOMRAM 00000E
___fladd@b                   cstackCOMRAM 000001
___fladd@bexp                cstackCOMRAM 00000F
___fladd@grs                 cstackCOMRAM 000010
___fladd@signs               cstackCOMRAM 00000D
___fldiv                     text32       002128
___fldiv@a                   cstackCOMRAM 000013
___fldiv@aexp                cstackCOMRAM 000027
___fldiv@b                   cstackCOMRAM 00000F
___fldiv@bexp                cstackCOMRAM 000026
___fldiv@grs                 cstackCOMRAM 000022
___fldiv@new_exp             cstackCOMRAM 000020
___fldiv@rem                 cstackCOMRAM 00001B
___fldiv@sign                cstackCOMRAM 00001F
___fleq                      text21       003206
___fleq@ff1                  cstackCOMRAM 000001
___fleq@ff2                  cstackCOMRAM 000005
___flge                      text20       002C2A
___flge@ff1                  cstackCOMRAM 00001A
___flge@ff2                  cstackCOMRAM 00001E
___flmul                     text19       001CFE
___flmul@a                   cstackCOMRAM 000005
___flmul@aexp                cstackCOMRAM 000012
___flmul@b                   cstackCOMRAM 000001
___flmul@bexp                cstackCOMRAM 000013
___flmul@grs                 cstackCOMRAM 00000E
___flmul@prod                cstackCOMRAM 000014
___flmul@sign                cstackCOMRAM 00000D
___flmul@temp                cstackCOMRAM 000018
___flneg                     text18       003714
___flneg@f1                  cstackCOMRAM 000001
___flsub                     text16       003652
___flsub@a                   cstackCOMRAM 00001E
___flsub@b                   cstackCOMRAM 00001A
___fltol                     text31       002B24
___fltol@exp1                cstackCOMRAM 000031
___fltol@f1                  cstackCOMRAM 000028
___fltol@sign1               cstackCOMRAM 000030
___fpclassifyf               text15       002D2E
___fpclassifyf@F463          bssBANK0     0000D7
___fpclassifyf@e             cstackCOMRAM 000009
___fpclassifyf@u             cstackCOMRAM 00000B
___fpclassifyf@x             cstackCOMRAM 000001
___inthi_sp                  stack        000000
___intlo_sp                  stack        000000
___param_bank                (abs)        000000
___rparam_used               (abs)        000001
___sp                        stack        000000
___wmul                      text27       003818
___wmul@multiplicand         cstackCOMRAM 000003
___wmul@multiplier           cstackCOMRAM 000001
___wmul@product              cstackCOMRAM 000005
___xxtofl                    text30       0026D4
___xxtofl@arg                cstackCOMRAM 00000B
___xxtofl@exp                cstackCOMRAM 00000A
___xxtofl@sign               cstackCOMRAM 000009
___xxtofl@val                cstackCOMRAM 000001
__accesstop                  (abs)        000060
__activetblptr               (abs)        000002
__end_of_BH1750_init         text39       0038E0
__end_of_BH1750_read_word    text33       003652
__end_of_BH1750_write        text40       00389E
__end_of_UART_init           text37       003446
__end_of_UART_printf         text35       0037EA
__end_of_UART_write          text36       0038CA
__end_of___aldiv             text38       002B24
__end_of___awdiv             text23       003156
__end_of___awmod             text22       003206
__end_of___fladd             text17       00189E
__end_of___fldiv             text32       0024C2
__end_of___fleq              text21       0032B0
__end_of___flge              text20       002D2E
__end_of___flmul             text19       002128
__end_of___flneg             text18       00374C
__end_of___flsub             text16       003698
__end_of___fltol             text31       002C2A
__end_of___fpclassifyf       text15       002E2C
__end_of___wmul              text27       00383E
__end_of___xxtofl            text30       002888
__end_of__initialization     cinit        00387C
__end_of_atoi                text24       002A18
__end_of_efgtoa              text5        0013DE
__end_of_floorf              text14       0026D4
__end_of_fputc               text12       002FCC
__end_of_fputs               text11       0036DC
__end_of_get_lux_value       text29       003358
__end_of_i2c_detener         text43       0038FC
__end_of_i2c_envia_dato      text42       0038EC
__end_of_i2c_espera          text44       003864
__end_of_i2c_inicia_com      text41       0038F4
__end_of_i2c_iniciar         text28       0038B4
__end_of_i2c_recibe_datoACK  text34       003818
__end_of_isdigit             text26       003784
__end_of_isspace             text25       003608
__end_of_isupper             text7        003714
__end_of_main                text0        0033D6
__end_of_pad                 text9        003092
__end_of_putch               text13       0038FE
__end_of_sprintf             text1        0035B6
__end_of_strcpy              text8        003564
__end_of_strlen              text10       0037BA
__end_of_strncmp             text4        002F02
__end_of_tolower             text6        003508
__end_of_vfpfcnvrt           text3        001CFE
__end_of_vfprintf            text2        0034A8
__initialization             cinit        003864
__mediumconst                mediumconst  000000
__pbssBANK0                  bssBANK0     0000D3
__pbssBANK1                  bssBANK1     000100
__pcinit                     cinit        003864
__pcstackBANK0               cstackBANK0  000060
__pcstackCOMRAM              cstackCOMRAM 000001
__psmallconst                smallconst   000800
__ptext0                     text0        003358
__ptext1                     text1        003564
__ptext10                    text10       003784
__ptext11                    text11       003698
__ptext12                    text12       002F02
__ptext13                    text13       0038FC
__ptext14                    text14       0024C2
__ptext15                    text15       002D2E
__ptext16                    text16       003652
__ptext17                    text17       0013DE
__ptext18                    text18       003714
__ptext19                    text19       001CFE
__ptext2                     text2        003446
__ptext20                    text20       002C2A
__ptext21                    text21       003206
__ptext22                    text22       003156
__ptext23                    text23       003092
__ptext24                    text24       002888
__ptext25                    text25       0035B6
__ptext26                    text26       00374C
__ptext27                    text27       003818
__ptext28                    text28       00389E
__ptext29                    text29       0032B0
__ptext3                     text3        00189E
__ptext30                    text30       0026D4
__ptext31                    text31       002B24
__ptext32                    text32       002128
__ptext33                    text33       003608
__ptext34                    text34       0037EA
__ptext35                    text35       0037BA
__ptext36                    text36       0038B4
__ptext37                    text37       0033D6
__ptext38                    text38       002A18
__ptext39                    text39       0038CA
__ptext4                     text4        002E2C
__ptext40                    text40       003886
__ptext41                    text41       0038EC
__ptext42                    text42       0038E0
__ptext43                    text43       0038F4
__ptext44                    text44       00383E
__ptext5                     text5        00082E
__ptext6                     text6        0034A8
__ptext7                     text7        0036DC
__ptext8                     text8        003508
__ptext9                     text9        002FCC
__ramtop                     ramtop       000800
__size_of_BH1750_init        (abs)        000000
__size_of_BH1750_read_word   (abs)        000000
__size_of_BH1750_write       (abs)        000000
__size_of_UART_init          (abs)        000000
__size_of_UART_printf        (abs)        000000
__size_of_UART_write         (abs)        000000
__size_of___aldiv            (abs)        000000
__size_of___awdiv            (abs)        000000
__size_of___awmod            (abs)        000000
__size_of___fladd            (abs)        000000
__size_of___fldiv            (abs)        000000
__size_of___fleq             (abs)        000000
__size_of___flge             (abs)        000000
__size_of___flmul            (abs)        000000
__size_of___flneg            (abs)        000000
__size_of___flsub            (abs)        000000
__size_of___fltol            (abs)        000000
__size_of___fpclassifyf      (abs)        000000
__size_of___wmul             (abs)        000000
__size_of___xxtofl           (abs)        000000
__size_of_atoi               (abs)        000000
__size_of_efgtoa             (abs)        000000
__size_of_floorf             (abs)        000000
__size_of_fputc              (abs)        000000
__size_of_fputs              (abs)        000000
__size_of_get_lux_value      (abs)        000000
__size_of_i2c_detener        (abs)        000000
__size_of_i2c_envia_dato     (abs)        000000
__size_of_i2c_espera         (abs)        000000
__size_of_i2c_inicia_com     (abs)        000000
__size_of_i2c_iniciar        (abs)        000000
__size_of_i2c_recibe_datoACK (abs)        000000
__size_of_isdigit            (abs)        000000
__size_of_isspace            (abs)        000000
__size_of_isupper            (abs)        000000
__size_of_main               (abs)        000000
__size_of_pad                (abs)        000000
__size_of_putch              (abs)        000000
__size_of_sprintf            (abs)        000000
__size_of_strcpy             (abs)        000000
__size_of_strlen             (abs)        000000
__size_of_strncmp            (abs)        000000
__size_of_tolower            (abs)        000000
__size_of_vfpfcnvrt          (abs)        000000
__size_of_vfprintf           (abs)        000000
__smallconst                 smallconst   000800
_atoi                        text24       002888
_atoi$905                    cstackCOMRAM 000010
_atoi$906                    cstackCOMRAM 000014
_atoi$907                    cstackCOMRAM 000012
_dbuf                        bssBANK1     000100
_efgtoa                      text5        00082E
_efgtoa$404                  cstackBANK0  000064
_efgtoa$405                  cstackBANK0  000066
_efgtoa$410                  cstackBANK0  000068
_efgtoa$414                  cstackBANK0  00006A
_efgtoa$415                  cstackBANK0  00006C
_efgtoa$416                  cstackBANK0  00006E
_flags                       bssBANK0     0000E1
_floorf                      text14       0024C2
_fputc                       text12       002F02
_fputs                       text11       003698
_get_lux_value               text29       0032B0
_i2c_detener                 text43       0038F4
_i2c_envia_dato              text42       0038E0
_i2c_espera                  text44       00383E
_i2c_inicia_com              text41       0038EC
_i2c_iniciar                 text28       00389E
_i2c_recibe_datoACK          text34       0037EA
_isdigit                     text26       00374C
_isspace                     text25       0035B6
_isspace$936                 cstackCOMRAM 000007
_isupper                     text7        0036DC
_main                        text0        003358
_nout                        bssBANK0     0000DB
_pad                         text9        002FCC
_prec                        bssBANK0     0000DF
_putch                       text13       0038FC
_sprintf                     text1        003564
_strcpy                      text8        003508
_strlen                      text10       003784
_strncmp                     text4        002E2C
_tolower                     text6        0034A8
_tolower$1021                cstackCOMRAM 00000D
_vfpfcnvrt                   text3        00189E
_vfpfcnvrt$430               cstackCOMRAM 000052
_vfpfcnvrt$434               cstackCOMRAM 000054
_vfprintf                    text2        003446
_width                       bssBANK0     0000DD
atoi@n                       cstackCOMRAM 000015
atoi@neg                     cstackCOMRAM 00000E
atoi@s                       cstackCOMRAM 000008
efgtoa@c                     cstackCOMRAM 000042
efgtoa@d                     cstackBANK0  000078
efgtoa@e                     cstackBANK0  000090
efgtoa@f                     cstackCOMRAM 00003E
efgtoa@fp                    cstackCOMRAM 00003C
efgtoa@g                     cstackBANK0  00008C
efgtoa@h                     cstackBANK0  000082
efgtoa@i                     cstackBANK0  00008A
efgtoa@l                     cstackBANK0  000086
efgtoa@m                     cstackBANK0  000074
efgtoa@mode                  cstackBANK0  000081
efgtoa@n                     cstackBANK0  000092
efgtoa@ne                    cstackBANK0  000076
efgtoa@nmode                 cstackBANK0  00007E
efgtoa@ou                    cstackBANK0  000060
efgtoa@p                     cstackBANK0  00007C
efgtoa@pp                    cstackBANK0  000072
efgtoa@sign                  cstackBANK0  00007A
efgtoa@t                     cstackBANK0  000070
efgtoa@u                     cstackBANK0  000094
efgtoa@w                     cstackBANK0  00007F
end_of_initialization        cinit        00387C
floorf@F524                  bssBANK0     0000D3
floorf@e                     cstackCOMRAM 000036
floorf@m                     cstackCOMRAM 000032
floorf@u                     cstackCOMRAM 000038
floorf@x                     cstackCOMRAM 000028
fputc@c                      cstackCOMRAM 000001
fputc@fp                     cstackCOMRAM 000003
fputs@c                      cstackCOMRAM 00000E
fputs@fp                     cstackCOMRAM 00000C
fputs@i                      cstackCOMRAM 00000F
fputs@s                      cstackCOMRAM 00000A
get_lux_value@lux_value      cstackCOMRAM 000038
get_lux_value@mode           cstackCOMRAM 000037
i2c_envia_dato@dato          cstackCOMRAM 000002
i2c_recibe_datoACK@a         cstackCOMRAM 000002
i2c_recibe_datoACK@datoleido cstackCOMRAM 000003
intlevel0                    text         000000
intlevel1                    text         000000
intlevel2                    text         000000
intlevel3                    text         000000
isdigit@c                    cstackCOMRAM 000001
isspace@c                    cstackCOMRAM 000001
isupper@c                    cstackCOMRAM 000001
main@buffer                  cstackBANK0  0000B1
main@luzMedida               cstackBANK0  0000CF
pad@buf                      cstackCOMRAM 000013
pad@fp                       cstackCOMRAM 000011
pad@i                        cstackCOMRAM 000018
pad@p                        cstackCOMRAM 000015
pad@w                        cstackCOMRAM 00001A
sprintf@ap                   cstackBANK0  0000A8
sprintf@f                    cstackBANK0  0000AA
sprintf@fmt                  cstackBANK0  0000A0
sprintf@s                    cstackBANK0  00009E
stackhi                      (abs)        0007FF
stacklo                      (abs)        000150
start                        init         000000
start_initialization         cinit        003864
strcpy@d                     cstackCOMRAM 000009
strcpy@dest                  cstackCOMRAM 000001
strcpy@s                     cstackCOMRAM 000007
strcpy@src                   cstackCOMRAM 000003
strlen@a                     cstackCOMRAM 000003
strlen@s                     cstackCOMRAM 000001
strncmp@_l                   cstackCOMRAM 000001
strncmp@_r                   cstackCOMRAM 000003
strncmp@l                    cstackCOMRAM 000008
strncmp@n                    cstackCOMRAM 000005
strncmp@r                    cstackCOMRAM 00000A
tolower@c                    cstackCOMRAM 000007
vfpfcnvrt@ap                 cstackCOMRAM 00004C
vfpfcnvrt@c                  cstackCOMRAM 00005D
vfpfcnvrt@ct                 cstackCOMRAM 00005A
vfpfcnvrt@f                  cstackCOMRAM 000056
vfpfcnvrt@fmt                cstackCOMRAM 00004A
vfpfcnvrt@fp                 cstackCOMRAM 000048
vfprintf@ap                  cstackBANK0  00009C
vfprintf@cfmt                cstackCOMRAM 00005E
vfprintf@fmt                 cstackBANK0  00009A
vfprintf@fp                  cstackBANK0  000098


FUNCTION INFORMATION:

 *************** function _main *****************
 Defined at:
		line 10 in file "main.c"
 Parameters:    Size  Location     Type
		None
 Auto vars:     Size  Location     Type
  buffer         30   81[BANK0 ] unsigned char [30]
  luzMedida       4  111[BANK0 ] unsigned long 
 Return value:  Size  Location     Type
                  1    wreg      void 
 Registers used:
		wreg, fsr1l, fsr1h, fsr2l, fsr2h, status,2, status,0, tblptrl, tblptrh, tblptru, prodl, prodh, cstack
 Tracked objects:
		On entry : 
		On exit  : 
		Unchanged: 
 Data sizes:     COMRAM   BANK0   BANK1   BANK2   BANK3   BANK4   BANK5   BANK6   BANK7
      Params:         0       0       0       0       0       0       0       0       0
      Locals:         0      34       0       0       0       0       0       0       0
      Temps:          0       1       0       0       0       0       0       0       0
      Totals:         0      35       0       0       0       0       0       0       0
Total ram usage:       35 bytes
 Hardware stack levels required when called:    8
 This function calls:
		_BH1750_init
		_UART_init
		_UART_printf
		_get_lux_value
		_i2c_iniciar
		_sprintf
 This function is called by:
		Startup code after reset
 This function uses a non-reentrant model


 *************** function _sprintf *****************
 Defined at:
		line 9 in file "C:\Program Files (x86)\Microchip\xc8\v2.10\pic\sources\c99\common\nf_sprintf.c"
 Parameters:    Size  Location     Type
  s               2   62[BANK0 ] PTR unsigned char 
		 -> main@buffer(30), 
  fmt             2   64[BANK0 ] PTR const unsigned char 
		 -> STR_1(25), 
 Auto vars:     Size  Location     Type
  f               6   74[BANK0 ] struct _IO_FILE
  ap              2   72[BANK0 ] PTR void [1]
		 -> ?_sprintf(2), 
  ret             2    0        int 
 Return value:  Size  Location     Type
                  2   62[BANK0 ] int 
 Registers used:
		wreg, fsr1l, fsr1h, fsr2l, fsr2h, status,2, status,0, tblptrl, tblptrh, tblptru, prodl, prodh, cstack
 Tracked objects:
		On entry : 
		On exit  : 
		Unchanged: 
 Data sizes:     COMRAM   BANK0   BANK1   BANK2   BANK3   BANK4   BANK5   BANK6   BANK7
      Params:         0       8       0       0       0       0       0       0       0
      Locals:         0      10       0       0       0       0       0       0       0
      Temps:          0       0       0       0       0       0       0       0       0
      Totals:         0      18       0       0       0       0       0       0       0
Total ram usage:       18 bytes
 Hardware stack levels used:    1
 Hardware stack levels required when called:    7
 This function calls:
		_vfprintf
 This function is called by:
		_main
 This function uses a non-reentrant model


 *************** function _vfprintf *****************
 Defined at:
		line 1368 in file "C:\Program Files (x86)\Microchip\xc8\v2.10\pic\sources\c99\common\doprnt.c"
 Parameters:    Size  Location     Type
  fp              2   56[BANK0 ] PTR struct _IO_FILE
		 -> sprintf@f(6), 
  fmt             2   58[BANK0 ] PTR const unsigned char 
		 -> STR_1(25), 
  ap              2   60[BANK0 ] PTR PTR void 
		 -> sprintf@ap(2), 
 Auto vars:     Size  Location     Type
  cfmt            2   93[COMRAM] PTR unsigned char 
		 -> STR_1(25), 
 Return value:  Size  Location     Type
                  2   56[BANK0 ] int 
 Registers used:
		wreg, fsr1l, fsr1h, fsr2l, fsr2h, status,2, status,0, tblptrl, tblptrh, tblptru, prodl, prodh, cstack
 Tracked objects:
		On entry : 
		On exit  : 
		Unchanged: 
 Data sizes:     COMRAM   BANK0   BANK1   BANK2   BANK3   BANK4   BANK5   BANK6   BANK7
      Params:         0       6       0       0       0       0       0       0       0
      Locals:         2       0       0       0       0       0       0       0       0
      Temps:          0       0       0       0       0       0       0       0       0
      Totals:         2       6       0       0       0       0       0       0       0
Total ram usage:        8 bytes
 Hardware stack levels used:    1
 Hardware stack levels required when called:    6
 This function calls:
		_vfpfcnvrt
 This function is called by:
		_sprintf
 This function uses a non-reentrant model


 *************** function _vfpfcnvrt *****************
 Defined at:
		line 670 in file "C:\Program Files (x86)\Microchip\xc8\v2.10\pic\sources\c99\common\doprnt.c"
 Parameters:    Size  Location     Type
  fp              2   71[COMRAM] PTR struct _IO_FILE
		 -> sprintf@f(6), 
  fmt             2   73[COMRAM] PTR PTR unsigned char 
		 -> vfprintf@cfmt(2), 
  ap              2   75[COMRAM] PTR PTR void 
		 -> sprintf@ap(2), 
 Auto vars:     Size  Location     Type
  llu             8    0        unsigned long long 
  ll              8    0        long long 
  f               4   85[COMRAM] long long 
  ct              3   89[COMRAM] unsigned char [3]
  vp              3    0        PTR void 
  cp              3    0        PTR unsigned char 
  i               2    0        int 
  done            2    0        int 
  c               1   92[COMRAM] unsigned char 
 Return value:  Size  Location     Type
                  2   71[COMRAM] int 
 Registers used:
		wreg, fsr1l, fsr1h, fsr2l, fsr2h, status,2, status,0, tblptrl, tblptrh, tblptru, prodl, prodh, cstack
 Tracked objects:
		On entry : 
		On exit  : 
		Unchanged: 
 Data sizes:     COMRAM   BANK0   BANK1   BANK2   BANK3   BANK4   BANK5   BANK6   BANK7
      Params:         6       0       0       0       0       0       0       0       0
      Locals:        12       0       0       0       0       0       0       0       0
      Temps:          4       0       0       0       0       0       0       0       0
      Totals:        22       0       0       0       0       0       0       0       0
Total ram usage:       22 bytes
 Hardware stack levels used:    1
 Hardware stack levels required when called:    5
 This function calls:
		_atoi
		_efgtoa
		_fputc
		_isdigit
		_isupper
		_strncmp
		_tolower
 This function is called by:
		_vfprintf
 This function uses a non-reentrant model


 *************** function _strncmp *****************
 Defined at:
		line 3 in file "C:\Program Files (x86)\Microchip\xc8\v2.10\pic\sources\c99\common\strncmp.c"
 Parameters:    Size  Location     Type
  _l              2    0[COMRAM] PTR const unsigned char 
		 -> vfpfcnvrt@ct(3), 
  _r              2    2[COMRAM] PTR const unsigned char 
		 -> STR_12(3), 
  n               2    4[COMRAM] unsigned int 
 Auto vars:     Size  Location     Type
  r               2    9[COMRAM] PTR const unsigned char 
		 -> STR_12(3), 
  l               2    7[COMRAM] PTR const unsigned char 
		 -> vfpfcnvrt@ct(3), 
 Return value:  Size  Location     Type
                  2    0[COMRAM] int 
 Registers used:
		wreg, fsr2l, fsr2h, status,2, status,0, tblptrl, tblptrh, tblptru
 Tracked objects:
		On entry : 
		On exit  : 
		Unchanged: 
 Data sizes:     COMRAM   BANK0   BANK1   BANK2   BANK3   BANK4   BANK5   BANK6   BANK7
      Params:         6       0       0       0       0       0       0       0       0
      Locals:         4       0       0       0       0       0       0       0       0
      Temps:          1       0       0       0       0       0       0       0       0
      Totals:        11       0       0       0       0       0       0       0       0
Total ram usage:       11 bytes
 Hardware stack levels used:    1
 This function calls:
		Nothing
 This function is called by:
		_vfpfcnvrt
 This function uses a non-reentrant model


 *************** function _efgtoa *****************
 Defined at:
		line 319 in file "C:\Program Files (x86)\Microchip\xc8\v2.10\pic\sources\c99\common\doprnt.c"
 Parameters:    Size  Location     Type
  fp              2   59[COMRAM] PTR struct _IO_FILE
		 -> sprintf@f(6), 
  f               4   61[COMRAM] PTR struct _IO_FILE
  c               1   65[COMRAM] unsigned char 
 Auto vars:     Size  Location     Type
  u               4   52[BANK0 ] unsigned char 
  g               4   44[BANK0 ] unsigned char 
  l               4   38[BANK0 ] unsigned char 
  h               4   34[BANK0 ] unsigned char 
  ou              4    0[BANK0 ] unsigned char 
  n               2   50[BANK0 ] int 
  e               2   48[BANK0 ] int 
  i               2   42[BANK0 ] int 
  w               2   31[BANK0 ] int 
  p               2   28[BANK0 ] int 
  sign            2   26[BANK0 ] int 
  d               2   24[BANK0 ] int 
  ne              2   22[BANK0 ] int 
  m               2   20[BANK0 ] int 
  pp              2   18[BANK0 ] int 
  t               2   16[BANK0 ] int 
  mode            1   33[BANK0 ] unsigned char 
  nmode           1   30[BANK0 ] unsigned char 
 Return value:  Size  Location     Type
                  2   59[COMRAM] int 
 Registers used:
		wreg, fsr1l, fsr1h, fsr2l, fsr2h, status,2, status,0, tblptrl, tblptrh, tblptru, prodl, prodh, cstack
 Tracked objects:
		On entry : 
		On exit  : 
		Unchanged: 
 Data sizes:     COMRAM   BANK0   BANK1   BANK2   BANK3   BANK4   BANK5   BANK6   BANK7
      Params:         7       0       0       0       0       0       0       0       0
      Locals:         0      56       0       0       0       0       0       0       0
      Temps:          5       0       0       0       0       0       0       0       0
      Totals:        12      56       0       0       0       0       0       0       0
Total ram usage:       68 bytes
 Hardware stack levels used:    1
 Hardware stack levels required when called:    4
 This function calls:
		___awdiv
		___awmod
		___fladd
		___fldiv
		___fleq
		___flge
		___flmul
		___flneg
		___flsub
		___fltol
		___fpclassifyf
		_floorf
		_isupper
		_pad
		_strcpy
		_tolower
 This function is called by:
		_vfpfcnvrt
 This function uses a non-reentrant model


 *************** function _tolower *****************
 Defined at:
		line 4 in file "C:\Program Files (x86)\Microchip\xc8\v2.10\pic\sources\c99\common\tolower.c"
 Parameters:    Size  Location     Type
  c               2    6[COMRAM] int 
 Auto vars:     Size  Location     Type
		None
 Return value:  Size  Location     Type
                  2    6[COMRAM] int 
 Registers used:
		wreg, status,2, status,0
 Tracked objects:
		On entry : 
		On exit  : 
		Unchanged: 
 Data sizes:     COMRAM   BANK0   BANK1   BANK2   BANK3   BANK4   BANK5   BANK6   BANK7
      Params:         2       0       0       0       0       0       0       0       0
      Locals:         2       0       0       0       0       0       0       0       0
      Temps:          4       0       0       0       0       0       0       0       0
      Totals:         8       0       0       0       0       0       0       0       0
Total ram usage:        8 bytes
 Hardware stack levels used:    1
 Hardware stack levels required when called:    1
 This function calls:
		_isupper
 This function is called by:
		_efgtoa
		_vfpfcnvrt
 This function uses a non-reentrant model


 *************** function _isupper *****************
 Defined at:
		line 5 in file "C:\Program Files (x86)\Microchip\xc8\v2.10\pic\sources\c99\common\isupper.c"
 Parameters:    Size  Location     Type
  c               2    0[COMRAM] int 
 Auto vars:     Size  Location     Type
		None
 Return value:  Size  Location     Type
                  2    0[COMRAM] int 
 Registers used:
		wreg, status,2, status,0
 Tracked objects:
		On entry : 
		On exit  : 
		Unchanged: 
 Data sizes:     COMRAM   BANK0   BANK1   BANK2   BANK3   BANK4   BANK5   BANK6   BANK7
      Params:         2       0       0       0       0       0       0       0       0
      Locals:         0       0       0       0       0       0       0       0       0
      Temps:          4       0       0       0       0       0       0       0       0
      Totals:         6       0       0       0       0       0       0       0       0
Total ram usage:        6 bytes
 Hardware stack levels used:    1
 This function calls:
		Nothing
 This function is called by:
		_efgtoa
		_vfpfcnvrt
		_tolower
 This function uses a non-reentrant model


 *************** function _strcpy *****************
 Defined at:
		line 3 in file "C:\Program Files (x86)\Microchip\xc8\v2.10\pic\sources\c99\common\strcpy.c"
 Parameters:    Size  Location     Type
  dest            2    0[COMRAM] PTR unsigned char 
		 -> dbuf(80), 
  src             2    2[COMRAM] PTR const unsigned char 
		 -> STR_7(4), STR_6(4), STR_3(4), STR_2(4), 
		 -> dbuf(80), 
 Auto vars:     Size  Location     Type
  d               2    8[COMRAM] PTR unsigned char 
		 -> dbuf(80), 
  s               2    6[COMRAM] PTR const unsigned char 
		 -> STR_7(4), STR_6(4), STR_3(4), STR_2(4), 
		 -> dbuf(80), 
 Return value:  Size  Location     Type
                  2    0[COMRAM] PTR unsigned char 
 Registers used:
		wreg, fsr1l, fsr1h, fsr2l, fsr2h, status,2, status,0, tblptrl, tblptrh, tblptru
 Tracked objects:
		On entry : 
		On exit  : 
		Unchanged: 
 Data sizes:     COMRAM   BANK0   BANK1   BANK2   BANK3   BANK4   BANK5   BANK6   BANK7
      Params:         4       0       0       0       0       0       0       0       0
      Locals:         4       0       0       0       0       0       0       0       0
      Temps:          2       0       0       0       0       0       0       0       0
      Totals:        10       0       0       0       0       0       0       0       0
Total ram usage:       10 bytes
 Hardware stack levels used:    1
 This function calls:
		Nothing
 This function is called by:
		_efgtoa
 This function uses a non-reentrant model


 *************** function _pad *****************
 Defined at:
		line 72 in file "C:\Program Files (x86)\Microchip\xc8\v2.10\pic\sources\c99\common\doprnt.c"
 Parameters:    Size  Location     Type
  fp              2   16[COMRAM] PTR struct _IO_FILE
		 -> sprintf@f(6), 
  buf             2   18[COMRAM] PTR unsigned char 
		 -> dbuf(80), 
  p               2   20[COMRAM] int 
 Auto vars:     Size  Location     Type
  w               2   25[COMRAM] int 
  i               2   23[COMRAM] int 
 Return value:  Size  Location     Type
                  2   16[COMRAM] int 
 Registers used:
		wreg, fsr1l, fsr1h, fsr2l, fsr2h, status,2, status,0, cstack
 Tracked objects:
		On entry : 
		On exit  : 
		Unchanged: 
 Data sizes:     COMRAM   BANK0   BANK1   BANK2   BANK3   BANK4   BANK5   BANK6   BANK7
      Params:         6       0       0       0       0       0       0       0       0
      Locals:         4       0       0       0       0       0       0       0       0
      Temps:          1       0       0       0       0       0       0       0       0
      Totals:        11       0       0       0       0       0       0       0       0
Total ram usage:       11 bytes
 Hardware stack levels used:    1
 Hardware stack levels required when called:    3
 This function calls:
		_fputc
		_fputs
		_strlen
 This function is called by:
		_efgtoa
 This function uses a non-reentrant model


 *************** function _strlen *****************
 Defined at:
		line 5 in file "C:\Program Files (x86)\Microchip\xc8\v2.10\pic\sources\c99\common\strlen.c"
 Parameters:    Size  Location     Type
  s               2    0[COMRAM] PTR const unsigned char 
		 -> dbuf(80), 
 Auto vars:     Size  Location     Type
  a               2    2[COMRAM] PTR const unsigned char 
		 -> dbuf(80), 
 Return value:  Size  Location     Type
                  2    0[COMRAM] unsigned int 
 Registers used:
		wreg, fsr2l, fsr2h, status,2, status,0
 Tracked objects:
		On entry : 
		On exit  : 
		Unchanged: 
 Data sizes:     COMRAM   BANK0   BANK1   BANK2   BANK3   BANK4   BANK5   BANK6   BANK7
      Params:         2       0       0       0       0       0       0       0       0
      Locals:         2       0       0       0       0       0       0       0       0
      Temps:          0       0       0       0       0       0       0       0       0
      Totals:         4       0       0       0       0       0       0       0       0
Total ram usage:        4 bytes
 Hardware stack levels used:    1
 This function calls:
		Nothing
 This function is called by:
		_pad
 This function uses a non-reentrant model


 *************** function _fputs *****************
 Defined at:
		line 8 in file "C:\Program Files (x86)\Microchip\xc8\v2.10\pic\sources\c99\common\nf_fputs.c"
 Parameters:    Size  Location     Type
  s               2    9[COMRAM] PTR const unsigned char 
		 -> dbuf(80), 
  fp              2   11[COMRAM] PTR struct _IO_FILE
		 -> sprintf@f(6), 
 Auto vars:     Size  Location     Type
  i               2   14[COMRAM] int 
  c               1   13[COMRAM] unsigned char 
 Return value:  Size  Location     Type
                  2    9[COMRAM] int 
 Registers used:
		wreg, fsr1l, fsr1h, fsr2l, fsr2h, status,2, status,0, cstack
 Tracked objects:
		On entry : 
		On exit  : 
		Unchanged: 
 Data sizes:     COMRAM   BANK0   BANK1   BANK2   BANK3   BANK4   BANK5   BANK6   BANK7
      Params:         4       0       0       0       0       0       0       0       0
      Locals:         3       0       0       0       0       0       0       0       0
      Temps:          0       0       0       0       0       0       0       0       0
      Totals:         7       0       0       0       0       0       0       0       0
Total ram usage:        7 bytes
 Hardware stack levels used:    1
 Hardware stack levels required when called:    2
 This function calls:
		_fputc
 This function is called by:
		_pad
 This function uses a non-reentrant model


 *************** function _fputc *****************
 Defined at:
		line 8 in file "C:\Program Files (x86)\Microchip\xc8\v2.10\pic\sources\c99\common\nf_fputc.c"
 Parameters:    Size  Location     Type
  c               2    0[COMRAM] int 
  fp              2    2[COMRAM] PTR struct _IO_FILE
		 -> sprintf@f(6), 
 Auto vars:     Size  Location     Type
		None
 Return value:  Size  Location     Type
                  2    0[COMRAM] int 
 Registers used:
		wreg, fsr1l, fsr1h, fsr2l, fsr2h, status,2, status,0, cstack
 Tracked objects:
		On entry : 
		On exit  : 
		Unchanged: 
 Data sizes:     COMRAM   BANK0   BANK1   BANK2   BANK3   BANK4   BANK5   BANK6   BANK7
      Params:         4       0       0       0       0       0       0       0       0
      Locals:         0       0       0       0       0       0       0       0       0
      Temps:          5       0       0       0       0       0       0       0       0
      Totals:         9       0       0       0       0       0       0       0       0
Total ram usage:        9 bytes
 Hardware stack levels used:    1
 Hardware stack levels required when called:    1
 This function calls:
		_putch
 This function is called by:
		_pad
		_vfpfcnvrt
		_fputs
 This function uses a non-reentrant model


 *************** function _putch *****************
 Defined at:
		line 7 in file "C:\Program Files (x86)\Microchip\xc8\v2.10\pic\sources\c99\common\putch.c"
 Parameters:    Size  Location     Type
  c               1    wreg     unsigned char 
 Auto vars:     Size  Location     Type
  c               1    0[COMRAM] unsigned char 
 Return value:  Size  Location     Type
                  1    wreg      void 
 Registers used:
		wreg
 Tracked objects:
		On entry : 
		On exit  : 
		Unchanged: 
 Data sizes:     COMRAM   BANK0   BANK1   BANK2   BANK3   BANK4   BANK5   BANK6   BANK7
      Params:         0       0       0       0       0       0       0       0       0
      Locals:         0       0       0       0       0       0       0       0       0
      Temps:          0       0       0       0       0       0       0       0       0
      Totals:         0       0       0       0       0       0       0       0       0
Total ram usage:        0 bytes
 Hardware stack levels used:    1
 This function calls:
		Nothing
 This function is called by:
		_fputc
 This function uses a non-reentrant model


 *************** function _floorf *****************
 Defined at:
		line 3 in file "C:\Program Files (x86)\Microchip\xc8\v2.10\pic\sources\c99\common\floorf.c"
 Parameters:    Size  Location     Type
  x               4   39[COMRAM] float 
 Auto vars:     Size  Location     Type
  u               4   55[COMRAM] struct .
  m               4   49[COMRAM] unsigned long 
  e               2   53[COMRAM] int 
 Return value:  Size  Location     Type
                  4   39[COMRAM] float 
 Registers used:
		wreg, status,2, status,0
 Tracked objects:
		On entry : 
		On exit  : 
		Unchanged: 
 Data sizes:     COMRAM   BANK0   BANK1   BANK2   BANK3   BANK4   BANK5   BANK6   BANK7
      Params:         4       0       0       0       0       0       0       0       0
      Locals:        10       0       0       0       0       0       0       0       0
      Temps:          6       0       0       0       0       0       0       0       0
      Totals:        20       0       0       0       0       0       0       0       0
Total ram usage:       20 bytes
 Hardware stack levels used:    1
 This function calls:
		Nothing
 This function is called by:
		_efgtoa
 This function uses a non-reentrant model


 *************** function ___fpclassifyf *****************
 Defined at:
		line 4 in file "C:\Program Files (x86)\Microchip\xc8\v2.10\pic\sources\c99\common\__fpclassifyf.c"
 Parameters:    Size  Location     Type
  x               4    0[COMRAM] float 
 Auto vars:     Size  Location     Type
  u               4   10[COMRAM] struct .
  e               2    8[COMRAM] int 
 Return value:  Size  Location     Type
                  2    0[COMRAM] int 
 Registers used:
		wreg, status,2, status,0
 Tracked objects:
		On entry : 
		On exit  : 
		Unchanged: 
 Data sizes:     COMRAM   BANK0   BANK1   BANK2   BANK3   BANK4   BANK5   BANK6   BANK7
      Params:         4       0       0       0       0       0       0       0       0
      Locals:         6       0       0       0       0       0       0       0       0
      Temps:          4       0       0       0       0       0       0       0       0
      Totals:        14       0       0       0       0       0       0       0       0
Total ram usage:       14 bytes
 Hardware stack levels used:    1
 This function calls:
		Nothing
 This function is called by:
		_efgtoa
 This function uses a non-reentrant model


 *************** function ___flsub *****************
 Defined at:
		line 245 in file "C:\Program Files (x86)\Microchip\xc8\v2.10\pic\sources\c99\common\sprcadd.c"
 Parameters:    Size  Location     Type
  b               4   25[COMRAM] int 
  a               4   29[COMRAM] int 
 Auto vars:     Size  Location     Type
		None
 Return value:  Size  Location     Type
                  4   25[COMRAM] int 
 Registers used:
		wreg, status,2, status,0, cstack
 Tracked objects:
		On entry : 
		On exit  : 
		Unchanged: 
 Data sizes:     COMRAM   BANK0   BANK1   BANK2   BANK3   BANK4   BANK5   BANK6   BANK7
      Params:         8       0       0       0       0       0       0       0       0
      Locals:         0       0       0       0       0       0       0       0       0
      Temps:          0       0       0       0       0       0       0       0       0
      Totals:         8       0       0       0       0       0       0       0       0
Total ram usage:        8 bytes
 Hardware stack levels used:    1
 Hardware stack levels required when called:    1
 This function calls:
		___fladd
 This function is called by:
		_efgtoa
 This function uses a non-reentrant model


 *************** function ___fladd *****************
 Defined at:
		line 10 in file "C:\Program Files (x86)\Microchip\xc8\v2.10\pic\sources\c99\common\sprcadd.c"
 Parameters:    Size  Location     Type
  b               4    0[COMRAM] int 
  a               4    4[COMRAM] int 
 Auto vars:     Size  Location     Type
  grs             1   15[COMRAM] unsigned char 
  bexp            1   14[COMRAM] unsigned char 
  aexp            1   13[COMRAM] unsigned char 
  signs           1   12[COMRAM] unsigned char 
 Return value:  Size  Location     Type
                  4    0[COMRAM] unsigned char 
 Registers used:
		wreg, status,2, status,0
 Tracked objects:
		On entry : 
		On exit  : 
		Unchanged: 
 Data sizes:     COMRAM   BANK0   BANK1   BANK2   BANK3   BANK4   BANK5   BANK6   BANK7
      Params:         8       0       0       0       0       0       0       0       0
      Locals:         4       0       0       0       0       0       0       0       0
      Temps:          4       0       0       0       0       0       0       0       0
      Totals:        16       0       0       0       0       0       0       0       0
Total ram usage:       16 bytes
 Hardware stack levels used:    1
 This function calls:
		Nothing
 This function is called by:
		_efgtoa
		___flsub
 This function uses a non-reentrant model


 *************** function ___flneg *****************
 Defined at:
		line 15 in file "C:\Program Files (x86)\Microchip\xc8\v2.10\pic\sources\c99\common\flneg.c"
 Parameters:    Size  Location     Type
  f1              4    0[COMRAM] unsigned char 
 Auto vars:     Size  Location     Type
		None
 Return value:  Size  Location     Type
                  4    0[COMRAM] unsigned char 
 Registers used:
		wreg, status,2, status,0
 Tracked objects:
		On entry : 
		On exit  : 
		Unchanged: 
 Data sizes:     COMRAM   BANK0   BANK1   BANK2   BANK3   BANK4   BANK5   BANK6   BANK7
      Params:         4       0       0       0       0       0       0       0       0
      Locals:         0       0       0       0       0       0       0       0       0
      Temps:          0       0       0       0       0       0       0       0       0
      Totals:         4       0       0       0       0       0       0       0       0
Total ram usage:        4 bytes
 Hardware stack levels used:    1
 This function calls:
		Nothing
 This function is called by:
		_efgtoa
 This function uses a non-reentrant model


 *************** function ___flmul *****************
 Defined at:
		line 8 in file "C:\Program Files (x86)\Microchip\xc8\v2.10\pic\sources\c99\common\sprcmul.c"
 Parameters:    Size  Location     Type
  b               4    0[COMRAM] unsigned char 
  a               4    4[COMRAM] unsigned char 
 Auto vars:     Size  Location     Type
  prod            4   19[COMRAM] struct .
  grs             4   13[COMRAM] unsigned long 
  temp            2   23[COMRAM] struct .
  bexp            1   18[COMRAM] unsigned char 
  aexp            1   17[COMRAM] unsigned char 
  sign            1   12[COMRAM] unsigned char 
 Return value:  Size  Location     Type
                  4    0[COMRAM] unsigned char 
 Registers used:
		wreg, status,2, status,0, prodl, prodh
 Tracked objects:
		On entry : 
		On exit  : 
		Unchanged: 
 Data sizes:     COMRAM   BANK0   BANK1   BANK2   BANK3   BANK4   BANK5   BANK6   BANK7
      Params:         8       0       0       0       0       0       0       0       0
      Locals:        13       0       0       0       0       0       0       0       0
      Temps:          4       0       0       0       0       0       0       0       0
      Totals:        25       0       0       0       0       0       0       0       0
Total ram usage:       25 bytes
 Hardware stack levels used:    1
 This function calls:
		Nothing
 This function is called by:
		_efgtoa
 This function uses a non-reentrant model


 *************** function ___flge *****************
 Defined at:
		line 4 in file "C:\Program Files (x86)\Microchip\xc8\v2.10\pic\sources\c99\common\flge.c"
 Parameters:    Size  Location     Type
  ff1             4   25[COMRAM] unsigned char 
  ff2             4   29[COMRAM] unsigned char 
 Auto vars:     Size  Location     Type
		None
 Return value:  Size  Location     Type
		None               void
 Registers used:
		wreg, status,2, status,0
 Tracked objects:
		On entry : 
		On exit  : 
		Unchanged: 
 Data sizes:     COMRAM   BANK0   BANK1   BANK2   BANK3   BANK4   BANK5   BANK6   BANK7
      Params:         8       0       0       0       0       0       0       0       0
      Locals:         0       0       0       0       0       0       0       0       0
      Temps:          4       0       0       0       0       0       0       0       0
      Totals:        12       0       0       0       0       0       0       0       0
Total ram usage:       12 bytes
 Hardware stack levels used:    1
 This function calls:
		Nothing
 This function is called by:
		_efgtoa
 This function uses a non-reentrant model


 *************** function ___fleq *****************
 Defined at:
		line 4 in file "C:\Program Files (x86)\Microchip\xc8\v2.10\pic\sources\c99\common\fleq.c"
 Parameters:    Size  Location     Type
  ff1             4    0[COMRAM] unsigned char 
  ff2             4    4[COMRAM] unsigned char 
 Auto vars:     Size  Location     Type
		None
 Return value:  Size  Location     Type
		None               void
 Registers used:
		wreg, status,2, status,0
 Tracked objects:
		On entry : 
		On exit  : 
		Unchanged: 
 Data sizes:     COMRAM   BANK0   BANK1   BANK2   BANK3   BANK4   BANK5   BANK6   BANK7
      Params:         8       0       0       0       0       0       0       0       0
      Locals:         0       0       0       0       0       0       0       0       0
      Temps:          4       0       0       0       0       0       0       0       0
      Totals:        12       0       0       0       0       0       0       0       0
Total ram usage:       12 bytes
 Hardware stack levels used:    1
 This function calls:
		Nothing
 This function is called by:
		_efgtoa
 This function uses a non-reentrant model


 *************** function ___awmod *****************
 Defined at:
		line 7 in file "C:\Program Files (x86)\Microchip\xc8\v2.10\pic\sources\c99\common\awmod.c"
 Parameters:    Size  Location     Type
  dividend        2    0[COMRAM] int 
  divisor         2    2[COMRAM] int 
 Auto vars:     Size  Location     Type
  sign            1    5[COMRAM] unsigned char 
  counter         1    4[COMRAM] unsigned char 
 Return value:  Size  Location     Type
                  2    0[COMRAM] int 
 Registers used:
		wreg, status,2, status,0
 Tracked objects:
		On entry : 
		On exit  : 
		Unchanged: 
 Data sizes:     COMRAM   BANK0   BANK1   BANK2   BANK3   BANK4   BANK5   BANK6   BANK7
      Params:         4       0       0       0       0       0       0       0       0
      Locals:         2       0       0       0       0       0       0       0       0
      Temps:          0       0       0       0       0       0       0       0       0
      Totals:         6       0       0       0       0       0       0       0       0
Total ram usage:        6 bytes
 Hardware stack levels used:    1
 This function calls:
		Nothing
 This function is called by:
		_efgtoa
 This function uses a non-reentrant model


 *************** function ___awdiv *****************
 Defined at:
		line 7 in file "C:\Program Files (x86)\Microchip\xc8\v2.10\pic\sources\c99\common\awdiv.c"
 Parameters:    Size  Location     Type
  dividend        2    0[COMRAM] int 
  divisor         2    2[COMRAM] int 
 Auto vars:     Size  Location     Type
  quotient        2    6[COMRAM] int 
  sign            1    5[COMRAM] unsigned char 
  counter         1    4[COMRAM] unsigned char 
 Return value:  Size  Location     Type
                  2    0[COMRAM] int 
 Registers used:
		wreg, status,2, status,0
 Tracked objects:
		On entry : 
		On exit  : 
		Unchanged: 
 Data sizes:     COMRAM   BANK0   BANK1   BANK2   BANK3   BANK4   BANK5   BANK6   BANK7
      Params:         4       0       0       0       0       0       0       0       0
      Locals:         4       0       0       0       0       0       0       0       0
      Temps:          0       0       0       0       0       0       0       0       0
      Totals:         8       0       0       0       0       0       0       0       0
Total ram usage:        8 bytes
 Hardware stack levels used:    1
 This function calls:
		Nothing
 This function is called by:
		_efgtoa
 This function uses a non-reentrant model


 *************** function _atoi *****************
 Defined at:
		line 4 in file "C:\Program Files (x86)\Microchip\xc8\v2.10\pic\sources\c99\common\atoi.c"
 Parameters:    Size  Location     Type
  s               2    7[COMRAM] PTR const unsigned char 
		 -> STR_1(25), 
 Auto vars:     Size  Location     Type
  n               2   20[COMRAM] int 
  neg             2   13[COMRAM] int 
 Return value:  Size  Location     Type
                  2    7[COMRAM] int 
 Registers used:
		wreg, status,2, status,0, tblptrl, tblptrh, tblptru, prodl, prodh, cstack
 Tracked objects:
		On entry : 
		On exit  : 
		Unchanged: 
 Data sizes:     COMRAM   BANK0   BANK1   BANK2   BANK3   BANK4   BANK5   BANK6   BANK7
      Params:         2       0       0       0       0       0       0       0       0
      Locals:         9       0       0       0       0       0       0       0       0
      Temps:          4       0       0       0       0       0       0       0       0
      Totals:        15       0       0       0       0       0       0       0       0
Total ram usage:       15 bytes
 Hardware stack levels used:    1
[...]
Total ram usage:        8 bytes
 Hardware stack levels used:    1
 Hardware stack levels required when called:    2
 This function calls:
		_i2c_detener
		_i2c_envia_dato
		_i2c_inicia_com
		_i2c_recibe_datoACK
 This function is called by:
		_get_lux_value
 This function uses a non-reentrant model


 *************** function _i2c_recibe_datoACK *****************
 Defined at:
		line 103 in file "./I2C.h"
 Parameters:    Size  Location     Type
  a               1    wreg     unsigned char 
 Auto vars:     Size  Location     Type
  a               1    1[COMRAM] unsigned char 
  datoleido       1    2[COMRAM] unsigned char 
 Return value:  Size  Location     Type
                  1    wreg      unsigned char 
 Registers used:
		wreg, status,2, status,0, cstack
 Tracked objects:
		On entry : 
		On exit  : 
		Unchanged: 
 Data sizes:     COMRAM   BANK0   BANK1   BANK2   BANK3   BANK4   BANK5   BANK6   BANK7
      Params:         0       0       0       0       0       0       0       0       0
      Locals:         2       0       0       0       0       0       0       0       0
      Temps:          0       0       0       0       0       0       0       0       0
      Totals:         2       0       0       0       0       0       0       0       0
Total ram usage:        2 bytes
 Hardware stack levels used:    1
 Hardware stack levels required when called:    1
 This function calls:
		_i2c_espera
 This function is called by:
		_BH1750_read_word
 This function uses a non-reentrant model


 *************** function _UART_printf *****************
 Defined at:
		line 47 in file "./UART.h"
 Parameters:    Size  Location     Type
  cadena          2    1[COMRAM] PTR unsigned char 
		 -> main@buffer(30), 
 Auto vars:     Size  Location     Type
		None
 Return value:  Size  Location     Type
                  1    wreg      void 
 Registers used:
		wreg, fsr2l, fsr2h, status,2, status,0, cstack
 Tracked objects:
		On entry : 
		On exit  : 
		Unchanged: 
 Data sizes:     COMRAM   BANK0   BANK1   BANK2   BANK3   BANK4   BANK5   BANK6   BANK7
      Params:         2       0       0       0       0       0       0       0       0
      Locals:         0       0       0       0       0       0       0       0       0
      Temps:          0       0       0       0       0       0       0       0       0
      Totals:         2       0       0       0       0       0       0       0       0
Total ram usage:        2 bytes
 Hardware stack levels used:    1
 Hardware stack levels required when called:    1
 This function calls:
		_UART_write
 This function is called by:
		_main
 This function uses a non-reentrant model


 *************** function _UART_write *****************
 Defined at:
		line 42 in file "./UART.h"
 Parameters:    Size  Location     Type
  dato            1    wreg     unsigned char 
 Auto vars:     Size  Location     Type
  dato            1    0[COMRAM] unsigned char 
 Return value:  Size  Location     Type
                  1    wreg      void 
 Registers used:
		wreg
 Tracked objects:
		On entry : 
		On exit  : 
		Unchanged: 
 Data sizes:     COMRAM   BANK0   BANK1   BANK2   BANK3   BANK4   BANK5   BANK6   BANK7
      Params:         0       0       0       0       0       0       0       0       0
      Locals:         1       0       0       0       0       0       0       0       0
      Temps:          0       0       0       0       0       0       0       0       0
      Totals:         1       0       0       0       0       0       0       0       0
Total ram usage:        1 bytes
 Hardware stack levels used:    1
 This function calls:
		Nothing
 This function is called by:
		_UART_printf
 This function uses a non-reentrant model


 *************** function _UART_init *****************
 Defined at:
		line 13 in file "./UART.h"
 Parameters:    Size  Location     Type
  BAUD            4   14[COMRAM] long 
 Auto vars:     Size  Location     Type
  frecuenciaCr    4    0        long 
 Return value:  Size  Location     Type
                  1    wreg      void 
 Registers used:
		wreg, status,2, status,0, cstack
 Tracked objects:
		On entry : 
		On exit  : 
		Unchanged: 
 Data sizes:     COMRAM   BANK0   BANK1   BANK2   BANK3   BANK4   BANK5   BANK6   BANK7
      Params:         4       0       0       0       0       0       0       0       0
      Locals:         8       0       0       0       0       0       0       0       0
      Temps:          0       0       0       0       0       0       0       0       0
      Totals:        12       0       0       0       0       0       0       0       0
Total ram usage:       12 bytes
 Hardware stack levels used:    1
 Hardware stack levels required when called:    1
 This function calls:
		___aldiv
 This function is called by:
		_main
 This function uses a non-reentrant model


 *************** function ___aldiv *****************
 Defined at:
		line 7 in file "C:\Program Files (x86)\Microchip\xc8\v2.10\pic\sources\c99\common\aldiv.c"
 Parameters:    Size  Location     Type
  dividend        4    0[COMRAM] long 
  divisor         4    4[COMRAM] long 
 Auto vars:     Size  Location     Type
  quotient        4   10[COMRAM] long 
  sign            1    9[COMRAM] unsigned char 
  counter         1    8[COMRAM] unsigned char 
 Return value:  Size  Location     Type
                  4    0[COMRAM] long 
 Registers used:
		wreg, status,2, status,0
 Tracked objects:
		On entry : 
		On exit  : 
		Unchanged: 
 Data sizes:     COMRAM   BANK0   BANK1   BANK2   BANK3   BANK4   BANK5   BANK6   BANK7
      Params:         8       0       0       0       0       0       0       0       0
      Locals:         6       0       0       0       0       0       0       0       0
      Temps:          0       0       0       0       0       0       0       0       0
      Totals:        14       0       0       0       0       0       0       0       0
Total ram usage:       14 bytes
 Hardware stack levels used:    1
 This function calls:
		Nothing
 This function is called by:
		_UART_init
 This function uses a non-reentrant model


 *************** function _BH1750_init *****************
 Defined at:
		line 24 in file "./bh1750.h"
 Parameters:    Size  Location     Type
		None
 Auto vars:     Size  Location     Type
		None
 Return value:  Size  Location     Type
                  1    wreg      void 
 Registers used:
		wreg, status,2, status,0, cstack
 Tracked objects:
		On entry : 
		On exit  : 
		Unchanged: 
 Data sizes:     COMRAM   BANK0   BANK1   BANK2   BANK3   BANK4   BANK5   BANK6   BANK7
      Params:         0       0       0       0       0       0       0       0       0
      Locals:         0       0       0       0       0       0       0       0       0
      Temps:          1       0       0       0       0       0       0       0       0
      Totals:         1       0       0       0       0       0       0       0       0
Total ram usage:        1 bytes
 Hardware stack levels used:    1
 Hardware stack levels required when called:    3
 This function calls:
		_BH1750_write
 This function is called by:
		_main
 This function uses a non-reentrant model


 *************** function _BH1750_write *****************
 Defined at:
		line 31 in file "./bh1750.h"
 Parameters:    Size  Location     Type
  cmd             1    wreg     unsigned char 
 Auto vars:     Size  Location     Type
  cmd             1    2[COMRAM] unsigned char 
 Return value:  Size  Location     Type
                  1    wreg      void 
 Registers used:
		wreg, status,2, status,0, cstack
 Tracked objects:
		On entry : 
		On exit  : 
		Unchanged: 
 Data sizes:     COMRAM   BANK0   BANK1   BANK2   BANK3   BANK4   BANK5   BANK6   BANK7
      Params:         0       0       0       0       0       0       0       0       0
      Locals:         1       0       0       0       0       0       0       0       0
      Temps:          0       0       0       0       0       0       0       0       0
      Totals:         1       0       0       0       0       0       0       0       0
Total ram usage:        1 bytes
 Hardware stack levels used:    1
 Hardware stack levels required when called:    2
 This function calls:
		_i2c_detener
		_i2c_envia_dato
		_i2c_inicia_com
 This function is called by:
		_BH1750_init
		_get_lux_value
 This function uses a non-reentrant model


 *************** function _i2c_inicia_com *****************
 Defined at:
		line 37 in file "./I2C.h"
 Parameters:    Size  Location     Type
		None
 Auto vars:     Size  Location     Type
		None
 Return value:  Size  Location     Type
                  1    wreg      void 
 Registers used:
		wreg, status,2, status,0, cstack
 Tracked objects:
		On entry : 
		On exit  : 
		Unchanged: 
 Data sizes:     COMRAM   BANK0   BANK1   BANK2   BANK3   BANK4   BANK5   BANK6   BANK7
      Params:         0       0       0       0       0       0       0       0       0
      Locals:         0       0       0       0       0       0       0       0       0
      Temps:          0       0       0       0       0       0       0       0       0
      Totals:         0       0       0       0       0       0       0       0       0
Total ram usage:        0 bytes
 Hardware stack levels used:    1
 Hardware stack levels required when called:    1
 This function calls:
		_i2c_espera
 This function is called by:
		_BH1750_write
		_BH1750_read_word
 This function uses a non-reentrant model


 *************** function _i2c_envia_dato *****************
 Defined at:
		line 66 in file "./I2C.h"
 Parameters:    Size  Location     Type
  dato            1    wreg     unsigned char 
 Auto vars:     Size  Location     Type
  dato            1    1[COMRAM] unsigned char 
 Return value:  Size  Location     Type
                  1    wreg      unsigned char 
 Registers used:
		wreg, status,2, status,0, cstack
 Tracked objects:
		On entry : 
		On exit  : 
		Unchanged: 
 Data sizes:     COMRAM   BANK0   BANK1   BANK2   BANK3   BANK4   BANK5   BANK6   BANK7
      Params:         0       0       0       0       0       0       0       0       0
      Locals:         1       0       0       0       0       0       0       0       0
      Temps:          0       0       0       0       0       0       0       0       0
      Totals:         1       0       0       0       0       0       0       0       0
Total ram usage:        1 bytes
 Hardware stack levels used:    1
 Hardware stack levels required when called:    1
 This function calls:
		_i2c_espera
 This function is called by:
		_BH1750_write
		_BH1750_read_word
 This function uses a non-reentrant model


 *************** function _i2c_detener *****************
 Defined at:
		line 55 in file "./I2C.h"
 Parameters:    Size  Location     Type
		None
 Auto vars:     Size  Location     Type
		None
 Return value:  Size  Location     Type
                  1    wreg      void 
 Registers used:
		wreg, status,2, status,0, cstack
 Tracked objects:
		On entry : 
		On exit  : 
		Unchanged: 
 Data sizes:     COMRAM   BANK0   BANK1   BANK2   BANK3   BANK4   BANK5   BANK6   BANK7
      Params:         0       0       0       0       0       0       0       0       0
      Locals:         0       0       0       0       0       0       0       0       0
      Temps:          0       0       0       0       0       0       0       0       0
      Totals:         0       0       0       0       0       0       0       0       0
Total ram usage:        0 bytes
 Hardware stack levels used:    1
 Hardware stack levels required when called:    1
 This function calls:
		_i2c_espera
 This function is called by:
		_BH1750_write
		_BH1750_read_word
 This function uses a non-reentrant model


 *************** function _i2c_espera *****************
 Defined at:
		line 29 in file "./I2C.h"
 Parameters:    Size  Location     Type
		None
 Auto vars:     Size  Location     Type
		None
 Return value:  Size  Location     Type
                  1    wreg      void 
 Registers used:
		wreg, status,2, status,0
 Tracked objects:
		On entry : 
		On exit  : 
		Unchanged: 
 Data sizes:     COMRAM   BANK0   BANK1   BANK2   BANK3   BANK4   BANK5   BANK6   BANK7
      Params:         0       0       0       0       0       0       0       0       0
      Locals:         0       0       0       0       0       0       0       0       0
      Temps:          1       0       0       0       0       0       0       0       0
      Totals:         1       0       0       0       0       0       0       0       0
Total ram usage:        1 bytes
 Hardware stack levels used:    1
 This function calls:
		Nothing
 This function is called by:
		_i2c_inicia_com
		_i2c_detener
		_i2c_envia_dato
		_i2c_recibe_datoACK
		_i2c_reinicia_com
		_i2c_recibe_dato
 This function uses a non-reentrant model



MODULE INFORMATION

Module		Function		Class		Link	Load	Size
./bh1750.h
		_get_lux_value 		CODE           	32B0	0000	169
		_BH1750_init   		CODE           	38CA	0000	23
		_BH1750_write  		CODE           	3886	0000	25
		_BH1750_read_word		CODE           	3608	0000	75

./bh1750.h estimated size: 292

C:\Program Files (x86)\Microchip\xc8\v2.10\pic\sources\c99\common\floorf.c
		_floorf        		CODE           	24C2	0000	531

C:\Program Files (x86)\Microchip\xc8\v2.10\pic\sources\c99\common\floorf.c estimated size: 531

C:\Program Files (x86)\Microchip\xc8\v2.10\pic\sources\c99\common\atoi.c
		_atoi          		CODE           	2888	0000	401

C:\Program Files (x86)\Microchip\xc8\v2.10\pic\sources\c99\common\atoi.c estimated size: 401

C:\Program Files (x86)\Microchip\xc8\v2.10\pic\sources\c99\common\fleq.c
		___fleq        		CODE           	3206	0000	171

C:\Program Files (x86)\Microchip\xc8\v2.10\pic\sources\c99\common\fleq.c estimated size: 171

C:\Program Files (x86)\Microchip\xc8\v2.10\pic\sources\c99\common\xxtofl.c
		___xxtofl      		CODE           	26D4	0000	437

C:\Program Files (x86)\Microchip\xc8\v2.10\pic\sources\c99\common\xxtofl.c estimated size: 437

C:\Program Files (x86)\Microchip\xc8\v2.10\pic\sources\c99\common\awdiv.c
		___awdiv       		CODE           	3092	0000	197

C:\Program Files (x86)\Microchip\xc8\v2.10\pic\sources\c99\common\awdiv.c estimated size: 197

C:\Program Files (x86)\Microchip\xc8\v2.10\pic\sources\c99\common\isspace.c
		_isspace       		CODE           	35B6	0000	83

C:\Program Files (x86)\Microchip\xc8\v2.10\pic\sources\c99\common\isspace.c estimated size: 83

C:\Program Files (x86)\Microchip\xc8\v2.10\pic\sources\c99\common\strlen.c
		_strlen        		CODE           	3784	0000	55

C:\Program Files (x86)\Microchip\xc8\v2.10\pic\sources\c99\common\strlen.c estimated size: 55

C:\Program Files (x86)\Microchip\xc8\v2.10\pic\sources\c99\common\fltol.c
		___fltol       		CODE           	2B24	0000	263

C:\Program Files (x86)\Microchip\xc8\v2.10\pic\sources\c99\common\fltol.c estimated size: 263

C:\Program Files (x86)\Microchip\xc8\v2.10\pic\sources\c99\common\strcpy.c
		_strcpy        		CODE           	3508	0000	93

C:\Program Files (x86)\Microchip\xc8\v2.10\pic\sources\c99\common\strcpy.c estimated size: 93

C:\Program Files (x86)\Microchip\xc8\v2.10\pic\sources\c99\common\aldiv.c
		___aldiv       		CODE           	2A18	0000	269

C:\Program Files (x86)\Microchip\xc8\v2.10\pic\sources\c99\common\aldiv.c estimated size: 269

C:\Program Files (x86)\Microchip\xc8\v2.10\pic\sources\c99\common\strncmp.c
		_strncmp       		CODE           	2E2C	0000	215

C:\Program Files (x86)\Microchip\xc8\v2.10\pic\sources\c99\common\strncmp.c estimated size: 215

C:\Program Files (x86)\Microchip\xc8\v2.10\pic\sources\c99\common\tolower.c
		_tolower       		CODE           	34A8	0000	97

C:\Program Files (x86)\Microchip\xc8\v2.10\pic\sources\c99\common\tolower.c estimated size: 97

C:\Program Files (x86)\Microchip\xc8\v2.10\pic\sources\c99\common\sprcmul.c
		___flmul       		CODE           	1CFE	0000	1067

C:\Program Files (x86)\Microchip\xc8\v2.10\pic\sources\c99\common\sprcmul.c estimated size: 1067

./UART.h
		_UART_init     		CODE           	33D6	0000	113
		_UART_printf   		CODE           	37BA	0000	49
		_UART_write    		CODE           	38B4	0000	23

./UART.h estimated size: 185

C:\Program Files (x86)\Microchip\xc8\v2.10\pic\sources\c99\common\sprcdiv.c
		___fldiv       		CODE           	2128	0000	923

C:\Program Files (x86)\Microchip\xc8\v2.10\pic\sources\c99\common\sprcdiv.c estimated size: 923

C:\Program Files (x86)\Microchip\xc8\v2.10\pic\sources\c99\common\doprnt.c
		_vfpfcnvrt     		CODE           	189E	0000	1121
		_efgtoa        		CODE           	082E	0000	2993
		_pad           		CODE           	2FCC	0000	199
		_vfprintf      		CODE           	3446	0000	99

C:\Program Files (x86)\Microchip\xc8\v2.10\pic\sources\c99\common\doprnt.c estimated size: 4412

C:\Program Files (x86)\Microchip\xc8\v2.10\pic\sources\c99\common\nf_fputs.c
		_fputs         		CODE           	3698	0000	69

C:\Program Files (x86)\Microchip\xc8\v2.10\pic\sources\c99\common\nf_fputs.c estimated size: 69

C:\Program Files (x86)\Microchip\xc8\v2.10\pic\sources\c99\common\flge.c
		___flge        		CODE           	2C2A	0000	261

C:\Program Files (x86)\Microchip\xc8\v2.10\pic\sources\c99\common\flge.c estimated size: 261

C:\Program Files (x86)\Microchip\xc8\v2.10\pic\sources\c99\common\flneg.c
		___flneg       		CODE           	3714	0000	57

C:\Program Files (x86)\Microchip\xc8\v2.10\pic\sources\c99\common\flneg.c estimated size: 57

shared
		__initialization		CODE           	3864	0000	25

shared estimated size: 25

C:\Program Files (x86)\Microchip\xc8\v2.10\pic\sources\c99\common\putch.c
		_putch         		CODE           	38FC	0000	3

C:\Program Files (x86)\Microchip\xc8\v2.10\pic\sources\c99\common\putch.c estimated size: 3

C:\Program Files (x86)\Microchip\xc8\v2.10\pic\sources\c99\common\isdigit.c
		_isdigit       		CODE           	374C	0000	57

C:\Program Files (x86)\Microchip\xc8\v2.10\pic\sources\c99\common\isdigit.c estimated size: 57

C:\Program Files (x86)\Microchip\xc8\v2.10\pic\sources\c99\common\sprcadd.c
		___flsub       		CODE           	3652	0000	71
		___fladd       		CODE           	13DE	0000	1217

C:\Program Files (x86)\Microchip\xc8\v2.10\pic\sources\c99\common\sprcadd.c estimated size: 1288

C:\Program Files (x86)\Microchip\xc8\v2.10\pic\sources\c99\common\nf_sprintf.c
		_sprintf       		CODE           	3564	0000	83

C:\Program Files (x86)\Microchip\xc8\v2.10\pic\sources\c99\common\nf_sprintf.c estimated size: 83

C:\Program Files (x86)\Microchip\xc8\v2.10\pic\sources\c99\common\Umul16.c
		___wmul        		CODE           	3818	0000	39

C:\Program Files (x86)\Microchip\xc8\v2.10\pic\sources\c99\common\Umul16.c estimated size: 39

./I2C.h
		_i2c_inicia_com		CODE           	38EC	0000	9
		_i2c_envia_dato		CODE           	38E0	0000	13
		_i2c_recibe_datoACK		CODE           	37EA	0000	47
		_i2c_detener   		CODE           	38F4	0000	9
		_i2c_espera    		CODE           	383E	0000	39
		_i2c_iniciar   		CODE           	389E	0000	23

./I2C.h estimated size: 140

C:\Program Files (x86)\Microchip\xc8\v2.10\pic\sources\c99\common\awmod.c
		___awmod       		CODE           	3156	0000	177

C:\Program Files (x86)\Microchip\xc8\v2.10\pic\sources\c99\common\awmod.c estimated size: 177

main.c
		_main          		CODE           	3358	0000	127

main.c estimated size: 127

C:\Program Files (x86)\Microchip\xc8\v2.10\pic\sources\c99\common\isupper.c
		_isupper       		CODE           	36DC	0000	57

C:\Program Files (x86)\Microchip\xc8\v2.10\pic\sources\c99\common\isupper.c estimated size: 57

C:\Program Files (x86)\Microchip\xc8\v2.10\pic\sources\c99\common\__fpclassifyf.c
		___fpclassifyf 		CODE           	2D2E	0000	255

C:\Program Files (x86)\Microchip\xc8\v2.10\pic\sources\c99\common\__fpclassifyf.c estimated size: 255

C:\Program Files (x86)\Microchip\xc8\v2.10\pic\sources\c99\common\nf_fputc.c
		_fputc         		CODE           	2F02	0000	203

C:\Program Files (x86)\Microchip\xc8\v2.10\pic\sources\c99\common\nf_fputc.c estimated size: 203

