Microchip MPLAB XC8 Compiler V2.10 ()

Linker command line:

-W-3 --edf=C:\Program Files (x86)\Microchip\xc8\v2.10\pic\dat\en_msgs.txt \
  -cs -h+dist/default/production\iluminacion.X.production.sym \
  --cmf=dist/default/production\iluminacion.X.production.cmf -z -Q18F4550 \
  -oC:\Users\DIEGOM~1\AppData\Local\Temp\s5ps.2 --defsym=__MPLAB_BUILD=1 \
  -Mdist/default/production/iluminacion.X.production.map -E1 -ver=XC8 \
  --acfsm=1493 -ASTACK=02A4h-07FFh -pstack=STACK -ACODE=00h-07FFFh \
  -ACONST=00h-07FFFh -ASMALLCONST=0800h-08FFhx120 \
  -AMEDIUMCONST=0800h-07FFFh -ACOMRAM=01h-05Fh -AABS1=00h-07FFh \
  -ABIGRAM=01h-07FFh -ARAM=060h-0FFh,0100h-01FFhx7 -ABANK0=060h-0FFh \
  -ABANK1=0100h-01FFh -ABANK2=0200h-02FFh -ABANK3=0300h-03FFh \
  -ABANK4=0400h-04FFh -ABANK5=0500h-05FFh -ABANK6=0600h-06FFh \
  -ABANK7=0700h-07FFh -ASFR=0F60h-0FFFh \
  -preset_vec=00h,intcode=08h,intcodelo,powerup,init -pramtop=0800h \
  -psmallconst=SMALLCONST -pmediumconst=MEDIUMCONST -pconst=CONST \
  -AFARRAM=00h-00h -ACONFIG=0300000h-030000Dh -pconfig=CONFIG \
  -AIDLOC=0200000h-0200007h -pidloc=IDLOC -AEEDATA=0F00000h-0F000FFh \
  -peeprom_data=EEDATA \
  -prdata=COMRAM,nvrram=COMRAM,nvbit=COMRAM,rbss=COMRAM,rbit=COMRAM \
  -pfarbss=FARRAM,fardata=FARRAM,nvFARRAM=FARRAM \
  -pintsave_regs=BIGRAM,bigbss=BIGRAM,bigdata=BIGRAM -pbss=RAM \
  -pidata=CODE,irdata=CODE,ibigdata=CODE,ifardata=CODE -prparam=COMRAM \
  C:\Users\DIEGOM~1\AppData\Local\Temp\s5ps.o \
  dist/default/production\iluminacion.X.production.o 

Object code version is 3.11

Machine type is 18F4550

Call graph: (short form)




                Name                               Link     Load   Length Selector   Space Scale
C:\Users\DIEGOM~1\AppData\Local\Temp\s5ps.o
                init                                  E        E        4        4       0
                reset_vec                             0        0        4        0       0
                idloc                            200000   200000        8   200000       0
                config                           300000   300000        E   300000       0
dist/default/production\iluminacion.X.production.o
                intcode                               8        8        6        4       0
                temp                                 5F       5F        1        1       1
                mediumconst                        7C88     7C88      378     3E44       0
                intcode_body                       33E0     33E0       62        4       0
                text68                             28B6     28B6      10C        4       0
                text67                             32A4     32A4       70        4       0
                text66                             39D0     39D0       26        4       0
                text65                             3AE4     3AE4        8     1D64       0
                text64                             3AC8     3AC8        C     1D64       0
                text63                             3ADC     3ADC        8     1D64       0
                text62                             3A4E     3A4E       18        4       0
                text61                             3A92     3A92       16        4       0
                text60                             3642     3642       50        4       0
                text59                             3A7C     3A7C       16        4       0
                text58                             39AA     39AA       26        4       0
                text57                              F04      F04      39A        4       0
                text56                              ADA      ADA      42A        4       0
                text55                             29C2     29C2      106        4       0
                text54                             1A52     1A52      1B4        4       0
                text53                             3314     3314       6A        4       0
                text52                             31B8     31B8       7A        4       0
                text51                             189E     189E      1B4        4       0
                text50                             20A4     20A4      17A        4       0
                text49                             39F6     39F6       20        4       0
                text48                             3A34     3A34       1A        4       0
                text47                             3AD4     3AD4        8     1D64       0
                text46                             3980     3980       2A        4       0
                text45                             3AA8     3AA8       10        4       0
                text44                             3954     3954       2C        4       0
                text43                             30B4     30B4       84        4       0
                text42                             278A     278A      12C        4       0
                text41                             38F6     38F6       30        4       0
                text40                             24F0     24F0      156        4       0
                text39                             34FA     34FA       54        4       0
                text38                             3A66     3A66       16        4       0
                text37                               12       12      5B8        4       0
                text36                             2646     2646      144        4       0
                text35                             2AC8     2AC8       E8        4       0
                text34                             3442     3442       5E        4       0
                text33                             3764     3764       40        4       0
                text32                             3856     3856       38        4       0
                text31                             35A0     35A0       52        4       0
                text30                             1C06     1C06      190        4       0
                text29                             1D96     1D96      188        4       0
                text28                             238C     238C      164        4       0
                text27                             3724     3724       40        4       0
                text26                             3AEC     3AEC        2     1D64       0
                text25                             2BB0     2BB0       CA        4       0
                text24                             36E0     36E0       44        4       0
                text23                             388E     388E       36        4       0
                text22                             2C7A     2C7A       C6        4       0
                text21                             15BA     15BA      2E4        4       0
                text20                             1F1E     1F1E      186        4       0
                text19                              5CA      5CA      510        4       0
                text18                             337E     337E       62        4       0
                text17                             354E     354E       52        4       0
                text16                             129E     129E      31C        4       0
                text15                             2D40     2D40       C4        4       0
                text14                             2F74     2F74       B0        4       0
                text13                             3A16     3A16       1E        4       0
                text12                             3232     3232       72        4       0
                text11                             381E     381E       38        4       0
                text10                             37A4     37A4       3E        4       0
                text9                              37E2     37E2       3C        4       0
                text8                              221E     221E      16E        4       0
                text7                              3926     3926       2E        4       0
                text6                              2E04     2E04       BC        4       0
                text5                              3692     3692       4E        4       0
                text4                              35F2     35F2       50        4       0
                text3                              38C4     38C4       32        4       0
                text2                              3138     3138       80        4       0
                text1                              2EC0     2EC0       B4        4       0
                text0                              3024     3024       90        4       0
                cstackCOMRAM                          1        1       5E        1       1
                cstackBANK0                          60       60       46       60       1
                bssBIGRAM                           184      184      120      184       1
                bssBANK1                            100      100       84      100       1
                dataBANK0                            D8       D8        F       60       1
                bssBANK0                             A6       A6       32       60       1
                cinit                              34A0     34A0       5A        4       0
                idataBANK0                         3AB8     3AB8        F        4       0

TOTAL           Name                               Link     Load   Length     Space
        CLASS   STACK          

        CLASS   CODE           
                intcode                               8        8        6         0
                init                                  E        E        4         0
                reset_vec                             0        0        4         0
                intcode_body                       33E0     33E0       62         0
                text68                             28B6     28B6      10C         0
                text67                             32A4     32A4       70         0
                text66                             39D0     39D0       26         0
                text65                             3AE4     3AE4        8         0
                text64                             3AC8     3AC8        C         0
                text63                             3ADC     3ADC        8         0
                text62                             3A4E     3A4E       18         0
                text61                             3A92     3A92       16         0
                text60                             3642     3642       50         0
                text59                             3A7C     3A7C       16         0
                text58                             39AA     39AA       26         0
                text57                              F04      F04      39A         0
                text56                              ADA      ADA      42A         0
                text55                             29C2     29C2      106         0
                text54                             1A52     1A52      1B4         0
                text53                             3314     3314       6A         0
                text52                             31B8     31B8       7A         0
                text51                             189E     189E      1B4         0
                text50                             20A4     20A4      17A         0
                text49                             39F6     39F6       20         0
                text48                             3A34     3A34       1A         0
                text47                             3AD4     3AD4        8         0
                text46                             3980     3980       2A         0
                text45                             3AA8     3AA8       10         0
                text44                             3954     3954       2C         0
                text43                             30B4     30B4       84         0
                text42                             278A     278A      12C         0
                text41                             38F6     38F6       30         0
                text40                             24F0     24F0      156         0
                text39                             34FA     34FA       54         0
                text38                             3A66     3A66       16         0
                text37                               12       12      5B8         0
                text36                             2646     2646      144         0
                text35                             2AC8     2AC8       E8         0
                text34                             3442     3442       5E         0
                text33                             3764     3764       40         0
                text32                             3856     3856       38         0
                text31                             35A0     35A0       52         0
                text30                             1C06     1C06      190         0
                text29                             1D96     1D96      188         0
                text28                             238C     238C      164         0
                text27                             3724     3724       40         0
                text26                             3AEC     3AEC        2         0
                text25                             2BB0     2BB0       CA         0
                text24                             36E0     36E0       44         0
                text23                             388E     388E       36         0
                text22                             2C7A     2C7A       C6         0
                text21                             15BA     15BA      2E4         0
                text20                             1F1E     1F1E      186         0
                text19                              5CA      5CA      510         0
                text18                             337E     337E       62         0
                text17                             354E     354E       52         0
                text16                             129E     129E      31C         0
                text15                             2D40     2D40       C4         0
                text14                             2F74     2F74       B0         0
                text13                             3A16     3A16       1E         0
                text12                             3232     3232       72         0
                text11                             381E     381E       38         0
                text10                             37A4     37A4       3E         0
                text9                              37E2     37E2       3C         0
                text8                              221E     221E      16E         0
                text7                              3926     3926       2E         0
                text6                              2E04     2E04       BC         0
                text5                              3692     3692       4E         0
                text4                              35F2     35F2       50         0
                text3                              38C4     38C4       32         0
                text2                              3138     3138       80         0
                text1                              2EC0     2EC0       B4         0
                text0                              3024     3024       90         0
                cinit                              34A0     34A0       5A         0
                idataBANK0                         3AB8     3AB8        F         0

        CLASS   CONST          

        CLASS   SMALLCONST     

        CLASS   MEDIUMCONST    
                mediumconst                        7C88     7C88      378         0

        CLASS   COMRAM         
                temp                                 5F       5F        1         1
                cstackCOMRAM                          1        1       5E         1

        CLASS   ABS1           

        CLASS   BIGRAM         
                bssBIGRAM                           184      184      120         1

        CLASS   RAM            

        CLASS   BANK0          
                cstackBANK0                          60       60       46         1
                dataBANK0                            D8       D8        F         1
                bssBANK0                             A6       A6       32         1

        CLASS   BANK1          
                bssBANK1                            100      100       84         1

        CLASS   BANK2          

        CLASS   BANK3          

        CLASS   BANK4          

        CLASS   BANK5          

        CLASS   BANK6          

        CLASS   BANK7          

        CLASS   SFR            

        CLASS   FARRAM         

        CLASS   CONFIG         
                config                           300000   300000        E         0

        CLASS   IDLOC          
                idloc                            200000   200000        8         0

        CLASS   EEDATA         



SEGMENTS        Name                           Load    Length   Top    Selector   Space  Class

                reset_vec                      000000  000004  000004         0       0  CODE    
                cstackCOMRAM                   000001  00005F  000060         1       1  COMRAM  
                intcode                        000008  003ABF  003AC7         4       0  CODE    
                cstackBANK0                    000060  000087  0000E7        60       1  BANK0   
                bssBANK1                       000100  000084  000184       100       1  BANK1   
                bssBIGRAM                      000184  000120  0002A4       184       1  BIGRAM  
                text64                         003AC8  000026  003AEE      1D64       0  CODE    
                mediumconst                    007C88  000378  008000      3E44       0  MEDIUMCO
                idloc                          200000  000008  200008    200000       0  IDLOC   
                config                         300000  00000E  30000E    300000       0  CONFIG  


UNUSED ADDRESS RANGES

        Name                Unused          Largest block    Delta
        BANK0            0000E7-0000FF               19
        BANK2            0002A4-0002FF               5C
        BANK3            000300-0003FF              100
        BANK4            000400-0004FF              100
        BANK5            000500-0005FF              100
        BANK6            000600-0006FF              100
        BANK7            000700-0007FF              100
        BIGRAM           0000E7-0000FF               19
                         0002A4-0007FF              55C
        CODE             000004-000007                4
                         003AC7-003AC7                1
                         003AEE-007C87             419A
        CONST            000004-000007                4
                         003AC7-003AC7                1
                         003AEE-007C87             419A
        EEDATA           F00000-F000FF              100
        MEDIUMCONST      003AC7-003AC7                1
                         003AEE-007C87             419A
        RAM              0000E7-0000FF               19
                         0002A4-0007FF              100
        SFR              000F60-000FFF               A0
        SMALLCONST       003AC7-003AC7                1
                         003AEE-007C87              100
        STACK            0002A4-0007FF              55C

                                  Symbol Table

?___aldiv                          cstackCOMRAM 00000D
?___aodiv                          cstackCOMRAM 000001
?___aomod                          cstackCOMRAM 000001
?___awdiv                          cstackCOMRAM 000001
?___awmod                          cstackCOMRAM 000001
?___fldiv                          cstackCOMRAM 00000F
?___flmul                          cstackCOMRAM 000028
?___fltol                          cstackCOMRAM 000041
?___lmul                           cstackCOMRAM 000001
?___wmul                           cstackCOMRAM 000001
?___xxtofl                         cstackCOMRAM 000001
?_abs                              cstackCOMRAM 000013
?_atoi                             cstackCOMRAM 000008
?_bh1750_leer                      cstackCOMRAM 00004B
?_dameValorLux                     cstackCOMRAM 000057
?_dtoa                             cstackCOMRAM 00001C
?_getValue                         cstackCOMRAM 00000D
?_horaIluminar                     cstackCOMRAM 000001
?_isdigit                          cstackCOMRAM 000001
?_isspace                          cstackCOMRAM 000001
?_map                              cstackCOMRAM 00001B
?_pad                              cstackCOMRAM 000011
?_sprintf                          cstackBANK0  000066
?_stoa                             cstackCOMRAM 00000A
?_strlen                           cstackCOMRAM 000001
?_vfpfcnvrt                        cstackCOMRAM 000040
?_vfprintf                         cstackBANK0  000060
PID@D                              bssBANK0     0000AA
PID@I                              bssBANK0     0000AE
PID@P                              bssBANK0     0000B2
PID@difAnt                         bssBANK0     0000A6
UART_init@BAUD                     cstackCOMRAM 00001B
UART_printf@cadena                 cstackCOMRAM 000002
UART_write@dato                    cstackCOMRAM 000001
_ACKDT                             (abs)        007E2D
_ACKEN                             (abs)        007E2C
_ACKSTAT                           (abs)        007E2E
_CCP1CON                           (abs)        000FBD
_CCP1M2                            (abs)        007DEA
_CCP1M3                            (abs)        007DEB
_CCP2CON                           (abs)        000FBA
_CCP2M2                            (abs)        007DD2
_CCP2M3                            (abs)        007DD3
_CCPR1L                            (abs)        000FBE
_CCPR2L                            (abs)        000FBB
_INTCONbits                        (abs)        000FF2
_PIE1bits                          (abs)        000F9D
_PIR1bits                          (abs)        000F9E
_PR2                               (abs)        000FCB
_RCREG                             (abs)        000FAE
_RCSTAbits                         (abs)        000FAB
_SPBRG                             (abs)        000FAF
_SSPADD                            (abs)        000FC8
_SSPBUF                            (abs)        000FC9
_SSPCON1                           (abs)        000FC6
_SSPCON2                           (abs)        000FC5
_SSPCON2bits                       (abs)        000FC5
_SSPSTAT                           (abs)        000FC7
_T0CON                             (abs)        000FD5
_T0CONbits                         (abs)        000FD5
_T2CKPS0                           (abs)        007E50
_T2CKPS1                           (abs)        007E51
_TMR0                              (abs)        000FD6
_TMR2ON                            (abs)        007E52
_TRISBbits                         (abs)        000F93
_TRISC1                            (abs)        007CA1
_TRISC2                            (abs)        007CA2
_TRISCbits                         (abs)        000F94
_TXREG                             (abs)        000FAD
_TXSTAbits                         (abs)        000FAC
_UART_init                         text67       0032A4
_UART_init$1632                    cstackCOMRAM 000023
_UART_printf                       text34       003442
_UART_read                         text39       0034FA
_UART_write                        text38       003A66
_VALOR_TIMER0                      dataBANK0    0000E3
_VALOR_TIMER0UART                  dataBANK0    0000E5
__CFG_BOR$OFF                      (abs)        000000
__CFG_BORV$3                       (abs)        000000
__CFG_CCP2MX$ON                    (abs)        000000
__CFG_CP0$OFF                      (abs)        000000
__CFG_CP1$OFF                      (abs)        000000
__CFG_CP2$OFF                      (abs)        000000
__CFG_CP3$OFF                      (abs)        000000
__CFG_CPB$OFF                      (abs)        000000
__CFG_CPD$OFF                      (abs)        000000
__CFG_CPUDIV$OSC1_PLL2             (abs)        000000
__CFG_EBTR0$OFF                    (abs)        000000
__CFG_EBTR1$OFF                    (abs)        000000
__CFG_EBTR2$OFF                    (abs)        000000
__CFG_EBTR3$OFF                    (abs)        000000
__CFG_EBTRB$OFF                    (abs)        000000
__CFG_FCMEN$OFF                    (abs)        000000
__CFG_FOSC$XT_XT                   (abs)        000000
__CFG_ICPRT$OFF                    (abs)        000000
__CFG_IESO$OFF                     (abs)        000000
__CFG_LPT1OSC$OFF                  (abs)        000000
__CFG_LVP$OFF                      (abs)        000000
__CFG_MCLRE$ON                     (abs)        000000
__CFG_PBADEN$OFF                   (abs)        000000
__CFG_PLLDIV$1                     (abs)        000000
__CFG_PWRT$OFF                     (abs)        000000
__CFG_STVREN$OFF                   (abs)        000000
__CFG_USBDIV$1                     (abs)        000000
__CFG_VREGEN$OFF                   (abs)        000000
__CFG_WDT$OFF                      (abs)        000000
__CFG_WDTPS$32768                  (abs)        000000
__CFG_WRT0$OFF                     (abs)        000000
__CFG_WRT1$OFF                     (abs)        000000
__CFG_WRT2$OFF                     (abs)        000000
__CFG_WRT3$OFF                     (abs)        000000
__CFG_WRTB$OFF                     (abs)        000000
__CFG_WRTC$OFF                     (abs)        000000
__CFG_WRTD$OFF                     (abs)        000000
__CFG_XINST$OFF                    (abs)        000000
__HRAM                             (abs)        000000
__Habs1                            abs1         000000
__Hbank0                           bank0        000000
__Hbank1                           bank1        000000
__Hbank2                           bank2        000000
__Hbank3                           bank3        000000
__Hbank4                           bank4        000000
__Hbank5                           bank5        000000
__Hbank6                           bank6        000000
__Hbank7                           bank7        000000
__Hbigbss                          bigbss       000000
__Hbigdata                         bigdata      000000
__Hbigram                          bigram       000000
__Hbss                             bss          000000
__HbssBANK0                        bssBANK0     000000
__HbssBANK1                        bssBANK1     000000
__HbssBIGRAM                       bssBIGRAM    000000
__Hcinit                           cinit        000000
__Hclrtext                         clrtext      000000
__Hcomram                          comram       000000
__Hconfig                          config       30000E
__Hconst                           const        000000
__HcstackBANK0                     cstackBANK0  000000
__HcstackCOMRAM                    cstackCOMRAM 000000
__Hdata                            data         000000
__HdataBANK0                       dataBANK0    000000
__Heeprom_data                     eeprom_data  000000
__Hfarbss                          farbss       000000
__Hfardata                         fardata      000000
__Hibigdata                        ibigdata     000000
__Hidata                           idata        000000
__HidataBANK0                      idataBANK0   000000
__Hidloc                           idloc        200008
__Hifardata                        ifardata     000000
__Hinit                            init         000012
__Hintcode                         intcode      00000E
__Hintcode_body                    intcode_body 000000
__Hintcodelo                       intcodelo    00000E
__Hintentry                        intentry     000000
__Hintret                          intret       000000
__Hintsave_regs                    intsave_regs 000000
__Hirdata                          irdata       000000
__Hmediumconst                     mediumconst  008000
__HnvFARRAM                        nvFARRAM     000000
__Hnvbit                           nvbit        000000
__Hnvrram                          nvrram       000000
__Hparam                           rparam       000000
__Hpowerup                         powerup      00000E
__Hram                             ram          000000
__Hramtop                          ramtop       000800
__Hrbit                            rbit         000000
__Hrbss                            rbss         000000
__Hrdata                           rdata        000000
__Hreset_vec                       reset_vec    000004
__Hrparam                          rparam       000000
__Hsfr                             sfr          000000
__Hsmallconst                      smallconst   000000
__Hspace_0                         (abs)        30000E
__Hspace_1                         (abs)        0002A4
__Hspace_2                         (abs)        000000
__Hstack                           stack        000000
__Hstruct                          struct       000000
__Htemp                            temp         000060
__Htext                            text         000000
__Htext0                           text0        000000
__Htext1                           text1        000000
__Htext10                          text10       000000
__Htext11                          text11       000000
__Htext12                          text12       000000
__Htext13                          text13       000000
__Htext14                          text14       000000
__Htext15                          text15       000000
__Htext16                          text16       000000
__Htext17                          text17       000000
__Htext18                          text18       000000
__Htext19                          text19       000000
__Htext2                           text2        000000
__Htext20                          text20       000000
__Htext21                          text21       000000
__Htext22                          text22       000000
__Htext23                          text23       000000
__Htext24                          text24       000000
__Htext25                          text25       000000
__Htext26                          text26       000000
__Htext27                          text27       000000
__Htext28                          text28       000000
__Htext29                          text29       000000
__Htext3                           text3        000000
__Htext30                          text30       000000
__Htext31                          text31       000000
__Htext32                          text32       000000
__Htext33                          text33       000000
__Htext34                          text34       000000
__Htext35                          text35       000000
__Htext36                          text36       000000
__Htext37                          text37       000000
__Htext38                          text38       000000
__Htext39                          text39       000000
__Htext4                           text4        000000
__Htext40                          text40       000000
__Htext41                          text41       000000
__Htext42                          text42       000000
__Htext43                          text43       000000
__Htext44                          text44       000000
__Htext45                          text45       000000
__Htext46                          text46       000000
__Htext47                          text47       000000
__Htext48                          text48       000000
__Htext49                          text49       000000
__Htext5                           text5        000000
__Htext50                          text50       000000
__Htext51                          text51       000000
__Htext52                          text52       000000
__Htext53                          text53       000000
__Htext54                          text54       000000
__Htext55                          text55       000000
__Htext56                          text56       000000
__Htext57                          text57       000000
__Htext58                          text58       000000
__Htext59                          text59       000000
__Htext6                           text6        000000
__Htext60                          text60       000000
__Htext61                          text61       000000
__Htext62                          text62       000000
__Htext63                          text63       000000
__Htext64                          text64       000000
__Htext65                          text65       000000
__Htext66                          text66       000000
__Htext67                          text67       000000
__Htext68                          text68       000000
__Htext7                           text7        000000
__Htext8                           text8        000000
__Htext9                           text9        000000
__LRAM                             (abs)        000001
__Labs1                            abs1         000000
__Lbank0                           bank0        000000
__Lbank1                           bank1        000000
__Lbank2                           bank2        000000
__Lbank3                           bank3        000000
__Lbank4                           bank4        000000
__Lbank5                           bank5        000000
__Lbank6                           bank6        000000
__Lbank7                           bank7        000000
__Lbigbss                          bigbss       000000
__Lbigdata                         bigdata      000000
__Lbigram                          bigram       000000
__Lbss                             bss          000000
__LbssBANK0                        bssBANK0     000000
__LbssBANK1                        bssBANK1     000000
__LbssBIGRAM                       bssBIGRAM    000000
__Lcinit                           cinit        000000
__Lclrtext                         clrtext      000000
__Lcomram                          comram       000000
__Lconfig                          config       300000
__Lconst                           const        000000
__LcstackBANK0                     cstackBANK0  000000
__LcstackCOMRAM                    cstackCOMRAM 000000
__Ldata                            data         000000
__LdataBANK0                       dataBANK0    000000
__Leeprom_data                     eeprom_data  000000
__Lfarbss                          farbss       000000
__Lfardata                         fardata      000000
__Libigdata                        ibigdata     000000
__Lidata                           idata        000000
__LidataBANK0                      idataBANK0   000000
__Lidloc                           idloc        200000
__Lifardata                        ifardata     000000
__Linit                            init         00000E
__Lintcode                         intcode      000008
__Lintcode_body                    intcode_body 000000
__Lintcodelo                       intcodelo    00000E
__Lintentry                        intentry     000000
__Lintret                          intret       000000
__Lintsave_regs                    intsave_regs 000000
__Lirdata                          irdata       000000
__Lmediumconst                     mediumconst  007C88
__LnvFARRAM                        nvFARRAM     000000
__Lnvbit                           nvbit        000000
__Lnvrram                          nvrram       000000
__Lparam                           rparam       000000
__Lpowerup                         powerup      00000E
__Lram                             ram          000000
__Lramtop                          ramtop       000800
__Lrbit                            rbit         000000
__Lrbss                            rbss         000000
__Lrdata                           rdata        000000
__Lreset_vec                       reset_vec    000000
__Lrparam                          rparam       000000
__Lsfr                             sfr          000000
__Lsmallconst                      smallconst   000000
__Lspace_0                         (abs)        000000
__Lspace_1                         (abs)        000000
__Lspace_2                         (abs)        000000
__Lstack                           stack        000000
__Lstruct                          struct       000000
__Ltemp                            temp         00005F
__Ltext                            text         000000
__Ltext0                           text0        000000
__Ltext1                           text1        000000
__Ltext10                          text10       000000
__Ltext11                          text11       000000
__Ltext12                          text12       000000
__Ltext13                          text13       000000
__Ltext14                          text14       000000
__Ltext15                          text15       000000
__Ltext16                          text16       000000
__Ltext17                          text17       000000
__Ltext18                          text18       000000
__Ltext19                          text19       000000
__Ltext2                           text2        000000
__Ltext20                          text20       000000
__Ltext21                          text21       000000
__Ltext22                          text22       000000
__Ltext23                          text23       000000
__Ltext24                          text24       000000
__Ltext25                          text25       000000
__Ltext26                          text26       000000
__Ltext27                          text27       000000
__Ltext28                          text28       000000
__Ltext29                          text29       000000
__Ltext3                           text3        000000
__Ltext30                          text30       000000
__Ltext31                          text31       000000
__Ltext32                          text32       000000
__Ltext33                          text33       000000
__Ltext34                          text34       000000
__Ltext35                          text35       000000
__Ltext36                          text36       000000
__Ltext37                          text37       000000
__Ltext38                          text38       000000
__Ltext39                          text39       000000
__Ltext4                           text4        000000
__Ltext40                          text40       000000
__Ltext41                          text41       000000
__Ltext42                          text42       000000
__Ltext43                          text43       000000
__Ltext44                          text44       000000
__Ltext45                          text45       000000
__Ltext46                          text46       000000
__Ltext47                          text47       000000
__Ltext48                          text48       000000
__Ltext49                          text49       000000
__Ltext5                           text5        000000
__Ltext50                          text50       000000
__Ltext51                          text51       000000
__Ltext52                          text52       000000
__Ltext53                          text53       000000
__Ltext54                          text54       000000
__Ltext55                          text55       000000
__Ltext56                          text56       000000
__Ltext57                          text57       000000
__Ltext58                          text58       000000
__Ltext59                          text59       000000
__Ltext6                           text6        000000
__Ltext60                          text60       000000
__Ltext61                          text61       000000
__Ltext62                          text62       000000
__Ltext63                          text63       000000
__Ltext64                          text64       000000
__Ltext65                          text65       000000
__Ltext66                          text66       000000
__Ltext67                          text67       000000
__Ltext68                          text68       000000
__Ltext7                           text7        000000
__Ltext8                           text8        000000
__Ltext9                           text9        000000
__S0                               (abs)        30000E
__S1                               (abs)        0002A4
__S2                               (abs)        000000
___aldiv                           text68       0028B6
___aldiv@counter                   cstackCOMRAM 000015
___aldiv@dividend                  cstackCOMRAM 00000D
___aldiv@divisor                   cstackCOMRAM 000011
___aldiv@quotient                  cstackCOMRAM 000017
___aldiv@sign                      cstackCOMRAM 000016
___aodiv                           text29       001D96
___aodiv@counter                   cstackCOMRAM 000011
___aodiv@dividend                  cstackCOMRAM 000001
___aodiv@divisor                   cstackCOMRAM 000009
___aodiv@quotient                  cstackCOMRAM 000013
___aodiv@sign                      cstackCOMRAM 000012
___aomod                           text28       00238C
___aomod@counter                   cstackCOMRAM 000011
___aomod@dividend                  cstackCOMRAM 000001
___aomod@divisor                   cstackCOMRAM 000009
___aomod@sign                      cstackCOMRAM 000012
___awdiv                           text15       002D40
___awdiv@counter                   cstackCOMRAM 000005
___awdiv@dividend                  cstackCOMRAM 000001
___awdiv@divisor                   cstackCOMRAM 000003
___awdiv@quotient                  cstackCOMRAM 000007
___awdiv@sign                      cstackCOMRAM 000006
___awmod                           text14       002F74
___awmod@counter                   cstackCOMRAM 000005
___awmod@dividend                  cstackCOMRAM 000001
___awmod@divisor                   cstackCOMRAM 000003
___awmod@sign                      cstackCOMRAM 000006
___fldiv                           text57       000F04
___fldiv@a                         cstackCOMRAM 000013
___fldiv@aexp                      cstackCOMRAM 000027
___fldiv@b                         cstackCOMRAM 00000F
___fldiv@bexp                      cstackCOMRAM 000026
___fldiv@grs                       cstackCOMRAM 000022
___fldiv@new_exp                   cstackCOMRAM 000020
___fldiv@rem                       cstackCOMRAM 00001B
___fldiv@sign                      cstackCOMRAM 00001F
___flmul                           text56       000ADA
___flmul@a                         cstackCOMRAM 00002C
___flmul@aexp                      cstackCOMRAM 000039
___flmul@b                         cstackCOMRAM 000028
___flmul@bexp                      cstackCOMRAM 00003A
___flmul@grs                       cstackCOMRAM 000035
___flmul@prod                      cstackCOMRAM 00003B
___flmul@sign                      cstackCOMRAM 000034
___flmul@temp                      cstackCOMRAM 00003F
___fltol                           text55       0029C2
___fltol@exp1                      cstackCOMRAM 00004A
___fltol@f1                        cstackCOMRAM 000041
___fltol@sign1                     cstackCOMRAM 000049
___inthi_sp                        stack        000000
___intlo_sp                        stack        000000
___lmul                            text53       003314
___lmul@multiplicand               cstackCOMRAM 000005
___lmul@multiplier                 cstackCOMRAM 000001
___lmul@product                    cstackCOMRAM 000009
___param_bank                      (abs)        000000
___rparam_used                     (abs)        000001
___sp                              stack        000000
___wmul                            text58       0039AA
___wmul@multiplicand               cstackCOMRAM 000003
___wmul@multiplier                 cstackCOMRAM 000001
___wmul@product                    cstackCOMRAM 000005
___xxtofl                          text54       001A52
___xxtofl@arg                      cstackCOMRAM 00000B
___xxtofl@exp                      cstackCOMRAM 00000A
___xxtofl@sign                     cstackCOMRAM 000009
___xxtofl@val                      cstackCOMRAM 000001
__accesstop                        (abs)        000060
__activetblptr                     (abs)        000002
__end_of_UART_init                 text67       003314
__end_of_UART_printf               text34       0034A0
__end_of_UART_read                 text39       00354E
__end_of_UART_write                text38       003A7C
__end_of___aldiv                   text68       0029C2
__end_of___aodiv                   text29       001F1E
__end_of___aomod                   text28       0024F0
__end_of___awdiv                   text15       002E04
__end_of___awmod                   text14       003024
__end_of___fldiv                   text57       00129E
__end_of___flmul                   text56       000F04
__end_of___fltol                   text55       002AC8
__end_of___lmul                    text53       00337E
__end_of___wmul                    text58       0039D0
__end_of___xxtofl                  text54       001C06
__end_of__initialization           cinit        0034EC
__end_of_abs                       text27       003764
__end_of_asignarHorarios           text36       00278A
__end_of_asignarSetPoint           text35       002BB0
__end_of_atoi                      text30       001D96
__end_of_bh1750_escribir           text62       003A66
__end_of_bh1750_iniciar            text61       003AA8
__end_of_bh1750_leer               text6        002EC0
__end_of_configPwm                 text60       003692
__end_of_convertirDato             text49       003A16
__end_of_dameDatosSistema          text16       0015BA
__end_of_dameDiaActual             text45       003AB8
__end_of_dameHoraActual            text44       003980
__end_of_dameValorLux              text5        0036E0
__end_of_desbordamiento            intcode_body 003442
__end_of_dtoa                      text21       00189E
__end_of_escribeHorariosMemoria    text40       002646
__end_of_escribe_eeprom            text41       003926
__end_of_escribe_rtc               text13       003A34
__end_of_fijaDiaRtc                text11       003856
__end_of_fijaHoraRtc               text10       0037E2
__end_of_fputc                     text25       002C7A
__end_of_fputs                     text24       003724
__end_of_getValue                  text37       0005CA
__end_of_horaIluminar              text43       003138
__end_of_i2c_detener               text65       003AEC
__end_of_i2c_envia_dato            text64       003AD4
__end_of_i2c_espera                text66       0039F6
__end_of_i2c_inicia_com            text63       003AE4
__end_of_i2c_iniciar               text59       003A92
__end_of_i2c_recibe_dato           text48       003A4E
__end_of_i2c_recibe_datoACK        text7        003954
__end_of_i2c_reinicia_com          text47       003ADC
__end_of_inicializarObjetos        text50       00221E
__end_of_isdigit                   text32       00388E
__end_of_isspace                   text31       0035F2
__end_of_leeHorariosMemoria        text8        00238C
__end_of_leer_eeprom               text9        00381E
__end_of_leer_rtc                  text46       0039AA
__end_of_limpiarBuffer             text33       0037A4
__end_of_main                      text0        0030B4
__end_of_map                       text52       003232
__end_of_mostrarDatosSensores      text4        003642
__end_of_pad                       text22       002D40
__end_of_putch                     text26       003AEE
__end_of_pwmDuty                   text51       001A52
__end_of_setRtc                    text12       0032A4
__end_of_setRtcDefault             text3        0038F6
__end_of_setTiempoIluminar         text2        0031B8
__end_of_sistemaIluminado          text42       0028B6
__end_of_sistemaPrincipal          text1        002F74
__end_of_sprintf                   text17       0035A0
__end_of_stoa                      text20       0020A4
__end_of_strlen                    text23       0038C4
__end_of_vfpfcnvrt                 text19       000ADA
__end_of_vfprintf                  text18       0033E0
__initialization                   cinit        0034A0
__mediumconst                      mediumconst  007C88
__pbssBANK0                        bssBANK0     0000A6
__pbssBANK1                        bssBANK1     000100
__pbssBIGRAM                       bssBIGRAM    000184
__pcinit                           cinit        0034A0
__pcstackBANK0                     cstackBANK0  000060
__pcstackCOMRAM                    cstackCOMRAM 000001
__pdataBANK0                       dataBANK0    0000D8
__pidataBANK0                      idataBANK0   003AB8
__pintcode                         intcode      000008
__pintcode_body                    intcode_body 0033E0
__pmediumconst                     mediumconst  007C88
__ptext0                           text0        003024
__ptext1                           text1        002EC0
__ptext10                          text10       0037A4
__ptext11                          text11       00381E
__ptext12                          text12       003232
__ptext13                          text13       003A16
__ptext14                          text14       002F74
__ptext15                          text15       002D40
__ptext16                          text16       00129E
__ptext17                          text17       00354E
__ptext18                          text18       00337E
__ptext19                          text19       0005CA
__ptext2                           text2        003138
__ptext20                          text20       001F1E
__ptext21                          text21       0015BA
__ptext22                          text22       002C7A
__ptext23                          text23       00388E
__ptext24                          text24       0036E0
__ptext25                          text25       002BB0
__ptext26                          text26       003AEC
__ptext27                          text27       003724
__ptext28                          text28       00238C
__ptext29                          text29       001D96
__ptext3                           text3        0038C4
__ptext30                          text30       001C06
__ptext31                          text31       0035A0
__ptext32                          text32       003856
__ptext33                          text33       003764
__ptext34                          text34       003442
__ptext35                          text35       002AC8
__ptext36                          text36       002646
__ptext37                          text37       000012
__ptext38                          text38       003A66
__ptext39                          text39       0034FA
__ptext4                           text4        0035F2
__ptext40                          text40       0024F0
__ptext41                          text41       0038F6
__ptext42                          text42       00278A
__ptext43                          text43       0030B4
__ptext44                          text44       003954
__ptext45                          text45       003AA8
__ptext46                          text46       003980
__ptext47                          text47       003AD4
__ptext48                          text48       003A34
__ptext49                          text49       0039F6
__ptext5                           text5        003692
__ptext50                          text50       0020A4
__ptext51                          text51       00189E
__ptext52                          text52       0031B8
__ptext53                          text53       003314
__ptext54                          text54       001A52
__ptext55                          text55       0029C2
__ptext56                          text56       000ADA
__ptext57                          text57       000F04
__ptext58                          text58       0039AA
__ptext59                          text59       003A7C
__ptext6                           text6        002E04
__ptext60                          text60       003642
__ptext61                          text61       003A92
__ptext62                          text62       003A4E
__ptext63                          text63       003ADC
__ptext64                          text64       003AC8
__ptext65                          text65       003AE4
__ptext66                          text66       0039D0
__ptext67                          text67       0032A4
__ptext68                          text68       0028B6
__ptext7                           text7        003926
__ptext8                           text8        00221E
__ptext9                           text9        0037E2
__ramtop                           ramtop       000800
__size_of_UART_init                (abs)        000000
__size_of_UART_printf              (abs)        000000
__size_of_UART_read                (abs)        000000
__size_of_UART_write               (abs)        000000
__size_of___aldiv                  (abs)        000000
__size_of___aodiv                  (abs)        000000
__size_of___aomod                  (abs)        000000
__size_of___awdiv                  (abs)        000000
__size_of___awmod                  (abs)        000000
__size_of___fldiv                  (abs)        000000
__size_of___flmul                  (abs)        000000
__size_of___fltol                  (abs)        000000
__size_of___lmul                   (abs)        000000
__size_of___wmul                   (abs)        000000
__size_of___xxtofl                 (abs)        000000
__size_of_abs                      (abs)        000000
__size_of_asignarHorarios          (abs)        000000
__size_of_asignarSetPoint          (abs)        000000
__size_of_atoi                     (abs)        000000
__size_of_bh1750_escribir          (abs)        000000
__size_of_bh1750_iniciar           (abs)        000000
__size_of_bh1750_leer              (abs)        000000
__size_of_configPwm                (abs)        000000
__size_of_convertirDato            (abs)        000000
__size_of_dameDatosSistema         (abs)        000000
__size_of_dameDiaActual            (abs)        000000
__size_of_dameHoraActual           (abs)        000000
__size_of_dameValorLux             (abs)        000000
__size_of_desbordamiento           (abs)        000000
__size_of_dtoa                     (abs)        000000
__size_of_escribeHorariosMemoria   (abs)        000000
__size_of_escribe_eeprom           (abs)        000000
__size_of_escribe_rtc              (abs)        000000
__size_of_fijaDiaRtc               (abs)        000000
__size_of_fijaHoraRtc              (abs)        000000
__size_of_fputc                    (abs)        000000
__size_of_fputs                    (abs)        000000
__size_of_getValue                 (abs)        000000
__size_of_horaIluminar             (abs)        000000
__size_of_i2c_detener              (abs)        000000
__size_of_i2c_envia_dato           (abs)        000000
__size_of_i2c_espera               (abs)        000000
__size_of_i2c_inicia_com           (abs)        000000
__size_of_i2c_iniciar              (abs)        000000
__size_of_i2c_recibe_dato          (abs)        000000
__size_of_i2c_recibe_datoACK       (abs)        000000
__size_of_i2c_reinicia_com         (abs)        000000
__size_of_inicializarObjetos       (abs)        000000
__size_of_isdigit                  (abs)        000000
__size_of_isspace                  (abs)        000000
__size_of_leeHorariosMemoria       (abs)        000000
__size_of_leer_eeprom              (abs)        000000
__size_of_leer_rtc                 (abs)        000000
__size_of_limpiarBuffer            (abs)        000000
__size_of_main                     (abs)        000000
__size_of_map                      (abs)        000000
__size_of_mostrarDatosSensores     (abs)        000000
__size_of_pad                      (abs)        000000
__size_of_putch                    (abs)        000000
__size_of_pwmDuty                  (abs)        000000
__size_of_setRtc                   (abs)        000000
__size_of_setRtcDefault            (abs)        000000
__size_of_setTiempoIluminar        (abs)        000000
__size_of_sistemaIluminado         (abs)        000000
__size_of_sistemaPrincipal         (abs)        000000
__size_of_sprintf                  (abs)        000000
__size_of_stoa                     (abs)        000000
__size_of_strlen                   (abs)        000000
__size_of_vfpfcnvrt                (abs)        000000
__size_of_vfprintf                 (abs)        000000
__smallconst                       smallconst   000000
_abs                               text27       003724
_asignarHorarios                   text36       002646
_asignarSetPoint                   text35       002AC8
_asignarSetPoint$1637              cstackCOMRAM 000023
_atoi                              text30       001C06
_atoi$1290                         cstackCOMRAM 000010
_atoi$1291                         cstackCOMRAM 000014
_atoi$1292                         cstackCOMRAM 000012
_bh1750_escribir                   text62       003A4E
_bh1750_iniciar                    text61       003A92
_bh1750_leer                       text6        002E04
_buffer                            bssBANK1     000132
_buffer2                           bssBANK1     000100
_byteUart                          bssBANK0     0000D6
_configPwm                         text60       003642
_contInterrupciones                bssBANK0     0000C6
_convertirDato                     text49       0039F6
_dameDatosSistema                  text16       00129E
_dameDatosSistema$1633             cstackBANK0  00009A
_dameDatosSistema$1634             cstackBANK0  00009C
_dameDatosSistema$1635             cstackBANK0  00009E
_dameDatosSistema$1636             cstackBANK0  0000A0
_dameDiaActual                     text45       003AA8
_dameHoraActual                    text44       003954
_dameValorLux                      text5        003692
_datoRecibido                      bssBANK0     0000CE
_dbuf                              bssBANK1     000164
_desbordamiento                    intcode      000008
_diaActual                         bssBANK0     0000CF
_dtoa                              text21       0015BA
_dtoa$805                          cstackCOMRAM 00002E
_escribeHorariosMemoria            text40       0024F0
_escribe_eeprom                    text41       0038F6
_escribe_rtc                       text13       003A16
_esperaDatoConcluida               bssBANK0     0000D5
_esperandoDatos                    bssBANK0     0000D4
_fijaDiaRtc                        text11       00381E
_fijaHoraRtc                       text10       0037A4
_flagIluminado                     bssBANK0     0000CB
_flags                             bssBANK0     0000C0
_fputc                             text25       002BB0
_fputs                             text24       0036E0
_getValue                          text37       000012
_hora                              bssBANK0     0000D2
_horaIluminar                      text43       0030B4
_horaIluminar$591                  cstackCOMRAM 000006
_horarios                          bssBIGRAM    000184
_i2c_detener                       text65       003AE4
_i2c_envia_dato                    text64       003AC8
_i2c_espera                        text66       0039D0
_i2c_inicia_com                    text63       003ADC
_i2c_iniciar                       text59       003A7C
_i2c_recibe_dato                   text48       003A34
_i2c_recibe_datoACK                text7        003926
_i2c_reinicia_com                  text47       003AD4
_iluminando                        bssBANK0     0000CA
_inicializarObjetos                text50       0020A4
_isdigit                           text32       003856
_isspace                           text31       0035A0
_isspace$1308                      cstackCOMRAM 000007
_leeHorariosMemoria                text8        00221E
_leer_eeprom                       text9        0037E2
_leer_rtc                          text46       003980
_limpiarBuffer                     text33       003764
_luzMedida                         bssBANK0     0000B6
_main                              text0        003024
_map                               text52       0031B8
_minutos                           bssBANK0     0000D1
_minutosIluminar                   bssBANK0     0000C4
_minutosTranscurridos              bssBANK0     0000C2
_mostrarDatosSensores              text4        0035F2
_nout                              bssBANK0     0000BA
_overflowTimer                     bssBANK0     0000CD
_pad                               text22       002C7A
_peticionLecturaSensores           bssBANK0     0000C8
_prec                              bssBANK0     0000BE
_putch                             text26       003AEC
_pwmDuty                           text51       00189E
_reiniciarPID                      bssBANK0     0000D3
_segundos                          bssBANK0     0000D0
_setPoint                          dataBANK0    0000DF
_setPointIntro                     bssBANK0     0000C9
_setRtc                            text12       003232
_setRtcDefault                     text3        0038C4
_setTiempoIluminar                 text2        003138
_sistemaIluminado                  text42       00278A
_sistemaPrincipal                  text1        002EC0
_sprintf                           text17       00354E
_stoa                              text20       001F1E
_strlen                            text23       00388E
_tempHora                          bssBANK0     0000CC
_tiempoInactividadTrans            bssBANK0     0000D7
_vfpfcnvrt                         text19       0005CA
_vfpfcnvrt$831                     cstackCOMRAM 000056
_vfpfcnvrt$832                     cstackCOMRAM 000058
_vfprintf                          text18       00337E
_width                             bssBANK0     0000BC
abs@a                              cstackCOMRAM 000013
asignarHorarios@Rx                 cstackCOMRAM 000029
asignarHorarios@diaIluminar        cstackCOMRAM 000027
asignarHorarios@hora               cstackCOMRAM 000028
asignarHorarios@i                  cstackCOMRAM 000025
asignarSetPoint@setPointTemp       cstackCOMRAM 000027
atoi@n                             cstackCOMRAM 000015
atoi@neg                           cstackCOMRAM 00000E
atoi@s                             cstackCOMRAM 000008
bh1750_escribir@comando            cstackCOMRAM 000003
bh1750_leer@hb                     cstackCOMRAM 000052
bh1750_leer@lb                     cstackCOMRAM 000051
bh1750_leer@valor                  cstackCOMRAM 000053
btemp                              temp         00005F
configPwm@channel                  cstackCOMRAM 000003
convertirDato@dato                 cstackCOMRAM 000002
convertirDato@datoR                cstackCOMRAM 000003
dameDatosSistema@bufferHorario     cstackBANK0  00007C
dameDatosSistema@i                 cstackBANK0  0000A2
dameValorLux@modo                  cstackBANK0  000060
dameValorLux@valorLux              cstackBANK0  000061
dtoa@d                             cstackCOMRAM 00001E
dtoa@fp                            cstackCOMRAM 00001C
dtoa@i                             cstackCOMRAM 00003E
dtoa@n                             cstackCOMRAM 000036
dtoa@p                             cstackCOMRAM 000030
dtoa@s                             cstackCOMRAM 000034
dtoa@w                             cstackCOMRAM 000032
end_of_initialization              cinit        0034EC
escribeHorariosMemoria@contMemoria cstackCOMRAM 00000F
escribeHorariosMemoria@i           cstackCOMRAM 000011
escribeHorariosMemoria@j           cstackCOMRAM 00000D
escribe_eeprom@dato                cstackCOMRAM 000009
escribe_eeprom@direccion           cstackCOMRAM 000007
escribe_rtc@dato                   cstackCOMRAM 000003
escribe_rtc@direccion              cstackCOMRAM 000004
fputc@c                            cstackCOMRAM 000001
fputc@fp                           cstackCOMRAM 000003
fputs@c                            cstackCOMRAM 00000E
fputs@fp                           cstackCOMRAM 00000C
fputs@i                            cstackCOMRAM 00000F
fputs@s                            cstackCOMRAM 00000A
getValue@Rx                        cstackCOMRAM 000022
getValue@dato                      cstackCOMRAM 00001E
getValue@datoIncorrecto            cstackCOMRAM 000015
getValue@i                         cstackCOMRAM 000016
getValue@i_701                     cstackCOMRAM 000018
getValue@i_702                     cstackCOMRAM 00001A
getValue@i_703                     cstackCOMRAM 00001C
getValue@numCharacters             cstackCOMRAM 00000D
i2c_envia_dato@dato                cstackCOMRAM 000002
i2c_recibe_dato@datoleido          cstackCOMRAM 000002
i2c_recibe_datoACK@a               cstackCOMRAM 000002
i2c_recibe_datoACK@datoleido       cstackCOMRAM 000003
inicializarObjetos@i               cstackCOMRAM 00005D
inicializarObjetos@i_594           cstackCOMRAM 00005B
inicializarObjetos@j               cstackCOMRAM 000059
int$flags                          temp         00005F
int_func                           intcode_body 0033E0
intlevel0                          text         000000
intlevel1                          text         000000
intlevel2                          text         000000
intlevel3                          text         000000
isdigit@c                          cstackCOMRAM 000001
isspace@c                          cstackCOMRAM 000001
leeHorariosMemoria@caracterLeido   cstackCOMRAM 000009
leeHorariosMemoria@contMemoria     cstackCOMRAM 00000C
leeHorariosMemoria@i               cstackCOMRAM 00000E
leeHorariosMemoria@j               cstackCOMRAM 00000A
leer_eeprom@dato                   cstackCOMRAM 000006
leer_eeprom@direccion              cstackCOMRAM 000003
leer_rtc@dato                      cstackCOMRAM 000004
leer_rtc@direccion                 cstackCOMRAM 000003
limpiarBuffer@i                    cstackCOMRAM 000001
map@in_max                         cstackCOMRAM 000023
map@in_min                         cstackCOMRAM 00001F
map@out_max                        cstackCOMRAM 00002B
map@out_min                        cstackCOMRAM 000027
map@x                              cstackCOMRAM 00001B
pad@buf                            cstackCOMRAM 000013
pad@fp                             cstackCOMRAM 000011
pad@i                              cstackCOMRAM 000018
pad@p                              cstackCOMRAM 000015
pad@w                              cstackCOMRAM 00001A
pwmDuty@channel                    cstackCOMRAM 00004D
pwmDuty@cicloTrabajo               cstackCOMRAM 00004B
pwmDuty@duty                       cstackCOMRAM 000053
setRtc@dato                        cstackCOMRAM 000026
setRtc@datoRtc                     cstackCOMRAM 000025
setRtc@direccion                   cstackCOMRAM 000023
setRtc@seteado                     cstackCOMRAM 000024
setRtcDefault@horaRtc              cstackCOMRAM 000005
setTiempoIluminar@hora             cstackCOMRAM 000025
setTiempoIluminar@tiempoIluminar   cstackCOMRAM 000024
sistemaPrincipal@opcion            cstackCOMRAM 00005E
sprintf@ap                         cstackBANK0  000074
sprintf@f                          cstackBANK0  000076
sprintf@fmt                        cstackBANK0  000068
sprintf@s                          cstackBANK0  000066
stackhi                            (abs)        0007FF
stacklo                            (abs)        0002A4
start                              init         00000E
start_initialization               cinit        0034A0
stoa@F1139                         dataBANK0    0000D8
stoa@cp                            cstackCOMRAM 00001A
stoa@fp                            cstackCOMRAM 00000A
stoa@i                             cstackCOMRAM 000016
stoa@l                             cstackCOMRAM 00001E
stoa@nuls                          cstackCOMRAM 00000F
stoa@p                             cstackCOMRAM 00001C
stoa@s                             cstackCOMRAM 00000C
stoa@w                             cstackCOMRAM 000018
strlen@a                           cstackCOMRAM 000003
strlen@s                           cstackCOMRAM 000001
ttemp5                             temp         000060
ttemp6                             temp         000063
ttemp7                             temp         000067
vfpfcnvrt@ap                       cstackCOMRAM 000044
vfpfcnvrt@cp                       cstackCOMRAM 000052
vfpfcnvrt@done                     cstackCOMRAM 000054
vfpfcnvrt@fmt                      cstackCOMRAM 000042
vfpfcnvrt@fp                       cstackCOMRAM 000040
vfpfcnvrt@ll                       cstackCOMRAM 00004A
vfprintf@ap                        cstackBANK0  000064
vfprintf@cfmt                      cstackCOMRAM 00005A
vfprintf@fmt                       cstackBANK0  000062
vfprintf@fp                        cstackBANK0  000060
wtemp8                             temp         000060


FUNCTION INFORMATION:

 *************** function _main *****************
 Defined at:
		line 42 in file "main.c"
 Parameters:    Size  Location     Type
		None
 Auto vars:     Size  Location     Type
		None
 Return value:  Size  Location     Type
                  1    wreg      void 
 Registers used:
		wreg, fsr1l, fsr1h, fsr2l, fsr2h, status,2, status,0, tblptrl, tblptrh, tblptru, prodl, prodh, cstack
 Tracked objects:
		On entry : 
		On exit  : 
		Unchanged: 
 Data sizes:     COMRAM   BANK0   BANK1   BANK2   BANK3   BANK4   BANK5   BANK6   BANK7
      Params:         0       0       0       0       0       0       0       0       0
      Locals:         0       0       0       0       0       0       0       0       0
      Temps:          0       0       0       0       0       0       0       0       0
      Totals:         0       0       0       0       0       0       0       0       0
Total ram usage:        0 bytes
 Hardware stack levels required when called:   11
 This function calls:
		_UART_init
		_UART_printf
		_bh1750_iniciar
		_configPwm
		_i2c_iniciar
		_inicializarObjetos
		_sistemaIluminado
		_sistemaPrincipal
 This function is called by:
		Startup code after reset
 This function uses a non-reentrant model


 *************** function _sistemaPrincipal *****************
 Defined at:
		line 375 in file "./AUTOMATIZADOR.h"
 Parameters:    Size  Location     Type
  opcion          1    wreg     unsigned char 
 Auto vars:     Size  Location     Type
  opcion          1   93[COMRAM] unsigned char 
 Return value:  Size  Location     Type
                  1    wreg      void 
 Registers used:
		wreg, fsr1l, fsr1h, fsr2l, fsr2h, status,2, status,0, tblptrl, tblptrh, tblptru, prodl, prodh, cstack
 Tracked objects:
		On entry : 
		On exit  : 
		Unchanged: 
 Data sizes:     COMRAM   BANK0   BANK1   BANK2   BANK3   BANK4   BANK5   BANK6   BANK7
      Params:         0       0       0       0       0       0       0       0       0
      Locals:         1       0       0       0       0       0       0       0       0
      Temps:          0       2       0       0       0       0       0       0       0
      Totals:         1       2       0       0       0       0       0       0       0
Total ram usage:        3 bytes
 Hardware stack levels used:    1
 Hardware stack levels required when called:   10
 This function calls:
		_asignarHorarios
		_asignarSetPoint
		_dameDatosSistema
		_fijaDiaRtc
		_fijaHoraRtc
		_leeHorariosMemoria
		_mostrarDatosSensores
		_setRtcDefault
		_setTiempoIluminar
 This function is called by:
		_main
 This function uses a non-reentrant model


 *************** function _setTiempoIluminar *****************
 Defined at:
		line 327 in file "./AUTOMATIZADOR.h"
 Parameters:    Size  Location     Type
		None
 Auto vars:     Size  Location     Type
  hora            1   36[COMRAM] unsigned char 
  tiempoIlumin    1   35[COMRAM] unsigned char 
 Return value:  Size  Location     Type
                  1    wreg      void 
 Registers used:
		wreg, fsr2l, fsr2h, status,2, status,0, prodl, prodh, cstack
 Tracked objects:
		On entry : 
		On exit  : 
		Unchanged: 
 Data sizes:     COMRAM   BANK0   BANK1   BANK2   BANK3   BANK4   BANK5   BANK6   BANK7
      Params:         0       0       0       0       0       0       0       0       0
      Locals:         2       0       0       0       0       0       0       0       0
      Temps:          1       0       0       0       0       0       0       0       0
      Totals:         3       0       0       0       0       0       0       0       0
Total ram usage:        3 bytes
 Hardware stack levels used:    1
 Hardware stack levels required when called:    5
 This function calls:
		_UART_write
		_escribeHorariosMemoria
		_getValue
 This function is called by:
		_sistemaPrincipal
 This function uses a non-reentrant model


 *************** function _setRtcDefault *****************
 Defined at:
		line 228 in file "./AUTOMATIZADOR.h"
 Parameters:    Size  Location     Type
		None
 Auto vars:     Size  Location     Type
  horaRtc         1    4[COMRAM] unsigned char 
 Return value:  Size  Location     Type
                  1    wreg      void 
 Registers used:
		wreg, fsr1l, fsr1h, status,2, status,0, tblptrl, tblptrh, tblptru, cstack
 Tracked objects:
		On entry : 
		On exit  : 
		Unchanged: 
 Data sizes:     COMRAM   BANK0   BANK1   BANK2   BANK3   BANK4   BANK5   BANK6   BANK7
      Params:         0       0       0       0       0       0       0       0       0
      Locals:         1       0       0       0       0       0       0       0       0
      Temps:          0       0       0       0       0       0       0       0       0
      Totals:         1       0       0       0       0       0       0       0       0
Total ram usage:        1 bytes
 Hardware stack levels used:    1
 Hardware stack levels required when called:    4
 This function calls:
		_UART_printf
		_escribe_rtc
 This function is called by:
		_sistemaPrincipal
 This function uses a non-reentrant model


 *************** function _mostrarDatosSensores *****************
 Defined at:
		line 554 in file "./AUTOMATIZADOR.h"
 Parameters:    Size  Location     Type
		None
 Auto vars:     Size  Location     Type
		None
 Return value:  Size  Location     Type
                  1    wreg      void 
 Registers used:
		wreg, fsr1l, fsr1h, fsr2l, fsr2h, status,2, status,0, tblptrl, tblptrh, tblptru, prodl, prodh, cstack
 Tracked objects:
		On entry : 
		On exit  : 
		Unchanged: 
 Data sizes:     COMRAM   BANK0   BANK1   BANK2   BANK3   BANK4   BANK5   BANK6   BANK7
      Params:         0       0       0       0       0       0       0       0       0
      Locals:         0       0       0       0       0       0       0       0       0
      Temps:          0       0       0       0       0       0       0       0       0
      Totals:         0       0       0       0       0       0       0       0       0
Total ram usage:        0 bytes
 Hardware stack levels used:    1
 Hardware stack levels required when called:    9
 This function calls:
		_UART_printf
		_UART_write
		_dameValorLux
		_sprintf
 This function is called by:
		_sistemaPrincipal
 This function uses a non-reentrant model


 *************** function _dameValorLux *****************
 Defined at:
		line 56 in file "./bh1750.h"
 Parameters:    Size  Location     Type
  modo            1    wreg     unsigned char 
 Auto vars:     Size  Location     Type
  modo            1    0[BANK0 ] unsigned char 
  valorLux        4    1[BANK0 ] unsigned long 
 Return value:  Size  Location     Type
                  4   86[COMRAM] unsigned long 
 Registers used:
		wreg, status,2, status,0, cstack
 Tracked objects:
		On entry : 
		On exit  : 
		Unchanged: 
 Data sizes:     COMRAM   BANK0   BANK1   BANK2   BANK3   BANK4   BANK5   BANK6   BANK7
      Params:         4       0       0       0       0       0       0       0       0
      Locals:         0       5       0       0       0       0       0       0       0
      Temps:          1       0       0       0       0       0       0       0       0
      Totals:         5       5       0       0       0       0       0       0       0
Total ram usage:       10 bytes
 Hardware stack levels used:    1
 Hardware stack levels required when called:    4
 This function calls:
		_bh1750_escribir
		_bh1750_leer
 This function is called by:
		_mostrarDatosSensores
 This function uses a non-reentrant model


 *************** function _bh1750_leer *****************
 Defined at:
		line 39 in file "./bh1750.h"
 Parameters:    Size  Location     Type
		None
 Auto vars:     Size  Location     Type
  valor           4   82[COMRAM] unsigned long 
  hb              1   81[COMRAM] unsigned char 
  lb              1   80[COMRAM] unsigned char 
 Return value:  Size  Location     Type
                  4   74[COMRAM] unsigned long 
 Registers used:
		wreg, status,2, status,0, cstack
 Tracked objects:
		On entry : 
		On exit  : 
		Unchanged: 
 Data sizes:     COMRAM   BANK0   BANK1   BANK2   BANK3   BANK4   BANK5   BANK6   BANK7
      Params:         4       0       0       0       0       0       0       0       0
      Locals:         6       0       0       0       0       0       0       0       0
      Temps:          2       0       0       0       0       0       0       0       0
      Totals:        12       0       0       0       0       0       0       0       0
Total ram usage:       12 bytes
 Hardware stack levels used:    1
 Hardware stack levels required when called:    3
 This function calls:
		___fldiv
		___fltol
		___xxtofl
		_i2c_detener
		_i2c_envia_dato
		_i2c_inicia_com
		_i2c_recibe_datoACK
 This function is called by:
		_dameValorLux
 This function uses a non-reentrant model


 *************** function _i2c_recibe_datoACK *****************
 Defined at:
		line 103 in file "./I2C.h"
 Parameters:    Size  Location     Type
  a               1    wreg     unsigned char 
 Auto vars:     Size  Location     Type
  a               1    1[COMRAM] unsigned char 
  datoleido       1    2[COMRAM] unsigned char 
 Return value:  Size  Location     Type
                  1    wreg      unsigned char 
 Registers used:
		wreg, status,2, status,0, cstack
 Tracked objects:
		On entry : 
		On exit  : 
		Unchanged: 
 Data sizes:     COMRAM   BANK0   BANK1   BANK2   BANK3   BANK4   BANK5   BANK6   BANK7
      Params:         0       0       0       0       0       0       0       0       0
      Locals:         2       0       0       0       0       0       0       0       0
      Temps:          0       0       0       0       0       0       0       0       0
      Totals:         2       0       0       0       0       0       0       0       0
Total ram usage:        2 bytes
 Hardware stack levels used:    1
 Hardware stack levels required when called:    2
 This function calls:
		_i2c_espera
 This function is called by:
		_bh1750_leer
 This function uses a non-reentrant model


 *************** function _leeHorariosMemoria *****************
 Defined at:
		line 197 in file "./AUTOMATIZADOR.h"
 Parameters:    Size  Location     Type
		None
 Auto vars:     Size  Location     Type
  j               2    9[COMRAM] int 
[...]
 Defined at:
		line 13 in file "./I2C.h"
 Parameters:    Size  Location     Type
		None
 Auto vars:     Size  Location     Type
		None
 Return value:  Size  Location     Type
                  1    wreg      void 
 Registers used:
		wreg, status,2
 Tracked objects:
		On entry : 
		On exit  : 
		Unchanged: 
 Data sizes:     COMRAM   BANK0   BANK1   BANK2   BANK3   BANK4   BANK5   BANK6   BANK7
      Params:         0       0       0       0       0       0       0       0       0
      Locals:         0       0       0       0       0       0       0       0       0
      Temps:          0       0       0       0       0       0       0       0       0
      Totals:         0       0       0       0       0       0       0       0       0
Total ram usage:        0 bytes
 Hardware stack levels used:    1
 Hardware stack levels required when called:    1
 This function calls:
		Nothing
 This function is called by:
		_main
 This function uses a non-reentrant model


 *************** function _configPwm *****************
 Defined at:
		line 47 in file "./pwm.h"
 Parameters:    Size  Location     Type
  channel         1    wreg     unsigned char 
 Auto vars:     Size  Location     Type
  channel         1    2[COMRAM] unsigned char 
 Return value:  Size  Location     Type
                  1    wreg      void 
 Registers used:
		wreg, status,2, status,0
 Tracked objects:
		On entry : 
		On exit  : 
		Unchanged: 
 Data sizes:     COMRAM   BANK0   BANK1   BANK2   BANK3   BANK4   BANK5   BANK6   BANK7
      Params:         0       0       0       0       0       0       0       0       0
      Locals:         1       0       0       0       0       0       0       0       0
      Temps:          2       0       0       0       0       0       0       0       0
      Totals:         3       0       0       0       0       0       0       0       0
Total ram usage:        3 bytes
 Hardware stack levels used:    1
 Hardware stack levels required when called:    1
 This function calls:
		Nothing
 This function is called by:
		_main
 This function uses a non-reentrant model


 *************** function _bh1750_iniciar *****************
 Defined at:
		line 27 in file "./bh1750.h"
 Parameters:    Size  Location     Type
		None
 Auto vars:     Size  Location     Type
		None
 Return value:  Size  Location     Type
                  1    wreg      void 
 Registers used:
		wreg, status,2, status,0, cstack
 Tracked objects:
		On entry : 
		On exit  : 
		Unchanged: 
 Data sizes:     COMRAM   BANK0   BANK1   BANK2   BANK3   BANK4   BANK5   BANK6   BANK7
      Params:         0       0       0       0       0       0       0       0       0
      Locals:         0       0       0       0       0       0       0       0       0
      Temps:          1       0       0       0       0       0       0       0       0
      Totals:         1       0       0       0       0       0       0       0       0
Total ram usage:        1 bytes
 Hardware stack levels used:    1
 Hardware stack levels required when called:    4
 This function calls:
		_bh1750_escribir
 This function is called by:
		_main
 This function uses a non-reentrant model


 *************** function _bh1750_escribir *****************
 Defined at:
		line 32 in file "./bh1750.h"
 Parameters:    Size  Location     Type
  comando         1    wreg     unsigned char 
 Auto vars:     Size  Location     Type
  comando         1    2[COMRAM] unsigned char 
 Return value:  Size  Location     Type
                  1    wreg      void 
 Registers used:
		wreg, status,2, status,0, cstack
 Tracked objects:
		On entry : 
		On exit  : 
		Unchanged: 
 Data sizes:     COMRAM   BANK0   BANK1   BANK2   BANK3   BANK4   BANK5   BANK6   BANK7
      Params:         0       0       0       0       0       0       0       0       0
      Locals:         1       0       0       0       0       0       0       0       0
      Temps:          0       0       0       0       0       0       0       0       0
      Totals:         1       0       0       0       0       0       0       0       0
Total ram usage:        1 bytes
 Hardware stack levels used:    1
 Hardware stack levels required when called:    3
 This function calls:
		_i2c_detener
		_i2c_envia_dato
		_i2c_inicia_com
 This function is called by:
		_bh1750_iniciar
		_dameValorLux
 This function uses a non-reentrant model


 *************** function _i2c_inicia_com *****************
 Defined at:
		line 37 in file "./I2C.h"
 Parameters:    Size  Location     Type
		None
 Auto vars:     Size  Location     Type
		None
 Return value:  Size  Location     Type
                  1    wreg      void 
 Registers used:
		wreg, status,2, status,0, cstack
 Tracked objects:
		On entry : 
		On exit  : 
		Unchanged: 
 Data sizes:     COMRAM   BANK0   BANK1   BANK2   BANK3   BANK4   BANK5   BANK6   BANK7
      Params:         0       0       0       0       0       0       0       0       0
      Locals:         0       0       0       0       0       0       0       0       0
      Temps:          0       0       0       0       0       0       0       0       0
      Totals:         0       0       0       0       0       0       0       0       0
Total ram usage:        0 bytes
 Hardware stack levels used:    1
 Hardware stack levels required when called:    2
 This function calls:
		_i2c_espera
 This function is called by:
		_bh1750_escribir
		_bh1750_leer
		_escribe_rtc
		_leer_rtc
		_escribe_eeprom
		_leer_eeprom
 This function uses a non-reentrant model


 *************** function _i2c_envia_dato *****************
 Defined at:
		line 66 in file "./I2C.h"
 Parameters:    Size  Location     Type
  dato            1    wreg     unsigned char 
 Auto vars:     Size  Location     Type
  dato            1    1[COMRAM] unsigned char 
 Return value:  Size  Location     Type
                  1    wreg      unsigned char 
 Registers used:
		wreg, status,2, status,0, cstack
 Tracked objects:
		On entry : 
		On exit  : 
		Unchanged: 
 Data sizes:     COMRAM   BANK0   BANK1   BANK2   BANK3   BANK4   BANK5   BANK6   BANK7
      Params:         0       0       0       0       0       0       0       0       0
      Locals:         1       0       0       0       0       0       0       0       0
      Temps:          0       0       0       0       0       0       0       0       0
      Totals:         1       0       0       0       0       0       0       0       0
Total ram usage:        1 bytes
 Hardware stack levels used:    1
 Hardware stack levels required when called:    2
 This function calls:
		_i2c_espera
 This function is called by:
		_bh1750_escribir
		_bh1750_leer
		_escribe_rtc
		_leer_rtc
		_escribe_eeprom
		_leer_eeprom
 This function uses a non-reentrant model


 *************** function _i2c_detener *****************
 Defined at:
		line 55 in file "./I2C.h"
 Parameters:    Size  Location     Type
		None
 Auto vars:     Size  Location     Type
		None
 Return value:  Size  Location     Type
                  1    wreg      void 
 Registers used:
		wreg, status,2, status,0, cstack
 Tracked objects:
		On entry : 
		On exit  : 
		Unchanged: 
 Data sizes:     COMRAM   BANK0   BANK1   BANK2   BANK3   BANK4   BANK5   BANK6   BANK7
      Params:         0       0       0       0       0       0       0       0       0
      Locals:         0       0       0       0       0       0       0       0       0
      Temps:          0       0       0       0       0       0       0       0       0
      Totals:         0       0       0       0       0       0       0       0       0
Total ram usage:        0 bytes
 Hardware stack levels used:    1
 Hardware stack levels required when called:    2
 This function calls:
		_i2c_espera
 This function is called by:
		_bh1750_escribir
		_bh1750_leer
		_escribe_rtc
		_leer_rtc
		_escribe_eeprom
		_leer_eeprom
 This function uses a non-reentrant model


 *************** function _i2c_espera *****************
 Defined at:
		line 29 in file "./I2C.h"
 Parameters:    Size  Location     Type
		None
 Auto vars:     Size  Location     Type
		None
 Return value:  Size  Location     Type
                  1    wreg      void 
 Registers used:
		wreg, status,2, status,0
 Tracked objects:
		On entry : 
		On exit  : 
		Unchanged: 
 Data sizes:     COMRAM   BANK0   BANK1   BANK2   BANK3   BANK4   BANK5   BANK6   BANK7
      Params:         0       0       0       0       0       0       0       0       0
      Locals:         0       0       0       0       0       0       0       0       0
      Temps:          1       0       0       0       0       0       0       0       0
      Totals:         1       0       0       0       0       0       0       0       0
Total ram usage:        1 bytes
 Hardware stack levels used:    1
 Hardware stack levels required when called:    1
 This function calls:
		Nothing
 This function is called by:
		_i2c_inicia_com
		_i2c_reinicia_com
		_i2c_detener
		_i2c_envia_dato
		_i2c_recibe_dato
		_i2c_recibe_datoACK
 This function uses a non-reentrant model


 *************** function _UART_init *****************
 Defined at:
		line 12 in file "./UART.h"
 Parameters:    Size  Location     Type
  BAUD            4   26[COMRAM] long 
 Auto vars:     Size  Location     Type
  frecuenciaCr    4    0        long 
 Return value:  Size  Location     Type
                  1    wreg      void 
 Registers used:
		wreg, status,2, status,0, cstack
 Tracked objects:
		On entry : 
		On exit  : 
		Unchanged: 
 Data sizes:     COMRAM   BANK0   BANK1   BANK2   BANK3   BANK4   BANK5   BANK6   BANK7
      Params:         4       0       0       0       0       0       0       0       0
      Locals:         8       0       0       0       0       0       0       0       0
      Temps:          0       0       0       0       0       0       0       0       0
      Totals:        12       0       0       0       0       0       0       0       0
Total ram usage:       12 bytes
 Hardware stack levels used:    1
 Hardware stack levels required when called:    2
 This function calls:
		___aldiv
 This function is called by:
		_main
 This function uses a non-reentrant model


 *************** function ___aldiv *****************
 Defined at:
		line 7 in file "C:\Program Files (x86)\Microchip\xc8\v2.10\pic\sources\c99\common\aldiv.c"
 Parameters:    Size  Location     Type
  dividend        4   12[COMRAM] long 
  divisor         4   16[COMRAM] long 
 Auto vars:     Size  Location     Type
  quotient        4   22[COMRAM] long 
  sign            1   21[COMRAM] unsigned char 
  counter         1   20[COMRAM] unsigned char 
 Return value:  Size  Location     Type
                  4   12[COMRAM] long 
 Registers used:
		wreg, status,2, status,0
 Tracked objects:
		On entry : 
		On exit  : 
		Unchanged: 
 Data sizes:     COMRAM   BANK0   BANK1   BANK2   BANK3   BANK4   BANK5   BANK6   BANK7
      Params:         8       0       0       0       0       0       0       0       0
      Locals:         6       0       0       0       0       0       0       0       0
      Temps:          0       0       0       0       0       0       0       0       0
      Totals:        14       0       0       0       0       0       0       0       0
Total ram usage:       14 bytes
 Hardware stack levels used:    1
 Hardware stack levels required when called:    1
 This function calls:
		Nothing
 This function is called by:
		_UART_init
		_map
 This function uses a non-reentrant model


 *************** function _desbordamiento *****************
 Defined at:
		line 13 in file "main.c"
 Parameters:    Size  Location     Type
		None
 Auto vars:     Size  Location     Type
		None
 Return value:  Size  Location     Type
                  1    wreg      void 
 Registers used:
		wreg, status,2, status,0
 Tracked objects:
		On entry : 
		On exit  : 
		Unchanged: 
 Data sizes:     COMRAM   BANK0   BANK1   BANK2   BANK3   BANK4   BANK5   BANK6   BANK7
      Params:         0       0       0       0       0       0       0       0       0
      Locals:         0       0       0       0       0       0       0       0       0
      Temps:          0       0       0       0       0       0       0       0       0
      Totals:         0       0       0       0       0       0       0       0       0
Total ram usage:        0 bytes
 Hardware stack levels used:    1
 This function calls:
		Nothing
 This function is called by:
		Interrupt level 2
 This function uses a non-reentrant model



MODULE INFORMATION

Module		Function		Class		Link	Load	Size
./bh1750.h
		_dameValorLux  		CODE           	3692	0000	79
		_bh1750_leer   		CODE           	2E04	0000	189
		_bh1750_iniciar		CODE           	3A92	0000	23
		_bh1750_escribir		CODE           	3A4E	0000	25

./bh1750.h estimated size: 316

C:\Program Files (x86)\Microchip\xc8\v2.10\pic\sources\c99\common\atoi.c
		_atoi          		CODE           	1C06	0000	401

C:\Program Files (x86)\Microchip\xc8\v2.10\pic\sources\c99\common\atoi.c estimated size: 401

C:\Program Files (x86)\Microchip\xc8\v2.10\pic\sources\c99\common\Umul32.c
		___lmul        		CODE           	3314	0000	107

C:\Program Files (x86)\Microchip\xc8\v2.10\pic\sources\c99\common\Umul32.c estimated size: 107

C:\Program Files (x86)\Microchip\xc8\v2.10\pic\sources\c99\common\aodiv.c
		___aodiv       		CODE           	1D96	0000	393

C:\Program Files (x86)\Microchip\xc8\v2.10\pic\sources\c99\common\aodiv.c estimated size: 393

C:\Program Files (x86)\Microchip\xc8\v2.10\pic\sources\c99\common\xxtofl.c
		___xxtofl      		CODE           	1A52	0000	437

C:\Program Files (x86)\Microchip\xc8\v2.10\pic\sources\c99\common\xxtofl.c estimated size: 437

C:\Program Files (x86)\Microchip\xc8\v2.10\pic\sources\c99\common\awdiv.c
		___awdiv       		CODE           	2D40	0000	197

C:\Program Files (x86)\Microchip\xc8\v2.10\pic\sources\c99\common\awdiv.c estimated size: 197

C:\Program Files (x86)\Microchip\xc8\v2.10\pic\sources\c99\common\isspace.c
		_isspace       		CODE           	35A0	0000	83

C:\Program Files (x86)\Microchip\xc8\v2.10\pic\sources\c99\common\isspace.c estimated size: 83

C:\Program Files (x86)\Microchip\xc8\v2.10\pic\sources\c99\common\strlen.c
		_strlen        		CODE           	388E	0000	55

C:\Program Files (x86)\Microchip\xc8\v2.10\pic\sources\c99\common\strlen.c estimated size: 55

C:\Program Files (x86)\Microchip\xc8\v2.10\pic\sources\c99\common\fltol.c
		___fltol       		CODE           	29C2	0000	263

C:\Program Files (x86)\Microchip\xc8\v2.10\pic\sources\c99\common\fltol.c estimated size: 263

C:\Program Files (x86)\Microchip\xc8\v2.10\pic\sources\c99\common\aldiv.c
		___aldiv       		CODE           	28B6	0000	269

C:\Program Files (x86)\Microchip\xc8\v2.10\pic\sources\c99\common\aldiv.c estimated size: 269

C:\Program Files (x86)\Microchip\xc8\v2.10\pic\sources\c99\common\sprcmul.c
		___flmul       		CODE           	0ADA	0000	1067

C:\Program Files (x86)\Microchip\xc8\v2.10\pic\sources\c99\common\sprcmul.c estimated size: 1067

./UART.h
		_UART_read     		CODE           	34FA	0000	85
		_UART_init     		CODE           	32A4	0000	113
		_UART_printf   		CODE           	3442	0000	95
		_UART_write    		CODE           	3A66	0000	23

./UART.h estimated size: 316

C:\Program Files (x86)\Microchip\xc8\v2.10\pic\sources\c99\common\sprcdiv.c
		___fldiv       		CODE           	0F04	0000	923

C:\Program Files (x86)\Microchip\xc8\v2.10\pic\sources\c99\common\sprcdiv.c estimated size: 923

./AUTOMATIZADOR.h
		_mostrarDatosSensores		CODE           	35F2	0000	81
		_getValue      		CODE           	0012	0000	1465
		_horaIluminar  		CODE           	30B4	0000	133
		_inicializarObjetos		CODE           	20A4	0000	379
		_leer_eeprom   		CODE           	37E2	0000	61
		_sistemaPrincipal		CODE           	2EC0	0000	181
		_sistemaIluminado		CODE           	278A	0000	301
		_escribe_eeprom		CODE           	38F6	0000	49
		_asignarSetPoint		CODE           	2AC8	0000	233
		_asignarHorarios		CODE           	2646	0000	325
		_dameDiaActual 		CODE           	3AA8	0000	17
		_fijaHoraRtc   		CODE           	37A4	0000	63
		_leeHorariosMemoria		CODE           	221E	0000	367
		_escribeHorariosMemoria		CODE           	24F0	0000	343
		_setRtcDefault 		CODE           	38C4	0000	51
		_setRtc        		CODE           	3232	0000	115
		_dameDatosSistema		CODE           	129E	0000	797
		_limpiarBuffer 		CODE           	3764	0000	65
		_setTiempoIluminar		CODE           	3138	0000	129
		_dameHoraActual		CODE           	3954	0000	45
		_fijaDiaRtc    		CODE           	381E	0000	57

./AUTOMATIZADOR.h estimated size: 5257

./RTC.h
		_leer_rtc      		CODE           	3980	0000	43
		_convertirDato 		CODE           	39F6	0000	33
		_escribe_rtc   		CODE           	3A16	0000	31

./RTC.h estimated size: 107

C:\Program Files (x86)\Microchip\xc8\v2.10\pic\sources\c99\common\doprnt.c
		_vfpfcnvrt     		CODE           	05CA	0000	1297
		_pad           		CODE           	2C7A	0000	199
		_dtoa          		CODE           	15BA	0000	741
		_vfprintf      		CODE           	337E	0000	99
		_stoa          		CODE           	1F1E	0000	391

C:\Program Files (x86)\Microchip\xc8\v2.10\pic\sources\c99\common\doprnt.c estimated size: 2727

C:\Program Files (x86)\Microchip\xc8\v2.10\pic\sources\c99\common\nf_fputs.c
		_fputs         		CODE           	36E0	0000	69

C:\Program Files (x86)\Microchip\xc8\v2.10\pic\sources\c99\common\nf_fputs.c estimated size: 69

shared
		__initialization		CODE           	34A0	0000	77

shared estimated size: 77

C:\Program Files (x86)\Microchip\xc8\v2.10\pic\sources\c99\common\putch.c
		_putch         		CODE           	3AEC	0000	3

C:\Program Files (x86)\Microchip\xc8\v2.10\pic\sources\c99\common\putch.c estimated size: 3

C:\Program Files (x86)\Microchip\xc8\v2.10\pic\sources\c99\common\isdigit.c
		_isdigit       		CODE           	3856	0000	57

C:\Program Files (x86)\Microchip\xc8\v2.10\pic\sources\c99\common\isdigit.c estimated size: 57

C:\Program Files (x86)\Microchip\xc8\v2.10\pic\sources\c99\common\aomod.c
		___aomod       		CODE           	238C	0000	357

C:\Program Files (x86)\Microchip\xc8\v2.10\pic\sources\c99\common\aomod.c estimated size: 357

C:\Program Files (x86)\Microchip\xc8\v2.10\pic\sources\c99\common\abs.c
		_abs           		CODE           	3724	0000	65

C:\Program Files (x86)\Microchip\xc8\v2.10\pic\sources\c99\common\abs.c estimated size: 65

C:\Program Files (x86)\Microchip\xc8\v2.10\pic\sources\c99\common\nf_sprintf.c
		_sprintf       		CODE           	354E	0000	83

C:\Program Files (x86)\Microchip\xc8\v2.10\pic\sources\c99\common\nf_sprintf.c estimated size: 83

C:\Program Files (x86)\Microchip\xc8\v2.10\pic\sources\c99\common\Umul16.c
		___wmul        		CODE           	39AA	0000	39

C:\Program Files (x86)\Microchip\xc8\v2.10\pic\sources\c99\common\Umul16.c estimated size: 39

./I2C.h
		_i2c_inicia_com		CODE           	3ADC	0000	9
		_i2c_envia_dato		CODE           	3AC8	0000	13
		_i2c_recibe_datoACK		CODE           	3926	0000	47
		_i2c_reinicia_com		CODE           	3AD4	0000	9
		_i2c_detener   		CODE           	3AE4	0000	9
		_i2c_espera    		CODE           	39D0	0000	39
		_i2c_recibe_dato		CODE           	3A34	0000	27
		_i2c_iniciar   		CODE           	3A7C	0000	23

./I2C.h estimated size: 176

C:\Program Files (x86)\Microchip\xc8\v2.10\pic\sources\c99\common\awmod.c
		___awmod       		CODE           	2F74	0000	177

C:\Program Files (x86)\Microchip\xc8\v2.10\pic\sources\c99\common\awmod.c estimated size: 177

main.c
		_desbordamiento		CODE           	0008	0000	105
		_main          		CODE           	3024	0000	145

main.c estimated size: 250

./pwm.h
		_map           		CODE           	31B8	0000	123
		_configPwm     		CODE           	3642	0000	81
		_pwmDuty       		CODE           	189E	0000	437

./pwm.h estimated size: 641

C:\Program Files (x86)\Microchip\xc8\v2.10\pic\sources\c99\common\nf_fputc.c
		_fputc         		CODE           	2BB0	0000	203

C:\Program Files (x86)\Microchip\xc8\v2.10\pic\sources\c99\common\nf_fputc.c estimated size: 203

